../Core/Src/main.c:86:5:main	104	static
../Core/Src/main.c:203:6:SystemClock_Config	104	static
../Core/Src/main.c:263:6:PeriphCommonClock_Config	160	static
../Core/Src/main.c:290:13:MX_ADC1_Init	48	static
../Core/Src/main.c:357:13:MX_LPUART1_UART_Init	8	static
../Core/Src/main.c:405:13:MX_UART4_Init	8	static
../Core/Src/main.c:453:13:MX_USB_OTG_FS_PCD_Init	8	static
../Core/Src/main.c:487:13:MX_GPIO_Init	56	static
../Core/Src/main.c:574:6:StartDefaultTask	16	static
../Core/Src/main.c:589:6:Error_Handler	4	static,ignoring_inline_asm
