../Core/Src/main.cpp:71:5:int GetTicks()	4	static
../Core/Src/main.cpp:75:6:void HAL_UART_RxCpltCallback(UART_HandleTypeDef*)	16	static
../Core/Src/main.cpp:82:5:int read_gcode(char, gc_reader*, int*)	128	static
../Core/Src/main.cpp:105:6:void SetTMCSettings(uint8_t, uint16_t)	24	static
../Core/Src/main.cpp:130:6:void DelayMicrosecond(uint16_t)	16	static
../Core/Src/main.cpp:155:5:int main()	24	static
../Core/Src/main.cpp:265:6:void SystemClock_Config()	104	static
../Core/Src/main.cpp:319:6:void PeriphCommonClock_Config()	160	static
../Core/Src/main.cpp:348:6:void Error_Handler()	4	static,ignoring_inline_asm
../Core/Src/main.cpp:355:1:void __static_initialization_and_destruction_0(int, int)	16	static
../Core/Src/main.cpp:355:1:cpp)	8	static
