../Core/Src/MiniPID.cpp:17:1:MiniPID::MiniPID(double, double, double)	40	static
../Core/Src/MiniPID.cpp:21:1:MiniPID::MiniPID(double, double, double, double)	48	static
../Core/Src/MiniPID.cpp:25:6:void MiniPID::init()	16	static
../Core/Src/MiniPID.cpp:59:6:void MiniPID::setP(double)	24	static
../Core/Src/MiniPID.cpp:74:6:void MiniPID::setI(double)	24	static
../Core/Src/MiniPID.cpp:91:6:void MiniPID::setD(double)	24	static
../Core/Src/MiniPID.cpp:103:6:void MiniPID::setF(double)	24	static
../Core/Src/MiniPID.cpp:113:6:void MiniPID::setPID(double, double, double)	40	static
../Core/Src/MiniPID.cpp:118:6:void MiniPID::setPID(double, double, double, double)	48	static
../Core/Src/MiniPID.cpp:127:6:void MiniPID::setMaxIOutput(double)	24	static
../Core/Src/MiniPID.cpp:142:6:void MiniPID::setOutputLimits(double)	24	static
../Core/Src/MiniPID.cpp:149:6:void MiniPID::setOutputLimits(double, double)	40	static
../Core/Src/MiniPID.cpp:163:6:void MiniPID::setDirection(bool)	16	static
../Core/Src/MiniPID.cpp:174:6:void MiniPID::setSetpoint(double)	24	static
../Core/Src/MiniPID.cpp:184:8:double MiniPID::getOutput(double, double)	112	static
../Core/Src/MiniPID.cpp:277:8:double MiniPID::getOutput()	16	static
../Core/Src/MiniPID.cpp:286:8:double MiniPID::getOutput(double)	24	static
../Core/Src/MiniPID.cpp:293:6:void MiniPID::reset()	16	static
../Core/Src/MiniPID.cpp:301:6:void MiniPID::setOutputRampRate(double)	24	static
../Core/Src/MiniPID.cpp:311:6:void MiniPID::setSetpointRange(double)	24	static
../Core/Src/MiniPID.cpp:321:6:void MiniPID::setOutputFilter(double)	24	static
../Core/Src/MiniPID.cpp:338:8:double MiniPID::clamp(double, double, double)	40	static
../Core/Src/MiniPID.cpp:351:6:bool MiniPID::bounded(double, double, double)	40	static
../Core/Src/MiniPID.cpp:359:6:void MiniPID::checkSigns()	80	static
