../Drivers/CMSIS/Include/core_cm33.h:2845:26:ITM_SendChar	16	static,ignoring_inline_asm
../Core/Src/syscalls.c:45:6:initialise_monitor_handles	4	static
../Core/Src/syscalls.c:49:5:__io_putchar	16	static
../Core/Src/syscalls.c:56:5:_getpid	4	static
../Core/Src/syscalls.c:61:5:_kill	16	static
../Core/Src/syscalls.c:69:6:_exit	16	static
../Core/Src/syscalls.c:75:27:_read	32	static
../Core/Src/syscalls.c:88:27:_write	32	static
../Core/Src/syscalls.c:100:5:_close	16	static
../Core/Src/syscalls.c:107:5:_fstat	16	static
../Core/Src/syscalls.c:114:5:_isatty	16	static
../Core/Src/syscalls.c:120:5:_lseek	24	static
../Core/Src/syscalls.c:128:5:_open	12	static
../Core/Src/syscalls.c:136:5:_wait	16	static
../Core/Src/syscalls.c:143:5:_unlink	16	static
../Core/Src/syscalls.c:150:5:_times	16	static
../Core/Src/syscalls.c:156:5:_stat	16	static
../Core/Src/syscalls.c:163:5:_link	16	static
../Core/Src/syscalls.c:171:5:_fork	8	static
../Core/Src/syscalls.c:177:5:_execve	24	static
