../Core/Src/tim.c:35:6:MX_TIM1_Init	120	static
../Core/Src/tim.c:116:6:MX_TIM2_Init	48	static
../Core/Src/tim.c:164:6:MX_TIM3_Init	64	static
../Core/Src/tim.c:222:6:MX_TIM15_Init	120	static
../Core/Src/tim.c:293:6:MX_TIM16_Init	8	static
../Core/Src/tim.c:320:6:MX_TIM17_Init	88	static
../Core/Src/tim.c:378:6:HAL_TIM_Base_MspInit	40	static
../Core/Src/tim.c:438:6:HAL_TIM_PWM_MspInit	24	static
../Core/Src/tim.c:453:6:HAL_TIM_MspPostInit	56	static
../Core/Src/tim.c:567:6:HAL_TIM_Base_MspDeInit	16	static
../Core/Src/tim.c:627:6:HAL_TIM_PWM_MspDeInit	16	static
