../Core/Src/TMC2208.cpp:23:6:void sendWriteDatagram(UART_HandleTypeDef*, uint8_t, uint8_t*)	32	static
../Core/Src/TMC2208.cpp:39:9:uint8_t sendReadDatagram(UART_HandleTypeDef*, uint8_t, uint8_t*)	32	static
../Core/Src/TMC2208.cpp:59:9:uint8_t checkCRC(uint8_t*, int)	24	static
../Core/Src/TMC2208.cpp:69:6:void calcCRC(uint8_t*, uint8_t)	32	static
../Core/Src/TMC2208.cpp:87:10:uint32_t getRegVal(UART_HandleTypeDef*, uint8_t)	24	static
../Core/Src/TMC2208.cpp:95:6:void setRegVal(UART_HandleTypeDef*, uint8_t, uint32_t)	32	static
../Core/Src/TMC2208.cpp:104:9:uint8_t setRegValSafe(UART_HandleTypeDef*, uint8_t, uint32_t)	32	static
../Core/Src/TMC2208.cpp:112:6:void initTMC2208Registers(UART_HandleTypeDef*)	24	static
../Core/Src/TMC2208.cpp:117:9:uint8_t setRMSCurrent(UART_HandleTypeDef*, uint16_t, float, float)	56	static
../Core/Src/TMC2208.cpp:138:9:uint8_t setRMSCurrentDefault(UART_HandleTypeDef*, uint16_t)	16	static
../Core/Src/TMC2208.cpp:142:10:uint32_t getIHOLD_IRUN()	4	static
../Core/Src/TMC2208.cpp:146:7:float getRMSCurrent(UART_HandleTypeDef*, float)	32	static
../Core/Src/TMC2208.cpp:152:7:float getRMSCurrentDefault(UART_HandleTypeDef*)	16	static
../Core/Src/TMC2208.cpp:156:9:uint8_t getBit(uint32_t, uint8_t)	16	static
../Core/Src/TMC2208.cpp:160:10:uint32_t setBit(uint32_t, uint8_t, uint8_t)	16	static
../Core/Src/TMC2208.cpp:164:9:uint8_t getVsense(uint32_t)	16	static
../Core/Src/TMC2208.cpp:168:10:uint32_t setVsense(uint32_t, uint8_t)	16	static
../Core/Src/TMC2208.cpp:172:10:uint32_t setIRUN(uint32_t, uint8_t)	16	static
../Core/Src/TMC2208.cpp:177:10:uint32_t setIHOLD(uint32_t, uint8_t)	16	static
../Core/Src/TMC2208.cpp:182:9:uint8_t getPDNDisable(uint32_t)	16	static
../Core/Src/TMC2208.cpp:186:10:uint32_t setPDNDisable(uint32_t, uint8_t)	16	static
../Core/Src/TMC2208.cpp:190:9:uint8_t getIScaleAnalog(uint32_t)	16	static
../Core/Src/TMC2208.cpp:194:10:uint32_t setIScaleAnalog(uint32_t, uint8_t)	16	static
../Core/Src/TMC2208.cpp:198:9:uint8_t getMstepRegSelect(uint32_t)	16	static
../Core/Src/TMC2208.cpp:202:10:uint32_t setMstepRegSelect(uint32_t, uint8_t)	16	static
../Core/Src/TMC2208.cpp:206:9:uint8_t getTOFF(uint32_t)	16	static
../Core/Src/TMC2208.cpp:210:10:uint32_t setTOFF(uint32_t, uint8_t)	16	static
../Core/Src/TMC2208.cpp:214:9:uint8_t getMRESVal(uint32_t)	16	static
../Core/Src/TMC2208.cpp:218:10:uint32_t setMRESVal(uint32_t, uint8_t)	16	static
../Core/Src/TMC2208.cpp:222:10:uint16_t getMRES(uint32_t)	24	static
../Core/Src/TMC2208.cpp:227:10:uint32_t setMRES(uint32_t, uint16_t)	24	static
../Core/Src/TMC2208.cpp:262:9:uint8_t isResetFlag(uint32_t)	16	static
../Core/Src/TMC2208.cpp:266:9:uint8_t isDrvErrFlag(uint32_t)	16	static
../Core/Src/TMC2208.cpp:270:9:uint8_t isUvCpFlat(uint32_t)	16	static
../Core/Src/TMC2208.cpp:274:6:void selectAxis(uint8_t)	16	static
