../Core/Src/GCodes.c:16:6:execute	56	static
../Core/Src/GCodes.c:75:6:M82	4	static
../Core/Src/GCodes.c:79:6:M104	16	static
../Core/Src/GCodes.c:85:6:M105	32	static
../Core/Src/GCodes.c:91:6:M107	4	static
../Core/Src/GCodes.c:95:6:M109	16	static
../Core/Src/GCodes.c:102:6:M140	16	static
../Core/Src/GCodes.c:106:6:M190	16	static
../Core/Src/GCodes.c:111:6:M204	16	static
../Core/Src/GCodes.c:116:6:M280	24	static
../Core/Src/GCodes.c:124:6:G0	64	static
../Core/Src/GCodes.c:158:6:G1	160	static
../Core/Src/GCodes.c:254:6:G28	8	static
../Core/Src/GCodes.c:277:6:G29	56	static
../Core/Src/GCodes.c:304:6:G92	16	static
