../Core/Src/main.cpp:93:5:int main()	96	static
../Core/Src/main.cpp:187:6:void SystemClock_Config()	104	static
../Core/Src/main.cpp:243:6:void PeriphCommonClock_Config()	160	static
../Core/Src/main.cpp:270:13:void MX_ADC1_Init()	48	static
../Core/Src/main.cpp:386:13:void MX_TIM1_Init()	120	static
../Core/Src/main.cpp:472:13:void MX_TIM2_Init()	48	static
../Core/Src/main.cpp:525:13:void MX_TIM3_Init()	64	static
../Core/Src/main.cpp:584:13:void MX_TIM15_Init()	120	static
../Core/Src/main.cpp:660:13:void MX_USART1_UART_Init()	8	static
../Core/Src/main.cpp:706:13:void MX_DMA_Init()	16	static
../Core/Src/main.cpp:725:13:void MX_GPIO_Init()	40	static
../Core/Src/main.cpp:785:6:void Error_Handler()	4	static,ignoring_inline_asm
../Core/Src/main.cpp:794:1:void __static_initialization_and_destruction_0(int, int)	24	static
../Core/Src/main.cpp:794:1:cpp)	8	static
