../Core/Src/main.c:105:5:main	72	static
../Core/Src/main.c:220:6:SystemClock_Config	104	static
../Core/Src/main.c:280:6:PeriphCommonClock_Config	160	static
../Core/Src/main.c:307:13:MX_ADC1_Init	48	static
../Core/Src/main.c:374:13:MX_LPUART1_UART_Init	8	static
../Core/Src/main.c:422:13:MX_TIM3_Init	48	static
../Core/Src/main.c:471:13:MX_TIM4_Init	40	static
../Core/Src/main.c:516:13:MX_USB_OTG_FS_PCD_Init	8	static
../Core/Src/main.c:550:13:MX_GPIO_Init	64	static
../Core/Src/main.c:640:6:ReadTemp	16	static
../Core/Src/main.c:670:6:ControlMotor	16	static
../Core/Src/main.c:696:6:ControlTemp	16	static
../Core/Src/main.c:734:6:HAL_TIM_PeriodElapsedCallback	16	static
../Core/Src/main.c:751:6:Error_Handler	4	static,ignoring_inline_asm
