../Core/Src/main.c:97:5:main	8	static
../Core/Src/main.c:191:6:SystemClock_Config	104	static
../Core/Src/main.c:251:6:PeriphCommonClock_Config	160	static
../Core/Src/main.c:278:13:MX_ADC1_Init	48	static
../Core/Src/main.c:349:13:MX_LPUART1_UART_Init	8	static
../Core/Src/main.c:397:13:MX_TIM3_Init	64	static
../Core/Src/main.c:456:13:MX_TIM4_Init	40	static
../Core/Src/main.c:501:13:MX_USB_OTG_FS_PCD_Init	8	static
../Core/Src/main.c:535:13:MX_GPIO_Init	56	static
../Core/Src/main.c:614:6:StartDefaultTask	96	static
../Core/Src/main.c:672:6:RunMotor	16	static
../Core/Src/main.c:700:6:HAL_TIM_PeriodElapsedCallback	16	static
../Core/Src/main.c:717:6:Error_Handler	4	static,ignoring_inline_asm
