../Core/Src/main.c:96:5:main	8	static
../Core/Src/main.c:154:6:SystemClock_Config	104	static
../Core/Src/main.c:205:13:MX_ADC1_Init	48	static
../Core/Src/main.c:321:13:MX_I2C2_Init	8	static
../Core/Src/main.c:369:13:MX_SDMMC1_MMC_Init	8	static
../Core/Src/main.c:400:13:MX_SPI1_Init	8	static
../Core/Src/main.c:440:13:MX_TIM1_Init	104	static
../Core/Src/main.c:516:13:MX_TIM2_Init	48	static
../Core/Src/main.c:569:13:MX_TIM3_Init	48	static
../Core/Src/main.c:622:13:MX_TIM4_Init	48	static
../Core/Src/main.c:671:13:MX_TIM15_Init	104	static
../Core/Src/main.c:737:13:MX_USART1_UART_Init	8	static
../Core/Src/main.c:785:13:MX_USART3_UART_Init	8	static
../Core/Src/main.c:831:13:MX_DMA_Init	16	static
../Core/Src/main.c:850:13:MX_GPIO_Init	48	static
../Core/Src/main.c:939:6:Error_Handler	4	static,ignoring_inline_asm
