../USB_Device/Target/usbd_conf.c:69:6:HAL_PCD_MspInit	192	static
../USB_Device/Target/usbd_conf.c:119:6:HAL_PCD_MspDeInit	16	static
../USB_Device/Target/usbd_conf.c:152:6:HAL_PCD_SetupStageCallback	16	static
../USB_Device/Target/usbd_conf.c:173:6:HAL_PCD_DataOutStageCallback	16	static
../USB_Device/Target/usbd_conf.c:194:6:HAL_PCD_DataInStageCallback	16	static
../USB_Device/Target/usbd_conf.c:214:6:HAL_PCD_SOFCallback	16	static
../USB_Device/Target/usbd_conf.c:234:6:HAL_PCD_ResetCallback	24	static
../USB_Device/Target/usbd_conf.c:265:6:HAL_PCD_SuspendCallback	16	static
../USB_Device/Target/usbd_conf.c:295:6:HAL_PCD_ResumeCallback	16	static
../USB_Device/Target/usbd_conf.c:326:6:HAL_PCD_ISOOUTIncompleteCallback	16	static
../USB_Device/Target/usbd_conf.c:347:6:HAL_PCD_ISOINIncompleteCallback	16	static
../USB_Device/Target/usbd_conf.c:367:6:HAL_PCD_ConnectCallback	16	static
../USB_Device/Target/usbd_conf.c:387:6:HAL_PCD_DisconnectCallback	16	static
../USB_Device/Target/usbd_conf.c:412:20:USBD_LL_Init	16	static
../USB_Device/Target/usbd_conf.c:472:20:USBD_LL_DeInit	24	static
../USB_Device/Target/usbd_conf.c:489:20:USBD_LL_Start	24	static
../USB_Device/Target/usbd_conf.c:506:20:USBD_LL_Stop	24	static
../USB_Device/Target/usbd_conf.c:526:20:USBD_LL_OpenEP	24	static
../USB_Device/Target/usbd_conf.c:544:20:USBD_LL_CloseEP	24	static
../USB_Device/Target/usbd_conf.c:562:20:USBD_LL_FlushEP	24	static
../USB_Device/Target/usbd_conf.c:580:20:USBD_LL_StallEP	24	static
../USB_Device/Target/usbd_conf.c:598:20:USBD_LL_ClearStallEP	24	static
../USB_Device/Target/usbd_conf.c:616:9:USBD_LL_IsStallEP	24	static
../USB_Device/Target/usbd_conf.c:636:20:USBD_LL_SetUSBAddress	24	static
../USB_Device/Target/usbd_conf.c:656:20:USBD_LL_Transmit	32	static
../USB_Device/Target/usbd_conf.c:676:20:USBD_LL_PrepareReceive	32	static
../USB_Device/Target/usbd_conf.c:694:10:USBD_LL_GetRxDataSize	16	static
../USB_Device/Target/usbd_conf.c:708:6:HAL_PCDEx_LPM_Callback	16	static
../USB_Device/Target/usbd_conf.c:744:6:USBD_LL_Delay	16	static
../USB_Device/Target/usbd_conf.c:754:7:USBD_static_malloc	16	static
../USB_Device/Target/usbd_conf.c:766:6:USBD_static_free	16	static
../USB_Device/Target/usbd_conf.c:777:13:SystemClockConfig_Resume	8	static
../USB_Device/Target/usbd_conf.c:788:20:USBD_Get_USB_Status	24	static
