Archive member included to satisfy reference by file (symbol)

c:/users/morroway/appdata/roaming/code/user/globalstorage/bmd.stm32-for-vscode/@xpack-dev-tools/arm-none-eabi-gcc/11.2.1-1.2.2/.content/bin/../lib/gcc/arm-none-eabi/11.2.1/../../../../arm-none-eabi/lib/thumb/v7e-m+fp/hard\libc_nano.a(lib_a-atexit.o)
                              c:/users/morroway/appdata/roaming/code/user/globalstorage/bmd.stm32-for-vscode/@xpack-dev-tools/arm-none-eabi-gcc/11.2.1-1.2.2/.content/bin/../lib/gcc/arm-none-eabi/11.2.1/../../../../arm-none-eabi/lib/thumb/v7e-m+fp/hard/crt0.o (atexit)
c:/users/morroway/appdata/roaming/code/user/globalstorage/bmd.stm32-for-vscode/@xpack-dev-tools/arm-none-eabi-gcc/11.2.1-1.2.2/.content/bin/../lib/gcc/arm-none-eabi/11.2.1/../../../../arm-none-eabi/lib/thumb/v7e-m+fp/hard\libc_nano.a(lib_a-atof.o)
                              build/Parser.o (atof)
c:/users/morroway/appdata/roaming/code/user/globalstorage/bmd.stm32-for-vscode/@xpack-dev-tools/arm-none-eabi-gcc/11.2.1-1.2.2/.content/bin/../lib/gcc/arm-none-eabi/11.2.1/../../../../arm-none-eabi/lib/thumb/v7e-m+fp/hard\libc_nano.a(lib_a-atoi.o)
                              build/Parser.o (atoi)
c:/users/morroway/appdata/roaming/code/user/globalstorage/bmd.stm32-for-vscode/@xpack-dev-tools/arm-none-eabi-gcc/11.2.1-1.2.2/.content/bin/../lib/gcc/arm-none-eabi/11.2.1/../../../../arm-none-eabi/lib/thumb/v7e-m+fp/hard\libc_nano.a(lib_a-exit.o)
                              c:/users/morroway/appdata/roaming/code/user/globalstorage/bmd.stm32-for-vscode/@xpack-dev-tools/arm-none-eabi-gcc/11.2.1-1.2.2/.content/bin/../lib/gcc/arm-none-eabi/11.2.1/../../../../arm-none-eabi/lib/thumb/v7e-m+fp/hard/crt0.o (exit)
c:/users/morroway/appdata/roaming/code/user/globalstorage/bmd.stm32-for-vscode/@xpack-dev-tools/arm-none-eabi-gcc/11.2.1-1.2.2/.content/bin/../lib/gcc/arm-none-eabi/11.2.1/../../../../arm-none-eabi/lib/thumb/v7e-m+fp/hard\libc_nano.a(lib_a-fini.o)
                              c:/users/morroway/appdata/roaming/code/user/globalstorage/bmd.stm32-for-vscode/@xpack-dev-tools/arm-none-eabi-gcc/11.2.1-1.2.2/.content/bin/../lib/gcc/arm-none-eabi/11.2.1/../../../../arm-none-eabi/lib/thumb/v7e-m+fp/hard/crt0.o (__libc_fini_array)
c:/users/morroway/appdata/roaming/code/user/globalstorage/bmd.stm32-for-vscode/@xpack-dev-tools/arm-none-eabi-gcc/11.2.1-1.2.2/.content/bin/../lib/gcc/arm-none-eabi/11.2.1/../../../../arm-none-eabi/lib/thumb/v7e-m+fp/hard\libc_nano.a(lib_a-impure.o)
                              c:/users/morroway/appdata/roaming/code/user/globalstorage/bmd.stm32-for-vscode/@xpack-dev-tools/arm-none-eabi-gcc/11.2.1-1.2.2/.content/bin/../lib/gcc/arm-none-eabi/11.2.1/../../../../arm-none-eabi/lib/thumb/v7e-m+fp/hard\libc_nano.a(lib_a-exit.o) (_global_impure_ptr)
c:/users/morroway/appdata/roaming/code/user/globalstorage/bmd.stm32-for-vscode/@xpack-dev-tools/arm-none-eabi-gcc/11.2.1-1.2.2/.content/bin/../lib/gcc/arm-none-eabi/11.2.1/../../../../arm-none-eabi/lib/thumb/v7e-m+fp/hard\libc_nano.a(lib_a-init.o)
                              c:/users/morroway/appdata/roaming/code/user/globalstorage/bmd.stm32-for-vscode/@xpack-dev-tools/arm-none-eabi-gcc/11.2.1-1.2.2/.content/bin/../lib/gcc/arm-none-eabi/11.2.1/../../../../arm-none-eabi/lib/thumb/v7e-m+fp/hard/crt0.o (__libc_init_array)
c:/users/morroway/appdata/roaming/code/user/globalstorage/bmd.stm32-for-vscode/@xpack-dev-tools/arm-none-eabi-gcc/11.2.1-1.2.2/.content/bin/../lib/gcc/arm-none-eabi/11.2.1/../../../../arm-none-eabi/lib/thumb/v7e-m+fp/hard\libc_nano.a(lib_a-memset.o)
                              c:/users/morroway/appdata/roaming/code/user/globalstorage/bmd.stm32-for-vscode/@xpack-dev-tools/arm-none-eabi-gcc/11.2.1-1.2.2/.content/bin/../lib/gcc/arm-none-eabi/11.2.1/../../../../arm-none-eabi/lib/thumb/v7e-m+fp/hard/crt0.o (memset)
c:/users/morroway/appdata/roaming/code/user/globalstorage/bmd.stm32-for-vscode/@xpack-dev-tools/arm-none-eabi-gcc/11.2.1-1.2.2/.content/bin/../lib/gcc/arm-none-eabi/11.2.1/../../../../arm-none-eabi/lib/thumb/v7e-m+fp/hard\libc_nano.a(lib_a-nano-vfprintf_float.o)
                              (_printf_float)
c:/users/morroway/appdata/roaming/code/user/globalstorage/bmd.stm32-for-vscode/@xpack-dev-tools/arm-none-eabi-gcc/11.2.1-1.2.2/.content/bin/../lib/gcc/arm-none-eabi/11.2.1/../../../../arm-none-eabi/lib/thumb/v7e-m+fp/hard\libc_nano.a(lib_a-nano-vfprintf_i.o)
                              c:/users/morroway/appdata/roaming/code/user/globalstorage/bmd.stm32-for-vscode/@xpack-dev-tools/arm-none-eabi-gcc/11.2.1-1.2.2/.content/bin/../lib/gcc/arm-none-eabi/11.2.1/../../../../arm-none-eabi/lib/thumb/v7e-m+fp/hard\libc_nano.a(lib_a-nano-vfprintf_float.o) (_printf_common)
c:/users/morroway/appdata/roaming/code/user/globalstorage/bmd.stm32-for-vscode/@xpack-dev-tools/arm-none-eabi-gcc/11.2.1-1.2.2/.content/bin/../lib/gcc/arm-none-eabi/11.2.1/../../../../arm-none-eabi/lib/thumb/v7e-m+fp/hard\libc_nano.a(lib_a-sprintf.o)
                              build/main.o (sprintf)
[...]
Memory Configuration

Name             Origin             Length             Attributes
RAM              0x0000000020000000 0x0000000000050000 xrw
RAM2             0x0000000010000000 0x0000000000010000 xrw
RAM3             0x0000000020030000 0x0000000000020000 xrw
FLASH            0x0000000008000000 0x0000000000100000 xr
*default*        0x0000000000000000 0xffffffffffffffff

Linker script and memory map

LOAD c:/users/morroway/appdata/roaming/code/user/globalstorage/bmd.stm32-for-vscode/@xpack-dev-tools/arm-none-eabi-gcc/11.2.1-1.2.2/.content/bin/../lib/gcc/arm-none-eabi/11.2.1/thumb/v7e-m+fp/hard/crti.o
LOAD c:/users/morroway/appdata/roaming/code/user/globalstorage/bmd.stm32-for-vscode/@xpack-dev-tools/arm-none-eabi-gcc/11.2.1-1.2.2/.content/bin/../lib/gcc/arm-none-eabi/11.2.1/thumb/v7e-m+fp/hard/crtbegin.o
LOAD c:/users/morroway/appdata/roaming/code/user/globalstorage/bmd.stm32-for-vscode/@xpack-dev-tools/arm-none-eabi-gcc/11.2.1-1.2.2/.content/bin/../lib/gcc/arm-none-eabi/11.2.1/../../../../arm-none-eabi/lib/thumb/v7e-m+fp/hard/crt0.o
LOAD build/Functions.o
LOAD build/GCodes.o
LOAD build/ILI9341_STM32_Driver.o
LOAD build/Parser.o
LOAD build/main.o
LOAD build/stm32l4xx_hal_msp.o
LOAD build/stm32l4xx_it.o
LOAD build/system_stm32l4xx.o
LOAD build/stm32l4xx_hal.o
LOAD build/stm32l4xx_hal_adc.o
LOAD build/stm32l4xx_hal_adc_ex.o
LOAD build/stm32l4xx_hal_cortex.o
LOAD build/stm32l4xx_hal_dma.o
LOAD build/stm32l4xx_hal_dma_ex.o
LOAD build/stm32l4xx_hal_dsi.o
LOAD build/stm32l4xx_hal_exti.o
LOAD build/stm32l4xx_hal_flash.o
LOAD build/stm32l4xx_hal_flash_ex.o
LOAD build/stm32l4xx_hal_flash_ramfunc.o
LOAD build/stm32l4xx_hal_gpio.o
LOAD build/stm32l4xx_hal_i2c.o
LOAD build/stm32l4xx_hal_i2c_ex.o
LOAD build/stm32l4xx_hal_ltdc.o
LOAD build/stm32l4xx_hal_ltdc_ex.o
LOAD build/stm32l4xx_hal_pcd.o
LOAD build/stm32l4xx_hal_pcd_ex.o
LOAD build/stm32l4xx_hal_pwr.o
LOAD build/stm32l4xx_hal_pwr_ex.o
LOAD build/stm32l4xx_hal_rcc.o
LOAD build/stm32l4xx_hal_rcc_ex.o
LOAD build/stm32l4xx_hal_spi.o
LOAD build/stm32l4xx_hal_spi_ex.o
LOAD build/stm32l4xx_hal_tim.o
LOAD build/stm32l4xx_hal_tim_ex.o
LOAD build/stm32l4xx_hal_uart.o
LOAD build/stm32l4xx_hal_uart_ex.o
LOAD build/stm32l4xx_ll_usb.o
LOAD build/startup_stm32l4p5xx.o
LOAD c:/users/morroway/appdata/roaming/code/user/globalstorage/bmd.stm32-for-vscode/@xpack-dev-tools/arm-none-eabi-gcc/11.2.1-1.2.2/.content/bin/../lib/gcc/arm-none-eabi/11.2.1/../../../../arm-none-eabi/lib/thumb/v7e-m+fp/hard\libc_nano.a
LOAD c:/users/morroway/appdata/roaming/code/user/globalstorage/bmd.stm32-for-vscode/@xpack-dev-tools/arm-none-eabi-gcc/11.2.1-1.2.2/.content/bin/../lib/gcc/arm-none-eabi/11.2.1/../../../../arm-none-eabi/lib/thumb/v7e-m+fp/hard\libm.a
LOAD c:/users/morroway/appdata/roaming/code/user/globalstorage/bmd.stm32-for-vscode/@xpack-dev-tools/arm-none-eabi-gcc/11.2.1-1.2.2/.content/bin/../lib/gcc/arm-none-eabi/11.2.1/../../../../arm-none-eabi/lib/thumb/v7e-m+fp/hard\libnosys.a
START GROUP
LOAD c:/users/morroway/appdata/roaming/code/user/globalstorage/bmd.stm32-for-vscode/@xpack-dev-tools/arm-none-eabi-gcc/11.2.1-1.2.2/.content/bin/../lib/gcc/arm-none-eabi/11.2.1/thumb/v7e-m+fp/hard\libgcc.a
LOAD c:/users/morroway/appdata/roaming/code/user/globalstorage/bmd.stm32-for-vscode/@xpack-dev-tools/arm-none-eabi-gcc/11.2.1-1.2.2/.content/bin/../lib/gcc/arm-none-eabi/11.2.1/../../../../arm-none-eabi/lib/thumb/v7e-m+fp/hard\libc_nano.a
END GROUP
START GROUP
LOAD c:/users/morroway/appdata/roaming/code/user/globalstorage/bmd.stm32-for-vscode/@xpack-dev-tools/arm-none-eabi-gcc/11.2.1-1.2.2/.content/bin/../lib/gcc/arm-none-eabi/11.2.1/thumb/v7e-m+fp/hard\libgcc.a
LOAD c:/users/morroway/appdata/roaming/code/user/globalstorage/bmd.stm32-for-vscode/@xpack-dev-tools/arm-none-eabi-gcc/11.2.1-1.2.2/.content/bin/../lib/gcc/arm-none-eabi/11.2.1/../../../../arm-none-eabi/lib/thumb/v7e-m+fp/hard\libc_nano.a
LOAD c:/users/morroway/appdata/roaming/code/user/globalstorage/bmd.stm32-for-vscode/@xpack-dev-tools/arm-none-eabi-gcc/11.2.1-1.2.2/.content/bin/../lib/gcc/arm-none-eabi/11.2.1/../../../../arm-none-eabi/lib/thumb/v7e-m+fp/hard\libnosys.a
END GROUP
START GROUP
LOAD c:/users/morroway/appdata/roaming/code/user/globalstorage/bmd.stm32-for-vscode/@xpack-dev-tools/arm-none-eabi-gcc/11.2.1-1.2.2/.content/bin/../lib/gcc/arm-none-eabi/11.2.1/thumb/v7e-m+fp/hard\libgcc.a
LOAD c:/users/morroway/appdata/roaming/code/user/globalstorage/bmd.stm32-for-vscode/@xpack-dev-tools/arm-none-eabi-gcc/11.2.1-1.2.2/.content/bin/../lib/gcc/arm-none-eabi/11.2.1/../../../../arm-none-eabi/lib/thumb/v7e-m+fp/hard\libc_nano.a
LOAD c:/users/morroway/appdata/roaming/code/user/globalstorage/bmd.stm32-for-vscode/@xpack-dev-tools/arm-none-eabi-gcc/11.2.1-1.2.2/.content/bin/../lib/gcc/arm-none-eabi/11.2.1/../../../../arm-none-eabi/lib/thumb/v7e-m+fp/hard\libnosys.a
END GROUP
LOAD c:/users/morroway/appdata/roaming/code/user/globalstorage/bmd.stm32-for-vscode/@xpack-dev-tools/arm-none-eabi-gcc/11.2.1-1.2.2/.content/bin/../lib/gcc/arm-none-eabi/11.2.1/thumb/v7e-m+fp/hard/crtend.o
LOAD c:/users/morroway/appdata/roaming/code/user/globalstorage/bmd.stm32-for-vscode/@xpack-dev-tools/arm-none-eabi-gcc/11.2.1-1.2.2/.content/bin/../lib/gcc/arm-none-eabi/11.2.1/thumb/v7e-m+fp/hard/crtn.o
                0x0000000020050000                _estack = (ORIGIN (RAM) + LENGTH (RAM))
                0x0000000000000200                _Min_Heap_Size = 0x200
                0x0000000000000400                _Min_Stack_Size = 0x400

.isr_vector     0x0000000008000000      0x1c0
                0x0000000008000000                . = ALIGN (0x8)
 *(.isr_vector)
 .isr_vector    0x0000000008000000      0x1bc build/startup_stm32l4p5xx.o
                0x0000000008000000                g_pfnVectors
                0x00000000080001c0                . = ALIGN (0x8)
 *fill*         0x00000000080001bc        0x4 

.text           0x00000000080001c0    0x10d78
                0x00000000080001c0                . = ALIGN (0x8)
 *(.text)
 .text          0x00000000080001c0       0x10 c:/users/morroway/appdata/roaming/code/user/globalstorage/bmd.stm32-for-vscode/@xpack-dev-tools/arm-none-eabi-gcc/11.2.1-1.2.2/.content/bin/../lib/gcc/arm-none-eabi/11.2.1/../../../../arm-none-eabi/lib/thumb/v7e-m+fp/hard\libc_nano.a(lib_a-strlen.o)
                0x00000000080001c0                strlen
 .text          0x00000000080001d0       0xa0 c:/users/morroway/appdata/roaming/code/user/globalstorage/bmd.stm32-for-vscode/@xpack-dev-tools/arm-none-eabi-gcc/11.2.1-1.2.2/.content/bin/../lib/gcc/arm-none-eabi/11.2.1/../../../../arm-none-eabi/lib/thumb/v7e-m+fp/hard\libc_nano.a(lib_a-memchr.o)
                0x00000000080001d0                memchr
 .text          0x0000000008000270      0x378 c:/users/morroway/appdata/roaming/code/user/globalstorage/bmd.stm32-for-vscode/@xpack-dev-tools/arm-none-eabi-gcc/11.2.1-1.2.2/.content/bin/../lib/gcc/arm-none-eabi/11.2.1/thumb/v7e-m+fp/hard\libgcc.a(_arm_addsubdf3.o)
                0x0000000008000270                __aeabi_drsub
                0x0000000008000278                __aeabi_dsub
                0x0000000008000278                __subdf3
                0x000000000800027c                __aeabi_dadd
                0x000000000800027c                __adddf3
                0x00000000080004f4                __floatunsidf
                0x00000000080004f4                __aeabi_ui2d
                0x0000000008000514                __floatsidf
                0x0000000008000514                __aeabi_i2d
                0x0000000008000538                __aeabi_f2d
                0x0000000008000538                __extendsfdf2
                0x000000000800057c                __floatundidf
                0x000000000800057c                __aeabi_ul2d
                0x000000000800058c                __floatdidf
                0x000000000800058c                __aeabi_l2d
 .text          0x00000000080005e8      0x424 c:/users/morroway/appdata/roaming/code/user/globalstorage/bmd.stm32-for-vscode/@xpack-dev-tools/arm-none-eabi-gcc/11.2.1-1.2.2/.content/bin/../lib/gcc/arm-none-eabi/11.2.1/thumb/v7e-m+fp/hard\libgcc.a(_arm_muldivdf3.o)
                0x00000000080005e8                __aeabi_dmul
                0x00000000080005e8                __muldf3
                0x000000000800083c                __divdf3
                0x000000000800083c                __aeabi_ddiv
 .text          0x0000000008000a0c      0x110 c:/users/morroway/appdata/roaming/code/user/globalstorage/bmd.stm32-for-vscode/@xpack-dev-tools/arm-none-eabi-gcc/11.2.1-1.2.2/.content/bin/../lib/gcc/arm-none-eabi/11.2.1/thumb/v7e-m+fp/hard\libgcc.a(_arm_cmpdf2.o)
                0x0000000008000a0c                __gtdf2
                0x0000000008000a0c                __gedf2
                0x0000000008000a14                __ltdf2
                0x0000000008000a14                __ledf2
                0x0000000008000a1c                __nedf2
                0x0000000008000a1c                __eqdf2
                0x0000000008000a1c                __cmpdf2
                0x0000000008000a98                __aeabi_cdrcmple
                0x0000000008000aa8                __aeabi_cdcmpeq
                0x0000000008000aa8                __aeabi_cdcmple
                0x0000000008000ab8                __aeabi_dcmpeq
                0x0000000008000acc                __aeabi_dcmplt
                0x0000000008000ae0                __aeabi_dcmple
                0x0000000008000af4                __aeabi_dcmpge
                0x0000000008000b08                __aeabi_dcmpgt
 .text          0x0000000008000b1c       0x2c c:/users/morroway/appdata/roaming/code/user/globalstorage/bmd.stm32-for-vscode/@xpack-dev-tools/arm-none-eabi-gcc/11.2.1-1.2.2/.content/bin/../lib/gcc/arm-none-eabi/11.2.1/thumb/v7e-m+fp/hard\libgcc.a(_arm_unorddf2.o)
                0x0000000008000b1c                __unorddf2
                0x0000000008000b1c                __aeabi_dcmpun
 .text          0x0000000008000b48       0x50 c:/users/morroway/appdata/roaming/code/user/globalstorage/bmd.stm32-for-vscode/@xpack-dev-tools/arm-none-eabi-gcc/11.2.1-1.2.2/.content/bin/../lib/gcc/arm-none-eabi/11.2.1/thumb/v7e-m+fp/hard\libgcc.a(_arm_fixdfsi.o)
                0x0000000008000b48                __aeabi_d2iz
                0x0000000008000b48                __fixdfsi
 .text          0x0000000008000b98       0x40 c:/users/morroway/appdata/roaming/code/user/globalstorage/bmd.stm32-for-vscode/@xpack-dev-tools/arm-none-eabi-gcc/11.2.1-1.2.2/.content/bin/../lib/gcc/arm-none-eabi/11.2.1/thumb/v7e-m+fp/hard\libgcc.a(_arm_fixunsdfsi.o)
                0x0000000008000b98                __aeabi_d2uiz
                0x0000000008000b98                __fixunsdfsi
 .text          0x0000000008000bd8       0x30 c:/users/morroway/appdata/roaming/code/user/globalstorage/bmd.stm32-for-vscode/@xpack-dev-tools/arm-none-eabi-gcc/11.2.1-1.2.2/.content/bin/../lib/gcc/arm-none-eabi/11.2.1/thumb/v7e-m+fp/hard\libgcc.a(_aeabi_uldivmod.o)
                0x0000000008000bd8                __aeabi_uldivmod
 .text          0x0000000008000c08      0x1ac c:/users/morroway/appdata/roaming/code/user/globalstorage/bmd.stm32-for-vscode/@xpack-dev-tools/arm-none-eabi-gcc/11.2.1-1.2.2/.content/bin/../lib/gcc/arm-none-eabi/11.2.1/thumb/v7e-m+fp/hard\libgcc.a(libunwind.o)
                0x0000000008000c08                __restore_core_regs
                0x0000000008000c08                restore_core_regs
                0x0000000008000c20                __gnu_Unwind_Restore_VFP
                0x0000000008000c28                __gnu_Unwind_Save_VFP
                0x0000000008000c30                __gnu_Unwind_Restore_VFP_D
                0x0000000008000c38                __gnu_Unwind_Save_VFP_D
                0x0000000008000c40                __gnu_Unwind_Restore_VFP_D_16_to_31
                0x0000000008000c48                __gnu_Unwind_Save_VFP_D_16_to_31
                0x0000000008000c50                __gnu_Unwind_Restore_WMMXD
                0x0000000008000c94                __gnu_Unwind_Save_WMMXD
                0x0000000008000cd8                __gnu_Unwind_Restore_WMMXC
                0x0000000008000cec                __gnu_Unwind_Save_WMMXC
                0x0000000008000d00                ___Unwind_RaiseException
                0x0000000008000d00                _Unwind_RaiseException
                0x0000000008000d24                _Unwind_Resume
                0x0000000008000d24                ___Unwind_Resume
                0x0000000008000d48                _Unwind_Resume_or_Rethrow
                0x0000000008000d48                ___Unwind_Resume_or_Rethrow
                0x0000000008000d6c                _Unwind_ForcedUnwind
                0x0000000008000d6c                ___Unwind_ForcedUnwind
                0x0000000008000d90                ___Unwind_Backtrace
                0x0000000008000d90                _Unwind_Backtrace
 .text          0x0000000008000db4        0x4 c:/users/morroway/appdata/roaming/code/user/globalstorage/bmd.stm32-for-vscode/@xpack-dev-tools/arm-none-eabi-gcc/11.2.1-1.2.2/.content/bin/../lib/gcc/arm-none-eabi/11.2.1/thumb/v7e-m+fp/hard\libgcc.a(_dvmd_tls.o)
                0x0000000008000db4                __aeabi_idiv0
                0x0000000008000db4                __aeabi_ldiv0
 *(.text*)
 .text.__do_global_dtors_aux
                0x0000000008000db8       0x24 c:/users/morroway/appdata/roaming/code/user/globalstorage/bmd.stm32-for-vscode/@xpack-dev-tools/arm-none-eabi-gcc/11.2.1-1.2.2/.content/bin/../lib/gcc/arm-none-eabi/11.2.1/thumb/v7e-m+fp/hard/crtbegin.o
 .text.frame_dummy
                0x0000000008000ddc       0x1c c:/users/morroway/appdata/roaming/code/user/globalstorage/bmd.stm32-for-vscode/@xpack-dev-tools/arm-none-eabi-gcc/11.2.1-1.2.2/.content/bin/../lib/gcc/arm-none-eabi/11.2.1/thumb/v7e-m+fp/hard/crtbegin.o
 .text.GetTemperature
                0x0000000008000df8      0x1b0 build/Functions.o
                0x0000000008000df8                GetTemperature
 .text.SetHeating
                0x0000000008000fa8       0x30 build/Functions.o
                0x0000000008000fa8                SetHeating
 .text.SetFanSpeed
                0x0000000008000fd8       0x30 build/Functions.o
                0x0000000008000fd8                SetFanSpeed
 .text.MoveXY   0x0000000008001008      0x560 build/Functions.o
                0x0000000008001008                MoveXY
 .text.Move     0x0000000008001568      0x350 build/Functions.o
                0x0000000008001568                Move
 .text.MoveAndWait
                0x00000000080018b8       0xd4 build/Functions.o
                0x00000000080018b8                MoveAndWait
 .text.M105     0x000000000800198c       0x1c build/GCodes.o
                0x000000000800198c                M105
 .text.M155     0x00000000080019a8       0x26 build/GCodes.o
                0x00000000080019a8                M155
 *fill*         0x00000000080019ce        0x2 
 .text.G0       0x00000000080019d0      0x210 build/GCodes.o
                0x00000000080019d0                G0
 .text.M104     0x0000000008001be0       0xb8 build/GCodes.o
                0x0000000008001be0                M104
 .text.M106     0x0000000008001c98       0x1c build/GCodes.o
                0x0000000008001c98                M106
 .text.G28      0x0000000008001cb4       0xe4 build/GCodes.o
                0x0000000008001cb4                G28
 .text.reset_args
                0x0000000008001d98       0x30 build/Parser.o
                0x0000000008001d98                reset_args
 .text.get_command
                0x0000000008001dc8       0xf4 build/Parser.o
                0x0000000008001dc8                get_command
 .text.split_gcode
                0x0000000008001ebc      0x184 build/Parser.o
                0x0000000008001ebc                split_gcode
 .text.HAL_UARTEx_RxEventCallback
                0x0000000008002040       0x48 build/main.o
                0x0000000008002040                HAL_UARTEx_RxEventCallback
 .text.DelayMicrosecond
                0x0000000008002088       0x34 build/main.o
                0x0000000008002088                DelayMicrosecond
 .text.GetTicks
                0x00000000080020bc       0x18 build/main.o
                0x00000000080020bc                GetTicks
 .text.print_temperature
                0x00000000080020d4       0x58 build/main.o
                0x00000000080020d4                print_temperature
 .text.main     0x000000000800212c      0x1b0 build/main.o
                0x000000000800212c                main
 .text.SystemClock_Config
                0x00000000080022dc       0xa6 build/main.o
                0x00000000080022dc                SystemClock_Config
 *fill*         0x0000000008002382        0x2 
 .text.MX_ADC1_Init
                0x0000000008002384      0x144 build/main.o
 .text.MX_LPUART1_UART_Init
                0x00000000080024c8       0xa0 build/main.o
 .text.MX_UART4_Init
                0x0000000008002568       0x98 build/main.o
 .text.MX_SPI1_Init
                0x0000000008002600       0x7c build/main.o
 .text.MX_TIM2_Init
                0x000000000800267c      0x100 build/main.o
 .text.MX_TIM3_Init
                0x000000000800277c      0x130 build/main.o
 .text.MX_TIM4_Init
                0x00000000080028ac       0x9c build/main.o
 .text.MX_TIM5_Init
                0x0000000008002948       0x9c build/main.o
 .text.MX_USB_OTG_FS_PCD_Init
                0x00000000080029e4       0x54 build/main.o
 .text.MX_DMA_Init
                0x0000000008002a38       0x64 build/main.o
 .text.MX_GPIO_Init
                0x0000000008002a9c      0x218 build/main.o
 .text.Error_Handler
                0x0000000008002cb4        0xa build/main.o
                0x0000000008002cb4                Error_Handler
 *fill*         0x0000000008002cbe        0x2 
 .text.HAL_MspInit
                0x0000000008002cc0       0x48 build/stm32l4xx_hal_msp.o
                0x0000000008002cc0                HAL_MspInit
 .text.HAL_ADC_MspInit
                0x0000000008002d08      0x130 build/stm32l4xx_hal_msp.o
                0x0000000008002d08                HAL_ADC_MspInit
 .text.HAL_UART_MspInit
                0x0000000008002e38      0x1fc build/stm32l4xx_hal_msp.o
                0x0000000008002e38                HAL_UART_MspInit
 .text.HAL_SPI_MspInit
                0x0000000008003034       0xc4 build/stm32l4xx_hal_msp.o
                0x0000000008003034                HAL_SPI_MspInit
 .text.HAL_TIM_Base_MspInit
                0x00000000080030f8       0xb4 build/stm32l4xx_hal_msp.o
                0x00000000080030f8                HAL_TIM_Base_MspInit
 .text.HAL_TIM_MspPostInit
                0x00000000080031ac       0xb4 build/stm32l4xx_hal_msp.o
                0x00000000080031ac                HAL_TIM_MspPostInit
 .text.HAL_PCD_MspInit
                0x0000000008003260      0x118 build/stm32l4xx_hal_msp.o
                0x0000000008003260                HAL_PCD_MspInit
 .text.NMI_Handler
                0x0000000008003378        0x6 build/stm32l4xx_it.o
                0x0000000008003378                NMI_Handler
 .text.HardFault_Handler
                0x000000000800337e        0x6 build/stm32l4xx_it.o
                0x000000000800337e                HardFault_Handler
 .text.MemManage_Handler
                0x0000000008003384        0x6 build/stm32l4xx_it.o
                0x0000000008003384                MemManage_Handler
 .text.BusFault_Handler
                0x000000000800338a        0x6 build/stm32l4xx_it.o
                0x000000000800338a                BusFault_Handler
 .text.UsageFault_Handler
                0x0000000008003390        0x6 build/stm32l4xx_it.o
                0x0000000008003390                UsageFault_Handler
 .text.SVC_Handler
                0x0000000008003396        0xe build/stm32l4xx_it.o
                0x0000000008003396                SVC_Handler
 .text.DebugMon_Handler
                0x00000000080033a4        0xe build/stm32l4xx_it.o
                0x00000000080033a4                DebugMon_Handler
 .text.PendSV_Handler
                0x00000000080033b2        0xe build/stm32l4xx_it.o
                0x00000000080033b2                PendSV_Handler
 .text.SysTick_Handler
                0x00000000080033c0        0xc build/stm32l4xx_it.o
                0x00000000080033c0                SysTick_Handler
 .text.DMA1_Channel1_IRQHandler
                0x00000000080033cc       0x14 build/stm32l4xx_it.o
                0x00000000080033cc                DMA1_Channel1_IRQHandler
 .text.DMA1_Channel2_IRQHandler
                0x00000000080033e0       0x14 build/stm32l4xx_it.o
                0x00000000080033e0                DMA1_Channel2_IRQHandler
 .text.LPUART1_IRQHandler
                0x00000000080033f4       0x14 build/stm32l4xx_it.o
                0x00000000080033f4                LPUART1_IRQHandler
 .text.SystemInit
                0x0000000008003408       0x24 build/system_stm32l4xx.o
                0x0000000008003408                SystemInit
 .text.HAL_Init
                0x000000000800342c       0x30 build/stm32l4xx_hal.o
                0x000000000800342c                HAL_Init
 .text.HAL_InitTick
                0x000000000800345c       0x78 build/stm32l4xx_hal.o
                0x000000000800345c                HAL_InitTick
 .text.HAL_IncTick
                0x00000000080034d4       0x28 build/stm32l4xx_hal.o
                0x00000000080034d4                HAL_IncTick
 .text.HAL_GetTick
                0x00000000080034fc       0x18 build/stm32l4xx_hal.o
                0x00000000080034fc                HAL_GetTick
 .text.HAL_Delay
                0x0000000008003514       0x48 build/stm32l4xx_hal.o
                0x0000000008003514                HAL_Delay
 .text.LL_ADC_SetCommonClock
                0x000000000800355c       0x26 build/stm32l4xx_hal_adc.o
 .text.LL_ADC_SetCommonPathInternalCh
                0x0000000008003582       0x26 build/stm32l4xx_hal_adc.o
 .text.LL_ADC_GetCommonPathInternalCh
                0x00000000080035a8       0x1c build/stm32l4xx_hal_adc.o
 .text.LL_ADC_SetOffset
                0x00000000080035c4       0x48 build/stm32l4xx_hal_adc.o
 .text.LL_ADC_GetOffsetChannel
                0x000000000800360c       0x2c build/stm32l4xx_hal_adc.o
 .text.LL_ADC_SetOffsetState
                0x0000000008003638       0x36 build/stm32l4xx_hal_adc.o
 .text.LL_ADC_SetSamplingTimeCommonConfig
                0x000000000800366e       0x26 build/stm32l4xx_hal_adc.o
 .text.LL_ADC_REG_IsTriggerSourceSWStart
                0x0000000008003694       0x26 build/stm32l4xx_hal_adc.o
 .text.LL_ADC_REG_SetSequencerRanks
                0x00000000080036ba       0x58 build/stm32l4xx_hal_adc.o
 .text.LL_ADC_SetChannelSamplingTime
                0x0000000008003712       0x56 build/stm32l4xx_hal_adc.o
 .text.LL_ADC_SetChannelSingleDiff
                0x0000000008003768       0x48 build/stm32l4xx_hal_adc.o
 .text.LL_ADC_GetMultimode
                0x00000000080037b0       0x1c build/stm32l4xx_hal_adc.o
 .text.LL_ADC_DisableDeepPowerDown
                0x00000000080037cc       0x24 build/stm32l4xx_hal_adc.o
 .text.LL_ADC_IsDeepPowerDownEnabled
                0x00000000080037f0       0x28 build/stm32l4xx_hal_adc.o
 .text.LL_ADC_EnableInternalRegulator
                0x0000000008003818       0x28 build/stm32l4xx_hal_adc.o
 .text.LL_ADC_IsInternalRegulatorEnabled
                0x0000000008003840       0x28 build/stm32l4xx_hal_adc.o
 .text.LL_ADC_Enable
                0x0000000008003868       0x28 build/stm32l4xx_hal_adc.o
 .text.LL_ADC_IsEnabled
                0x0000000008003890       0x26 build/stm32l4xx_hal_adc.o
 .text.LL_ADC_REG_StartConversion
                0x00000000080038b6       0x28 build/stm32l4xx_hal_adc.o
 .text.LL_ADC_REG_IsConversionOngoing
                0x00000000080038de       0x26 build/stm32l4xx_hal_adc.o
 .text.LL_ADC_INJ_IsConversionOngoing
                0x0000000008003904       0x26 build/stm32l4xx_hal_adc.o
 *fill*         0x000000000800392a        0x2 
 .text.HAL_ADC_Init
                0x000000000800392c      0x2a4 build/stm32l4xx_hal_adc.o
                0x000000000800392c                HAL_ADC_Init
 .text.HAL_ADC_Start_DMA
                0x0000000008003bd0      0x168 build/stm32l4xx_hal_adc.o
                0x0000000008003bd0                HAL_ADC_Start_DMA
 .text.HAL_ADC_ConvCpltCallback
                0x0000000008003d38       0x14 build/stm32l4xx_hal_adc.o
                0x0000000008003d38                HAL_ADC_ConvCpltCallback
 .text.HAL_ADC_ConvHalfCpltCallback
                0x0000000008003d4c       0x14 build/stm32l4xx_hal_adc.o
                0x0000000008003d4c                HAL_ADC_ConvHalfCpltCallback
 .text.HAL_ADC_ErrorCallback
                0x0000000008003d60       0x14 build/stm32l4xx_hal_adc.o
                0x0000000008003d60                HAL_ADC_ErrorCallback
 .text.HAL_ADC_ConfigChannel
                0x0000000008003d74      0x7f4 build/stm32l4xx_hal_adc.o
                0x0000000008003d74                HAL_ADC_ConfigChannel
 .text.ADC_Enable
                0x0000000008004568      0x10c build/stm32l4xx_hal_adc.o
                0x0000000008004568                ADC_Enable
 .text.ADC_DMAConvCplt
                0x0000000008004674       0xd8 build/stm32l4xx_hal_adc.o
                0x0000000008004674                ADC_DMAConvCplt
 .text.ADC_DMAHalfConvCplt
                0x000000000800474c       0x1c build/stm32l4xx_hal_adc.o
                0x000000000800474c                ADC_DMAHalfConvCplt
 .text.ADC_DMAError
                0x0000000008004768       0x34 build/stm32l4xx_hal_adc.o
                0x0000000008004768                ADC_DMAError
 .text.LL_ADC_IsEnabled
                0x000000000800479c       0x26 build/stm32l4xx_hal_adc_ex.o
 .text.LL_ADC_REG_IsConversionOngoing
                0x00000000080047c2       0x26 build/stm32l4xx_hal_adc_ex.o
 .text.HAL_ADCEx_MultiModeConfigChannel
                0x00000000080047e8      0x148 build/stm32l4xx_hal_adc_ex.o
                0x00000000080047e8                HAL_ADCEx_MultiModeConfigChannel
 .text.__NVIC_SetPriorityGrouping
                0x0000000008004930       0x48 build/stm32l4xx_hal_cortex.o
 .text.__NVIC_GetPriorityGrouping
                0x0000000008004978       0x1c build/stm32l4xx_hal_cortex.o
 .text.__NVIC_EnableIRQ
                0x0000000008004994       0x3c build/stm32l4xx_hal_cortex.o
 .text.__NVIC_SetPriority
                0x00000000080049d0       0x54 build/stm32l4xx_hal_cortex.o
 .text.NVIC_EncodePriority
                0x0000000008004a24       0x66 build/stm32l4xx_hal_cortex.o
 *fill*         0x0000000008004a8a        0x2 
 .text.SysTick_Config
                0x0000000008004a8c       0x44 build/stm32l4xx_hal_cortex.o
 .text.HAL_NVIC_SetPriorityGrouping
                0x0000000008004ad0       0x16 build/stm32l4xx_hal_cortex.o
                0x0000000008004ad0                HAL_NVIC_SetPriorityGrouping
 .text.HAL_NVIC_SetPriority
                0x0000000008004ae6       0x38 build/stm32l4xx_hal_cortex.o
                0x0000000008004ae6                HAL_NVIC_SetPriority
 .text.HAL_NVIC_EnableIRQ
                0x0000000008004b1e       0x1c build/stm32l4xx_hal_cortex.o
                0x0000000008004b1e                HAL_NVIC_EnableIRQ
 .text.HAL_SYSTICK_Config
                0x0000000008004b3a       0x18 build/stm32l4xx_hal_cortex.o
                0x0000000008004b3a                HAL_SYSTICK_Config
 *fill*         0x0000000008004b52        0x2 
 .text.HAL_DMA_Init
                0x0000000008004b54      0x150 build/stm32l4xx_hal_dma.o
                0x0000000008004b54                HAL_DMA_Init
 .text.HAL_DMA_Start_IT
                0x0000000008004ca4       0xf6 build/stm32l4xx_hal_dma.o
                0x0000000008004ca4                HAL_DMA_Start_IT
 .text.HAL_DMA_Abort
                0x0000000008004d9a       0xb8 build/stm32l4xx_hal_dma.o
                0x0000000008004d9a                HAL_DMA_Abort
 .text.HAL_DMA_Abort_IT
                0x0000000008004e52       0xbe build/stm32l4xx_hal_dma.o
                0x0000000008004e52                HAL_DMA_Abort_IT
 .text.HAL_DMA_IRQHandler
                0x0000000008004f10      0x15e build/stm32l4xx_hal_dma.o
                0x0000000008004f10                HAL_DMA_IRQHandler
 .text.DMA_SetConfig
                0x000000000800506e       0x7c build/stm32l4xx_hal_dma.o
 *fill*         0x00000000080050ea        0x2 
 .text.DMA_CalcDMAMUXChannelBaseAndMask
                0x00000000080050ec       0x7c build/stm32l4xx_hal_dma.o
 .text.DMA_CalcDMAMUXRequestGenBaseAndMask
                0x0000000008005168       0x48 build/stm32l4xx_hal_dma.o
 .text.HAL_GPIO_Init
                0x00000000080051b0      0x324 build/stm32l4xx_hal_gpio.o
                0x00000000080051b0                HAL_GPIO_Init
 .text.HAL_GPIO_ReadPin
                0x00000000080054d4       0x30 build/stm32l4xx_hal_gpio.o
                0x00000000080054d4                HAL_GPIO_ReadPin
 .text.HAL_GPIO_WritePin
                0x0000000008005504       0x30 build/stm32l4xx_hal_gpio.o
                0x0000000008005504                HAL_GPIO_WritePin
 .text.HAL_GPIO_TogglePin
                0x0000000008005534       0x34 build/stm32l4xx_hal_gpio.o
                0x0000000008005534                HAL_GPIO_TogglePin
 .text.HAL_PCD_Init
                0x0000000008005568      0x248 build/stm32l4xx_hal_pcd.o
                0x0000000008005568                HAL_PCD_Init
 .text.HAL_PCDEx_ActivateLPM
                0x00000000080057b0       0x48 build/stm32l4xx_hal_pcd_ex.o
                0x00000000080057b0                HAL_PCDEx_ActivateLPM
 .text.HAL_PWREx_GetVoltageRange
                0x00000000080057f8       0x40 build/stm32l4xx_hal_pwr_ex.o
                0x00000000080057f8                HAL_PWREx_GetVoltageRange
 .text.HAL_PWREx_ControlVoltageScaling
                0x0000000008005838      0x148 build/stm32l4xx_hal_pwr_ex.o
                0x0000000008005838                HAL_PWREx_ControlVoltageScaling
 .text.HAL_PWREx_EnableVddUSB
                0x0000000008005980       0x20 build/stm32l4xx_hal_pwr_ex.o
                0x0000000008005980                HAL_PWREx_EnableVddUSB
 .text.HAL_PWREx_EnableVddIO2
                0x00000000080059a0       0x20 build/stm32l4xx_hal_pwr_ex.o
                0x00000000080059a0                HAL_PWREx_EnableVddIO2
 .text.HAL_RCC_OscConfig
                0x00000000080059c0      0x8f8 build/stm32l4xx_hal_rcc.o
                0x00000000080059c0                HAL_RCC_OscConfig
 .text.HAL_RCC_ClockConfig
                0x00000000080062b8      0x274 build/stm32l4xx_hal_rcc.o
                0x00000000080062b8                HAL_RCC_ClockConfig
 .text.HAL_RCC_GetSysClockFreq
                0x000000000800652c      0x118 build/stm32l4xx_hal_rcc.o
                0x000000000800652c                HAL_RCC_GetSysClockFreq
 .text.HAL_RCC_GetHCLKFreq
                0x0000000008006644       0x18 build/stm32l4xx_hal_rcc.o
                0x0000000008006644                HAL_RCC_GetHCLKFreq
 .text.HAL_RCC_GetPCLK1Freq
                0x000000000800665c       0x2c build/stm32l4xx_hal_rcc.o
                0x000000000800665c                HAL_RCC_GetPCLK1Freq
 .text.HAL_RCC_GetPCLK2Freq
                0x0000000008006688       0x2c build/stm32l4xx_hal_rcc.o
                0x0000000008006688                HAL_RCC_GetPCLK2Freq
 .text.RCC_SetFlashLatencyFromMSIRange
                0x00000000080066b4       0xb4 build/stm32l4xx_hal_rcc.o
 .text.RCC_GetSysClockFreqFromPLLSource
                0x0000000008006768       0xcc build/stm32l4xx_hal_rcc.o
 .text.HAL_RCCEx_PeriphCLKConfig
                0x0000000008006834      0x6d8 build/stm32l4xx_hal_rcc_ex.o
                0x0000000008006834                HAL_RCCEx_PeriphCLKConfig
 .text.RCCEx_PLLSAI1_Config
                0x0000000008006f0c      0x1e8 build/stm32l4xx_hal_rcc_ex.o
 .text.RCCEx_PLLSAI2_Config
                0x00000000080070f4      0x1e8 build/stm32l4xx_hal_rcc_ex.o
 .text.HAL_SPI_Init
                0x00000000080072dc      0x146 build/stm32l4xx_hal_spi.o
                0x00000000080072dc                HAL_SPI_Init
 .text.HAL_TIM_Base_Init
                0x0000000008007422       0xae build/stm32l4xx_hal_tim.o
                0x0000000008007422                HAL_TIM_Base_Init
 .text.HAL_TIM_Base_Start
                0x00000000080074d0       0xd0 build/stm32l4xx_hal_tim.o
                0x00000000080074d0                HAL_TIM_Base_Start
 .text.HAL_TIM_PWM_Init
                0x00000000080075a0       0xae build/stm32l4xx_hal_tim.o
                0x00000000080075a0                HAL_TIM_PWM_Init
 .text.HAL_TIM_PWM_MspInit
                0x000000000800764e       0x14 build/stm32l4xx_hal_tim.o
                0x000000000800764e                HAL_TIM_PWM_MspInit
 *fill*         0x0000000008007662        0x2 
 .text.HAL_TIM_PWM_Start
                0x0000000008007664      0x20c build/stm32l4xx_hal_tim.o
                0x0000000008007664                HAL_TIM_PWM_Start
 .text.HAL_TIM_PWM_ConfigChannel
                0x0000000008007870      0x228 build/stm32l4xx_hal_tim.o
                0x0000000008007870                HAL_TIM_PWM_ConfigChannel
 .text.HAL_TIM_ConfigClockSource
                0x0000000008007a98      0x192 build/stm32l4xx_hal_tim.o
                0x0000000008007a98                HAL_TIM_ConfigClockSource
 *fill*         0x0000000008007c2a        0x2 
 .text.TIM_Base_SetConfig
                0x0000000008007c2c      0x134 build/stm32l4xx_hal_tim.o
                0x0000000008007c2c                TIM_Base_SetConfig
 .text.TIM_OC1_SetConfig
                0x0000000008007d60      0x120 build/stm32l4xx_hal_tim.o
 .text.TIM_OC2_SetConfig
                0x0000000008007e80      0x114 build/stm32l4xx_hal_tim.o
                0x0000000008007e80                TIM_OC2_SetConfig
 .text.TIM_OC3_SetConfig
                0x0000000008007f94      0x110 build/stm32l4xx_hal_tim.o
 .text.TIM_OC4_SetConfig
                0x00000000080080a4       0xd4 build/stm32l4xx_hal_tim.o
 .text.TIM_OC5_SetConfig
                0x0000000008008178       0xc8 build/stm32l4xx_hal_tim.o
 .text.TIM_OC6_SetConfig
                0x0000000008008240       0xcc build/stm32l4xx_hal_tim.o
 .text.TIM_TI1_ConfigInputStage
                0x000000000800830c       0x5e build/stm32l4xx_hal_tim.o
 .text.TIM_TI2_ConfigInputStage
                0x000000000800836a       0x60 build/stm32l4xx_hal_tim.o
 .text.TIM_ITRx_SetConfig
                0x00000000080083ca       0x36 build/stm32l4xx_hal_tim.o
 .text.TIM_ETR_SetConfig
                0x0000000008008400       0x40 build/stm32l4xx_hal_tim.o
                0x0000000008008400                TIM_ETR_SetConfig
 .text.TIM_CCxChannelCmd
                0x0000000008008440       0x4a build/stm32l4xx_hal_tim.o
                0x0000000008008440                TIM_CCxChannelCmd
 *fill*         0x000000000800848a        0x2 
 .text.HAL_TIMEx_MasterConfigSynchronization
                0x000000000800848c      0x110 build/stm32l4xx_hal_tim_ex.o
                0x000000000800848c                HAL_TIMEx_MasterConfigSynchronization
 .text.HAL_UART_Init
                0x000000000800859c       0xa0 build/stm32l4xx_hal_uart.o
                0x000000000800859c                HAL_UART_Init
 .text.HAL_UART_Transmit
                0x000000000800863c      0x12c build/stm32l4xx_hal_uart.o
                0x000000000800863c                HAL_UART_Transmit
 .text.HAL_UART_IRQHandler
                0x0000000008008768      0x630 build/stm32l4xx_hal_uart.o
                0x0000000008008768                HAL_UART_IRQHandler
 .text.HAL_UART_TxCpltCallback
                0x0000000008008d98       0x14 build/stm32l4xx_hal_uart.o
                0x0000000008008d98                HAL_UART_TxCpltCallback
 .text.HAL_UART_RxCpltCallback
                0x0000000008008dac       0x14 build/stm32l4xx_hal_uart.o
                0x0000000008008dac                HAL_UART_RxCpltCallback
 .text.HAL_UART_RxHalfCpltCallback
                0x0000000008008dc0       0x14 build/stm32l4xx_hal_uart.o
                0x0000000008008dc0                HAL_UART_RxHalfCpltCallback
 .text.HAL_UART_ErrorCallback
                0x0000000008008dd4       0x14 build/stm32l4xx_hal_uart.o
                0x0000000008008dd4                HAL_UART_ErrorCallback
 .text.UART_SetConfig
                0x0000000008008de8      0x5f8 build/stm32l4xx_hal_uart.o
                0x0000000008008de8                UART_SetConfig
 .text.UART_AdvFeatureConfig
                0x00000000080093e0      0x144 build/stm32l4xx_hal_uart.o
                0x00000000080093e0                UART_AdvFeatureConfig
 .text.UART_CheckIdleState
                0x0000000008009524       0x96 build/stm32l4xx_hal_uart.o
                0x0000000008009524                UART_CheckIdleState
 .text.UART_WaitOnFlagUntilTimeout
                0x00000000080095ba      0x190 build/stm32l4xx_hal_uart.o
                0x00000000080095ba                UART_WaitOnFlagUntilTimeout
 *fill*         0x000000000800974a        0x2 
 .text.UART_Start_Receive_DMA
                0x000000000800974c      0x150 build/stm32l4xx_hal_uart.o
                0x000000000800974c                UART_Start_Receive_DMA
 .text.UART_EndTxTransfer
                0x000000000800989c       0x82 build/stm32l4xx_hal_uart.o
 .text.UART_EndRxTransfer
                0x000000000800991e       0xcc build/stm32l4xx_hal_uart.o
 .text.UART_DMAReceiveCplt
                0x00000000080099ea      0x126 build/stm32l4xx_hal_uart.o
 .text.UART_DMARxHalfCplt
                0x0000000008009b10       0x38 build/stm32l4xx_hal_uart.o
 .text.UART_DMAError
                0x0000000008009b48       0x80 build/stm32l4xx_hal_uart.o
 .text.UART_DMAAbortOnError
                0x0000000008009bc8       0x2c build/stm32l4xx_hal_uart.o
 .text.UART_EndTransmit_IT
                0x0000000008009bf4       0x56 build/stm32l4xx_hal_uart.o
 .text.HAL_UARTEx_WakeupCallback
                0x0000000008009c4a       0x14 build/stm32l4xx_hal_uart_ex.o
                0x0000000008009c4a                HAL_UARTEx_WakeupCallback
 .text.HAL_UARTEx_RxFifoFullCallback
                0x0000000008009c5e       0x14 build/stm32l4xx_hal_uart_ex.o
                0x0000000008009c5e                HAL_UARTEx_RxFifoFullCallback
 .text.HAL_UARTEx_TxFifoEmptyCallback
                0x0000000008009c72       0x14 build/stm32l4xx_hal_uart_ex.o
                0x0000000008009c72                HAL_UARTEx_TxFifoEmptyCallback
 .text.HAL_UARTEx_DisableFifoMode
                0x0000000008009c86       0x72 build/stm32l4xx_hal_uart_ex.o
                0x0000000008009c86                HAL_UARTEx_DisableFifoMode
 .text.HAL_UARTEx_SetTxFifoThreshold
                0x0000000008009cf8       0x7c build/stm32l4xx_hal_uart_ex.o
                0x0000000008009cf8                HAL_UARTEx_SetTxFifoThreshold
 .text.HAL_UARTEx_SetRxFifoThreshold
                0x0000000008009d74       0x7c build/stm32l4xx_hal_uart_ex.o
                0x0000000008009d74                HAL_UARTEx_SetRxFifoThreshold
 .text.HAL_UARTEx_ReceiveToIdle_DMA
                0x0000000008009df0       0xb8 build/stm32l4xx_hal_uart_ex.o
                0x0000000008009df0                HAL_UARTEx_ReceiveToIdle_DMA
 .text.UARTEx_SetNbDataToProcess
                0x0000000008009ea8       0x9c build/stm32l4xx_hal_uart_ex.o
 .text.USB_CoreInit
                0x0000000008009f44       0x58 build/stm32l4xx_ll_usb.o
                0x0000000008009f44                USB_CoreInit
 .text.USB_DisableGlobalInt
                0x0000000008009f9c       0x22 build/stm32l4xx_ll_usb.o
                0x0000000008009f9c                USB_DisableGlobalInt
 .text.USB_SetCurrentMode
                0x0000000008009fbe       0x98 build/stm32l4xx_ll_usb.o
                0x0000000008009fbe                USB_SetCurrentMode
 *fill*         0x000000000800a056        0x2 
 .text.USB_DevInit
                0x000000000800a058      0x298 build/stm32l4xx_ll_usb.o
                0x000000000800a058                USB_DevInit
 .text.USB_FlushTxFifo
                0x000000000800a2f0       0x68 build/stm32l4xx_ll_usb.o
                0x000000000800a2f0                USB_FlushTxFifo
 .text.USB_FlushRxFifo
                0x000000000800a358       0x60 build/stm32l4xx_ll_usb.o
                0x000000000800a358                USB_FlushRxFifo
 .text.USB_SetDevSpeed
                0x000000000800a3b8       0x32 build/stm32l4xx_ll_usb.o
                0x000000000800a3b8                USB_SetDevSpeed
 .text.USB_DevDisconnect
                0x000000000800a3ea       0x42 build/stm32l4xx_ll_usb.o
                0x000000000800a3ea                USB_DevDisconnect
 .text.USB_GetMode
                0x000000000800a42c       0x1c build/stm32l4xx_ll_usb.o
                0x000000000800a42c                USB_GetMode
 .text.USB_CoreReset
                0x000000000800a448       0x68 build/stm32l4xx_ll_usb.o
 .text.Reset_Handler
                0x000000000800a4b0       0x50 build/startup_stm32l4p5xx.o
                0x000000000800a4b0                Reset_Handler
 .text.Default_Handler
                0x000000000800a500        0x2 build/startup_stm32l4p5xx.o
                0x000000000800a500                RTC_Alarm_IRQHandler
                0x000000000800a500                EXTI2_IRQHandler
                0x000000000800a500                TIM8_TRG_COM_IRQHandler
                0x000000000800a500                TIM8_CC_IRQHandler
                0x000000000800a500                TIM1_CC_IRQHandler
                0x000000000800a500                TSC_IRQHandler
                0x000000000800a500                TAMP_STAMP_IRQHandler
                0x000000000800a500                EXTI3_IRQHandler
                0x000000000800a500                LPTIM2_IRQHandler
                0x000000000800a500                DFSDM1_FLT1_IRQHandler
                0x000000000800a500                I2C3_ER_IRQHandler
                0x000000000800a500                EXTI0_IRQHandler
                0x000000000800a500                I2C2_EV_IRQHandler
                0x000000000800a500                CAN1_RX0_IRQHandler
                0x000000000800a500                FPU_IRQHandler
                0x000000000800a500                TIM1_UP_TIM16_IRQHandler
                0x000000000800a500                LTDC_ER_IRQHandler
                0x000000000800a500                ADC1_2_IRQHandler
                0x000000000800a500                SPI1_IRQHandler
                0x000000000800a500                OCTOSPI1_IRQHandler
                0x000000000800a500                TIM6_DAC_IRQHandler
                0x000000000800a500                TIM8_UP_IRQHandler
                0x000000000800a500                OCTOSPI2_IRQHandler
                0x000000000800a500                DMA2_Channel2_IRQHandler
                0x000000000800a500                DMA1_Channel4_IRQHandler
                0x000000000800a500                SAI2_IRQHandler
                0x000000000800a500                USART3_IRQHandler
                0x000000000800a500                DMA1_Channel7_IRQHandler
                0x000000000800a500                CAN1_RX1_IRQHandler
                0x000000000800a500                UART5_IRQHandler
                0x000000000800a500                TIM4_IRQHandler
                0x000000000800a500                DMA2_Channel1_IRQHandler
                0x000000000800a500                I2C1_EV_IRQHandler
                0x000000000800a500                DMAMUX1_OVR_IRQHandler
                0x000000000800a500                DMA1_Channel6_IRQHandler
                0x000000000800a500                UART4_IRQHandler
                0x000000000800a500                DMA2_Channel4_IRQHandler
                0x000000000800a500                TIM3_IRQHandler
                0x000000000800a500                RCC_IRQHandler
                0x000000000800a500                Default_Handler
                0x000000000800a500                DMA2_Channel7_IRQHandler
                0x000000000800a500                EXTI15_10_IRQHandler
                0x000000000800a500                TIM7_IRQHandler
                0x000000000800a500                SDMMC1_IRQHandler
                0x000000000800a500                TIM5_IRQHandler
                0x000000000800a500                I2C3_EV_IRQHandler
                0x000000000800a500                EXTI9_5_IRQHandler
                0x000000000800a500                RTC_WKUP_IRQHandler
                0x000000000800a500                LTDC_IRQHandler
                0x000000000800a500                PVD_PVM_IRQHandler
                0x000000000800a500                SPI2_IRQHandler
                0x000000000800a500                CAN1_TX_IRQHandler
                0x000000000800a500                DMA2_Channel5_IRQHandler
                0x000000000800a500                DMA1_Channel5_IRQHandler
                0x000000000800a500                EXTI4_IRQHandler
                0x000000000800a500                RNG_IRQHandler
                0x000000000800a500                TIM1_TRG_COM_TIM17_IRQHandler
                0x000000000800a500                DMA1_Channel3_IRQHandler
                0x000000000800a500                COMP_IRQHandler
                0x000000000800a500                HASH_CRS_IRQHandler
                0x000000000800a500                WWDG_IRQHandler
                0x000000000800a500                I2C4_EV_IRQHandler
                0x000000000800a500                DMA2_Channel6_IRQHandler
                0x000000000800a500                TIM2_IRQHandler
                0x000000000800a500                DMA2D_IRQHandler
                0x000000000800a500                EXTI1_IRQHandler
                0x000000000800a500                SDMMC2_IRQHandler
                0x000000000800a500                USART2_IRQHandler
                0x000000000800a500                DFSDM1_FLT0_IRQHandler
                0x000000000800a500                I2C2_ER_IRQHandler
                0x000000000800a500                TIM8_BRK_IRQHandler
                0x000000000800a500                CAN1_SCE_IRQHandler
                0x000000000800a500                FLASH_IRQHandler
                0x000000000800a500                USART1_IRQHandler
                0x000000000800a500                OTG_FS_IRQHandler
                0x000000000800a500                SPI3_IRQHandler
                0x000000000800a500                I2C1_ER_IRQHandler
                0x000000000800a500                FMC_IRQHandler
                0x000000000800a500                LPTIM1_IRQHandler
                0x000000000800a500                DCMI_PSSI_IRQHandler
                0x000000000800a500                I2C4_ER_IRQHandler
                0x000000000800a500                SAI1_IRQHandler
                0x000000000800a500                DMA2_Channel3_IRQHandler
                0x000000000800a500                TIM1_BRK_TIM15_IRQHandler
 .text.atof     0x000000000800a502        0x6 c:/users/morroway/appdata/roaming/code/user/globalstorage/bmd.stm32-for-vscode/@xpack-dev-tools/arm-none-eabi-gcc/11.2.1-1.2.2/.content/bin/../lib/gcc/arm-none-eabi/11.2.1/../../../../arm-none-eabi/lib/thumb/v7e-m+fp/hard\libc_nano.a(lib_a-atof.o)
                0x000000000800a502                atof
 .text.atoi     0x000000000800a508        0x8 c:/users/morroway/appdata/roaming/code/user/globalstorage/bmd.stm32-for-vscode/@xpack-dev-tools/arm-none-eabi-gcc/11.2.1-1.2.2/.content/bin/../lib/gcc/arm-none-eabi/11.2.1/../../../../arm-none-eabi/lib/thumb/v7e-m+fp/hard\libc_nano.a(lib_a-atoi.o)
                0x000000000800a508                atoi
 .text.__libc_init_array
                0x000000000800a510       0x48 c:/users/morroway/appdata/roaming/code/user/globalstorage/bmd.stm32-for-vscode/@xpack-dev-tools/arm-none-eabi-gcc/11.2.1-1.2.2/.content/bin/../lib/gcc/arm-none-eabi/11.2.1/../../../../arm-none-eabi/lib/thumb/v7e-m+fp/hard\libc_nano.a(lib_a-init.o)
                0x000000000800a510                __libc_init_array
 .text.memset   0x000000000800a558       0x10 c:/users/morroway/appdata/roaming/code/user/globalstorage/bmd.stm32-for-vscode/@xpack-dev-tools/arm-none-eabi-gcc/11.2.1-1.2.2/.content/bin/../lib/gcc/arm-none-eabi/11.2.1/../../../../arm-none-eabi/lib/thumb/v7e-m+fp/hard\libc_nano.a(lib_a-memset.o)
                0x000000000800a558                memset
 .text.__cvt    0x000000000800a568       0xc4 c:/users/morroway/appdata/roaming/code/user/globalstorage/bmd.stm32-for-vscode/@xpack-dev-tools/arm-none-eabi-gcc/11.2.1-1.2.2/.content/bin/../lib/gcc/arm-none-eabi/11.2.1/../../../../arm-none-eabi/lib/thumb/v7e-m+fp/hard\libc_nano.a(lib_a-nano-vfprintf_float.o)
                0x000000000800a568                __cvt
 .text.__exponent
                0x000000000800a62c       0x7c c:/users/morroway/appdata/roaming/code/user/globalstorage/bmd.stm32-for-vscode/@xpack-dev-tools/arm-none-eabi-gcc/11.2.1-1.2.2/.content/bin/../lib/gcc/arm-none-eabi/11.2.1/../../../../arm-none-eabi/lib/thumb/v7e-m+fp/hard\libc_nano.a(lib_a-nano-vfprintf_float.o)
                0x000000000800a62c                __exponent
 .text._printf_float
                0x000000000800a6a8      0x46c c:/users/morroway/appdata/roaming/code/user/globalstorage/bmd.stm32-for-vscode/@xpack-dev-tools/arm-none-eabi-gcc/11.2.1-1.2.2/.content/bin/../lib/gcc/arm-none-eabi/11.2.1/../../../../arm-none-eabi/lib/thumb/v7e-m+fp/hard\libc_nano.a(lib_a-nano-vfprintf_float.o)
                0x000000000800a6a8                _printf_float
 .text._printf_common
                0x000000000800ab14       0xda c:/users/morroway/appdata/roaming/code/user/globalstorage/bmd.stm32-for-vscode/@xpack-dev-tools/arm-none-eabi-gcc/11.2.1-1.2.2/.content/bin/../lib/gcc/arm-none-eabi/11.2.1/../../../../arm-none-eabi/lib/thumb/v7e-m+fp/hard\libc_nano.a(lib_a-nano-vfprintf_i.o)
                0x000000000800ab14                _printf_common
 *fill*         0x000000000800abee        0x2 
 .text._printf_i
                0x000000000800abf0      0x244 c:/users/morroway/appdata/roaming/code/user/globalstorage/bmd.stm32-for-vscode/@xpack-dev-tools/arm-none-eabi-gcc/11.2.1-1.2.2/.content/bin/../lib/gcc/arm-none-eabi/11.2.1/../../../../arm-none-eabi/lib/thumb/v7e-m+fp/hard\libc_nano.a(lib_a-nano-vfprintf_i.o)
                0x000000000800abf0                _printf_i
 .text.sprintf  0x000000000800ae34       0x40 c:/users/morroway/appdata/roaming/code/user/globalstorage/bmd.stm32-for-vscode/@xpack-dev-tools/arm-none-eabi-gcc/11.2.1-1.2.2/.content/bin/../lib/gcc/arm-none-eabi/11.2.1/../../../../arm-none-eabi/lib/thumb/v7e-m+fp/hard\libc_nano.a(lib_a-sprintf.o)
                0x000000000800ae34                siprintf
                0x000000000800ae34                sprintf
 .text.sulp     0x000000000800ae74       0x38 c:/users/morroway/appdata/roaming/code/user/globalstorage/bmd.stm32-for-vscode/@xpack-dev-tools/arm-none-eabi-gcc/11.2.1-1.2.2/.content/bin/../lib/gcc/arm-none-eabi/11.2.1/../../../../arm-none-eabi/lib/thumb/v7e-m+fp/hard\libc_nano.a(lib_a-strtod.o)
 *fill*         0x000000000800aeac        0x4 
 .text._strtod_l
                0x000000000800aeb0      0xbe0 c:/users/morroway/appdata/roaming/code/user/globalstorage/bmd.stm32-for-vscode/@xpack-dev-tools/arm-none-eabi-gcc/11.2.1-1.2.2/.content/bin/../lib/gcc/arm-none-eabi/11.2.1/../../../../arm-none-eabi/lib/thumb/v7e-m+fp/hard\libc_nano.a(lib_a-strtod.o)
                0x000000000800aeb0                _strtod_l
 .text.strtod   0x000000000800ba90       0x18 c:/users/morroway/appdata/roaming/code/user/globalstorage/bmd.stm32-for-vscode/@xpack-dev-tools/arm-none-eabi-gcc/11.2.1-1.2.2/.content/bin/../lib/gcc/arm-none-eabi/11.2.1/../../../../arm-none-eabi/lib/thumb/v7e-m+fp/hard\libc_nano.a(lib_a-strtod.o)
                0x000000000800ba90                strtod
 .text.strtok   0x000000000800baa8       0x68 c:/users/morroway/appdata/roaming/code/user/globalstorage/bmd.stm32-for-vscode/@xpack-dev-tools/arm-none-eabi-gcc/11.2.1-1.2.2/.content/bin/../lib/gcc/arm-none-eabi/11.2.1/../../../../arm-none-eabi/lib/thumb/v7e-m+fp/hard\libc_nano.a(lib_a-strtok.o)
                0x000000000800baa8                strtok
 .text.__strtok_r
                0x000000000800bb10       0x50 c:/users/morroway/appdata/roaming/code/user/globalstorage/bmd.stm32-for-vscode/@xpack-dev-tools/arm-none-eabi-gcc/11.2.1-1.2.2/.content/bin/../lib/gcc/arm-none-eabi/11.2.1/../../../../arm-none-eabi/lib/thumb/v7e-m+fp/hard\libc_nano.a(lib_a-strtok_r.o)
                0x000000000800bb10                __strtok_r
 .text._strtol_l.constprop.0
                0x000000000800bb60      0x104 c:/users/morroway/appdata/roaming/code/user/globalstorage/bmd.stm32-for-vscode/@xpack-dev-tools/arm-none-eabi-gcc/11.2.1-1.2.2/.content/bin/../lib/gcc/arm-none-eabi/11.2.1/../../../../arm-none-eabi/lib/thumb/v7e-m+fp/hard\libc_nano.a(lib_a-strtol.o)
 .text.strtol   0x000000000800bc64       0x14 c:/users/morroway/appdata/roaming/code/user/globalstorage/bmd.stm32-for-vscode/@xpack-dev-tools/arm-none-eabi-gcc/11.2.1-1.2.2/.content/bin/../lib/gcc/arm-none-eabi/11.2.1/../../../../arm-none-eabi/lib/thumb/v7e-m+fp/hard\libc_nano.a(lib_a-strtol.o)
                0x000000000800bc64                strtol
 .text.__assert_func
                0x000000000800bc78       0x3c c:/users/morroway/appdata/roaming/code/user/globalstorage/bmd.stm32-for-vscode/@xpack-dev-tools/arm-none-eabi-gcc/11.2.1-1.2.2/.content/bin/../lib/gcc/arm-none-eabi/11.2.1/../../../../arm-none-eabi/lib/thumb/v7e-m+fp/hard\libc_nano.a(lib_a-assert.o)
                0x000000000800bc78                __assert_func
 .text.quorem   0x000000000800bcb4      0x110 c:/users/morroway/appdata/roaming/code/user/globalstorage/bmd.stm32-for-vscode/@xpack-dev-tools/arm-none-eabi-gcc/11.2.1-1.2.2/.content/bin/../lib/gcc/arm-none-eabi/11.2.1/../../../../arm-none-eabi/lib/thumb/v7e-m+fp/hard\libc_nano.a(lib_a-dtoa.o)
 *fill*         0x000000000800bdc4        0x4 
 .text._dtoa_r  0x000000000800bdc8      0xbe4 c:/users/morroway/appdata/roaming/code/user/globalstorage/bmd.stm32-for-vscode/@xpack-dev-tools/arm-none-eabi-gcc/11.2.1-1.2.2/.content/bin/../lib/gcc/arm-none-eabi/11.2.1/../../../../arm-none-eabi/lib/thumb/v7e-m+fp/hard\libc_nano.a(lib_a-dtoa.o)
                0x000000000800bdc8                _dtoa_r
 .text.__errno  0x000000000800c9ac        0xc c:/users/morroway/appdata/roaming/code/user/globalstorage/bmd.stm32-for-vscode/@xpack-dev-tools/arm-none-eabi-gcc/11.2.1-1.2.2/.content/bin/../lib/gcc/arm-none-eabi/11.2.1/../../../../arm-none-eabi/lib/thumb/v7e-m+fp/hard\libc_nano.a(lib_a-errno.o)
                0x000000000800c9ac                __errno
 .text.fprintf  0x000000000800c9b8       0x24 c:/users/morroway/appdata/roaming/code/user/globalstorage/bmd.stm32-for-vscode/@xpack-dev-tools/arm-none-eabi-gcc/11.2.1-1.2.2/.content/bin/../lib/gcc/arm-none-eabi/11.2.1/../../../../arm-none-eabi/lib/thumb/v7e-m+fp/hard\libc_nano.a(lib_a-fprintf.o)
                0x000000000800c9b8                fiprintf
                0x000000000800c9b8                fprintf
 .text.rshift   0x000000000800c9dc       0xa4 c:/users/morroway/appdata/roaming/code/user/globalstorage/bmd.stm32-for-vscode/@xpack-dev-tools/arm-none-eabi-gcc/11.2.1-1.2.2/.content/bin/../lib/gcc/arm-none-eabi/11.2.1/../../../../arm-none-eabi/lib/thumb/v7e-m+fp/hard\libc_nano.a(lib_a-gdtoa-gethex.o)
 .text.__hexdig_fun
                0x000000000800ca80       0x2a c:/users/morroway/appdata/roaming/code/user/globalstorage/bmd.stm32-for-vscode/@xpack-dev-tools/arm-none-eabi-gcc/11.2.1-1.2.2/.content/bin/../lib/gcc/arm-none-eabi/11.2.1/../../../../arm-none-eabi/lib/thumb/v7e-m+fp/hard\libc_nano.a(lib_a-gdtoa-gethex.o)
                0x000000000800ca80                __hexdig_fun
 *fill*         0x000000000800caaa        0x2 
 .text.__gethex
                0x000000000800caac      0x488 c:/users/morroway/appdata/roaming/code/user/globalstorage/bmd.stm32-for-vscode/@xpack-dev-tools/arm-none-eabi-gcc/11.2.1-1.2.2/.content/bin/../lib/gcc/arm-none-eabi/11.2.1/../../../../arm-none-eabi/lib/thumb/v7e-m+fp/hard\libc_nano.a(lib_a-gdtoa-gethex.o)
                0x000000000800caac                __gethex
 .text.L_shift  0x000000000800cf34       0x24 c:/users/morroway/appdata/roaming/code/user/globalstorage/bmd.stm32-for-vscode/@xpack-dev-tools/arm-none-eabi-gcc/11.2.1-1.2.2/.content/bin/../lib/gcc/arm-none-eabi/11.2.1/../../../../arm-none-eabi/lib/thumb/v7e-m+fp/hard\libc_nano.a(lib_a-gdtoa-hexnan.o)
 .text.__match  0x000000000800cf58       0x28 c:/users/morroway/appdata/roaming/code/user/globalstorage/bmd.stm32-for-vscode/@xpack-dev-tools/arm-none-eabi-gcc/11.2.1-1.2.2/.content/bin/../lib/gcc/arm-none-eabi/11.2.1/../../../../arm-none-eabi/lib/thumb/v7e-m+fp/hard\libc_nano.a(lib_a-gdtoa-hexnan.o)
                0x000000000800cf58                __match
 .text.__hexnan
                0x000000000800cf80      0x136 c:/users/morroway/appdata/roaming/code/user/globalstorage/bmd.stm32-for-vscode/@xpack-dev-tools/arm-none-eabi-gcc/11.2.1-1.2.2/.content/bin/../lib/gcc/arm-none-eabi/11.2.1/../../../../arm-none-eabi/lib/thumb/v7e-m+fp/hard\libc_nano.a(lib_a-gdtoa-hexnan.o)
                0x000000000800cf80                __hexnan
 *fill*         0x000000000800d0b6        0x2 
 .text._localeconv_r
                0x000000000800d0b8        0x8 c:/users/morroway/appdata/roaming/code/user/globalstorage/bmd.stm32-for-vscode/@xpack-dev-tools/arm-none-eabi-gcc/11.2.1-1.2.2/.content/bin/../lib/gcc/arm-none-eabi/11.2.1/../../../../arm-none-eabi/lib/thumb/v7e-m+fp/hard\libc_nano.a(lib_a-localeconv.o)
                0x000000000800d0b8                _localeconv_r
 .text.malloc   0x000000000800d0c0       0x10 c:/users/morroway/appdata/roaming/code/user/globalstorage/bmd.stm32-for-vscode/@xpack-dev-tools/arm-none-eabi-gcc/11.2.1-1.2.2/.content/bin/../lib/gcc/arm-none-eabi/11.2.1/../../../../arm-none-eabi/lib/thumb/v7e-m+fp/hard\libc_nano.a(lib_a-malloc.o)
                0x000000000800d0c0                malloc
 .text.__ascii_mbtowc
                0x000000000800d0d0       0x24 c:/users/morroway/appdata/roaming/code/user/globalstorage/bmd.stm32-for-vscode/@xpack-dev-tools/arm-none-eabi-gcc/11.2.1-1.2.2/.content/bin/../lib/gcc/arm-none-eabi/11.2.1/../../../../arm-none-eabi/lib/thumb/v7e-m+fp/hard\libc_nano.a(lib_a-mbtowc_r.o)
                0x000000000800d0d0                __ascii_mbtowc
 .text.memcpy   0x000000000800d0f4       0x1c c:/users/morroway/appdata/roaming/code/user/globalstorage/bmd.stm32-for-vscode/@xpack-dev-tools/arm-none-eabi-gcc/11.2.1-1.2.2/.content/bin/../lib/gcc/arm-none-eabi/11.2.1/../../../../arm-none-eabi/lib/thumb/v7e-m+fp/hard\libc_nano.a(lib_a-memcpy-stub.o)
                0x000000000800d0f4                memcpy
 .text._Balloc  0x000000000800d110       0x80 c:/users/morroway/appdata/roaming/code/user/globalstorage/bmd.stm32-for-vscode/@xpack-dev-tools/arm-none-eabi-gcc/11.2.1-1.2.2/.content/bin/../lib/gcc/arm-none-eabi/11.2.1/../../../../arm-none-eabi/lib/thumb/v7e-m+fp/hard\libc_nano.a(lib_a-mprec.o)
                0x000000000800d110                _Balloc
 .text._Bfree   0x000000000800d190       0x44 c:/users/morroway/appdata/roaming/code/user/globalstorage/bmd.stm32-for-vscode/@xpack-dev-tools/arm-none-eabi-gcc/11.2.1-1.2.2/.content/bin/../lib/gcc/arm-none-eabi/11.2.1/../../../../arm-none-eabi/lib/thumb/v7e-m+fp/hard\libc_nano.a(lib_a-mprec.o)
                0x000000000800d190                _Bfree
 .text.__multadd
                0x000000000800d1d4       0x8c c:/users/morroway/appdata/roaming/code/user/globalstorage/bmd.stm32-for-vscode/@xpack-dev-tools/arm-none-eabi-gcc/11.2.1-1.2.2/.content/bin/../lib/gcc/arm-none-eabi/11.2.1/../../../../arm-none-eabi/lib/thumb/v7e-m+fp/hard\libc_nano.a(lib_a-mprec.o)
                0x000000000800d1d4                __multadd
 .text.__s2b    0x000000000800d260       0x94 c:/users/morroway/appdata/roaming/code/user/globalstorage/bmd.stm32-for-vscode/@xpack-dev-tools/arm-none-eabi-gcc/11.2.1-1.2.2/.content/bin/../lib/gcc/arm-none-eabi/11.2.1/../../../../arm-none-eabi/lib/thumb/v7e-m+fp/hard\libc_nano.a(lib_a-mprec.o)
                0x000000000800d260                __s2b
 .text.__hi0bits
                0x000000000800d2f4       0x40 c:/users/morroway/appdata/roaming/code/user/globalstorage/bmd.stm32-for-vscode/@xpack-dev-tools/arm-none-eabi-gcc/11.2.1-1.2.2/.content/bin/../lib/gcc/arm-none-eabi/11.2.1/../../../../arm-none-eabi/lib/thumb/v7e-m+fp/hard\libc_nano.a(lib_a-mprec.o)
                0x000000000800d2f4                __hi0bits
 .text.__lo0bits
                0x000000000800d334       0x5a c:/users/morroway/appdata/roaming/code/user/globalstorage/bmd.stm32-for-vscode/@xpack-dev-tools/arm-none-eabi-gcc/11.2.1-1.2.2/.content/bin/../lib/gcc/arm-none-eabi/11.2.1/../../../../arm-none-eabi/lib/thumb/v7e-m+fp/hard\libc_nano.a(lib_a-mprec.o)
                0x000000000800d334                __lo0bits
 *fill*         0x000000000800d38e        0x2 
 .text.__i2b    0x000000000800d390       0x2c c:/users/morroway/appdata/roaming/code/user/globalstorage/bmd.stm32-for-vscode/@xpack-dev-tools/arm-none-eabi-gcc/11.2.1-1.2.2/.content/bin/../lib/gcc/arm-none-eabi/11.2.1/../../../../arm-none-eabi/lib/thumb/v7e-m+fp/hard\libc_nano.a(lib_a-mprec.o)
                0x000000000800d390                __i2b
 .text.__multiply
                0x000000000800d3bc      0x154 c:/users/morroway/appdata/roaming/code/user/globalstorage/bmd.stm32-for-vscode/@xpack-dev-tools/arm-none-eabi-gcc/11.2.1-1.2.2/.content/bin/../lib/gcc/arm-none-eabi/11.2.1/../../../../arm-none-eabi/lib/thumb/v7e-m+fp/hard\libc_nano.a(lib_a-mprec.o)
                0x000000000800d3bc                __multiply
 .text.__pow5mult
                0x000000000800d510       0xb4 c:/users/morroway/appdata/roaming/code/user/globalstorage/bmd.stm32-for-vscode/@xpack-dev-tools/arm-none-eabi-gcc/11.2.1-1.2.2/.content/bin/../lib/gcc/arm-none-eabi/11.2.1/../../../../arm-none-eabi/lib/thumb/v7e-m+fp/hard\libc_nano.a(lib_a-mprec.o)
                0x000000000800d510                __pow5mult
 .text.__lshift
                0x000000000800d5c4       0xd8 c:/users/morroway/appdata/roaming/code/user/globalstorage/bmd.stm32-for-vscode/@xpack-dev-tools/arm-none-eabi-gcc/11.2.1-1.2.2/.content/bin/../lib/gcc/arm-none-eabi/11.2.1/../../../../arm-none-eabi/lib/thumb/v7e-m+fp/hard\libc_nano.a(lib_a-mprec.o)
                0x000000000800d5c4                __lshift
 .text.__mcmp   0x000000000800d69c       0x38 c:/users/morroway/appdata/roaming/code/user/globalstorage/bmd.stm32-for-vscode/@xpack-dev-tools/arm-none-eabi-gcc/11.2.1-1.2.2/.content/bin/../lib/gcc/arm-none-eabi/11.2.1/../../../../arm-none-eabi/lib/thumb/v7e-m+fp/hard\libc_nano.a(lib_a-mprec.o)
                0x000000000800d69c                __mcmp
 .text.__mdiff  0x000000000800d6d4      0x114 c:/users/morroway/appdata/roaming/code/user/globalstorage/bmd.stm32-for-vscode/@xpack-dev-tools/arm-none-eabi-gcc/11.2.1-1.2.2/.content/bin/../lib/gcc/arm-none-eabi/11.2.1/../../../../arm-none-eabi/lib/thumb/v7e-m+fp/hard\libc_nano.a(lib_a-mprec.o)
                0x000000000800d6d4                __mdiff
 .text.__ulp    0x000000000800d7e8       0x4c c:/users/morroway/appdata/roaming/code/user/globalstorage/bmd.stm32-for-vscode/@xpack-dev-tools/arm-none-eabi-gcc/11.2.1-1.2.2/.content/bin/../lib/gcc/arm-none-eabi/11.2.1/../../../../arm-none-eabi/lib/thumb/v7e-m+fp/hard\libc_nano.a(lib_a-mprec.o)
                0x000000000800d7e8                __ulp
 .text.__b2d    0x000000000800d834       0x94 c:/users/morroway/appdata/roaming/code/user/globalstorage/bmd.stm32-for-vscode/@xpack-dev-tools/arm-none-eabi-gcc/11.2.1-1.2.2/.content/bin/../lib/gcc/arm-none-eabi/11.2.1/../../../../arm-none-eabi/lib/thumb/v7e-m+fp/hard\libc_nano.a(lib_a-mprec.o)
                0x000000000800d834                __b2d
 .text.__d2b    0x000000000800d8c8       0xb4 c:/users/morroway/appdata/roaming/code/user/globalstorage/bmd.stm32-for-vscode/@xpack-dev-tools/arm-none-eabi-gcc/11.2.1-1.2.2/.content/bin/../lib/gcc/arm-none-eabi/11.2.1/../../../../arm-none-eabi/lib/thumb/v7e-m+fp/hard\libc_nano.a(lib_a-mprec.o)
                0x000000000800d8c8                __d2b
 .text.__ratio  0x000000000800d97c       0x66 c:/users/morroway/appdata/roaming/code/user/globalstorage/bmd.stm32-for-vscode/@xpack-dev-tools/arm-none-eabi-gcc/11.2.1-1.2.2/.content/bin/../lib/gcc/arm-none-eabi/11.2.1/../../../../arm-none-eabi/lib/thumb/v7e-m+fp/hard\libc_nano.a(lib_a-mprec.o)
                0x000000000800d97c                __ratio
 .text.__copybits
                0x000000000800d9e2       0x46 c:/users/morroway/appdata/roaming/code/user/globalstorage/bmd.stm32-for-vscode/@xpack-dev-tools/arm-none-eabi-gcc/11.2.1-1.2.2/.content/bin/../lib/gcc/arm-none-eabi/11.2.1/../../../../arm-none-eabi/lib/thumb/v7e-m+fp/hard\libc_nano.a(lib_a-mprec.o)
                0x000000000800d9e2                __copybits
 .text.__any_on
                0x000000000800da28       0x42 c:/users/morroway/appdata/roaming/code/user/globalstorage/bmd.stm32-for-vscode/@xpack-dev-tools/arm-none-eabi-gcc/11.2.1-1.2.2/.content/bin/../lib/gcc/arm-none-eabi/11.2.1/../../../../arm-none-eabi/lib/thumb/v7e-m+fp/hard\libc_nano.a(lib_a-mprec.o)
                0x000000000800da28                __any_on
 .text._calloc_r
                0x000000000800da6a       0x2c c:/users/morroway/appdata/roaming/code/user/globalstorage/bmd.stm32-for-vscode/@xpack-dev-tools/arm-none-eabi-gcc/11.2.1-1.2.2/.content/bin/../lib/gcc/arm-none-eabi/11.2.1/../../../../arm-none-eabi/lib/thumb/v7e-m+fp/hard\libc_nano.a(lib_a-nano-callocr.o)
                0x000000000800da6a                _calloc_r
 *fill*         0x000000000800da96        0x2 
 .text._free_r  0x000000000800da98       0x98 c:/users/morroway/appdata/roaming/code/user/globalstorage/bmd.stm32-for-vscode/@xpack-dev-tools/arm-none-eabi-gcc/11.2.1-1.2.2/.content/bin/../lib/gcc/arm-none-eabi/11.2.1/../../../../arm-none-eabi/lib/thumb/v7e-m+fp/hard\libc_nano.a(lib_a-nano-freer.o)
                0x000000000800da98                _free_r
 .text.sbrk_aligned
                0x000000000800db30       0x40 c:/users/morroway/appdata/roaming/code/user/globalstorage/bmd.stm32-for-vscode/@xpack-dev-tools/arm-none-eabi-gcc/11.2.1-1.2.2/.content/bin/../lib/gcc/arm-none-eabi/11.2.1/../../../../arm-none-eabi/lib/thumb/v7e-m+fp/hard\libc_nano.a(lib_a-nano-mallocr.o)
 .text._malloc_r
                0x000000000800db70       0xe8 c:/users/morroway/appdata/roaming/code/user/globalstorage/bmd.stm32-for-vscode/@xpack-dev-tools/arm-none-eabi-gcc/11.2.1-1.2.2/.content/bin/../lib/gcc/arm-none-eabi/11.2.1/../../../../arm-none-eabi/lib/thumb/v7e-m+fp/hard\libc_nano.a(lib_a-nano-mallocr.o)
                0x000000000800db70                _malloc_r
 .text.__ssputs_r
                0x000000000800dc58       0xb4 c:/users/morroway/appdata/roaming/code/user/globalstorage/bmd.stm32-for-vscode/@xpack-dev-tools/arm-none-eabi-gcc/11.2.1-1.2.2/.content/bin/../lib/gcc/arm-none-eabi/11.2.1/../../../../arm-none-eabi/lib/thumb/v7e-m+fp/hard\libc_nano.a(lib_a-nano-svfprintf.o)
                0x000000000800dc58                __ssputs_r
 .text._svfprintf_r
                0x000000000800dd0c      0x1fc c:/users/morroway/appdata/roaming/code/user/globalstorage/bmd.stm32-for-vscode/@xpack-dev-tools/arm-none-eabi-gcc/11.2.1-1.2.2/.content/bin/../lib/gcc/arm-none-eabi/11.2.1/../../../../arm-none-eabi/lib/thumb/v7e-m+fp/hard\libc_nano.a(lib_a-nano-svfprintf.o)
                0x000000000800dd0c                _svfiprintf_r
                0x000000000800dd0c                _svfprintf_r
 .text.__sfputc_r
                0x000000000800df08       0x2e c:/users/morroway/appdata/roaming/code/user/globalstorage/bmd.stm32-for-vscode/@xpack-dev-tools/arm-none-eabi-gcc/11.2.1-1.2.2/.content/bin/../lib/gcc/arm-none-eabi/11.2.1/../../../../arm-none-eabi/lib/thumb/v7e-m+fp/hard\libc_nano.a(lib_a-nano-vfprintf.o)
 .text.__sfputs_r
                0x000000000800df36       0x24 c:/users/morroway/appdata/roaming/code/user/globalstorage/bmd.stm32-for-vscode/@xpack-dev-tools/arm-none-eabi-gcc/11.2.1-1.2.2/.content/bin/../lib/gcc/arm-none-eabi/11.2.1/../../../../arm-none-eabi/lib/thumb/v7e-m+fp/hard\libc_nano.a(lib_a-nano-vfprintf.o)
                0x000000000800df36                __sfputs_r
 *fill*         0x000000000800df5a        0x2 
 .text._vfprintf_r
                0x000000000800df5c      0x228 c:/users/morroway/appdata/roaming/code/user/globalstorage/bmd.stm32-for-vscode/@xpack-dev-tools/arm-none-eabi-gcc/11.2.1-1.2.2/.content/bin/../lib/gcc/arm-none-eabi/11.2.1/../../../../arm-none-eabi/lib/thumb/v7e-m+fp/hard\libc_nano.a(lib_a-nano-vfprintf.o)
                0x000000000800df5c                _vfprintf_r
                0x000000000800df5c                _vfiprintf_r
 .text._sbrk_r  0x000000000800e184       0x20 c:/users/morroway/appdata/roaming/code/user/globalstorage/bmd.stm32-for-vscode/@xpack-dev-tools/arm-none-eabi-gcc/11.2.1-1.2.2/.content/bin/../lib/gcc/arm-none-eabi/11.2.1/../../../../arm-none-eabi/lib/thumb/v7e-m+fp/hard\libc_nano.a(lib_a-sbrkr.o)
                0x000000000800e184                _sbrk_r
 *fill*         0x000000000800e1a4        0x4 
 .text.nan      0x000000000800e1a8       0x10 c:/users/morroway/appdata/roaming/code/user/globalstorage/bmd.stm32-for-vscode/@xpack-dev-tools/arm-none-eabi-gcc/11.2.1-1.2.2/.content/bin/../lib/gcc/arm-none-eabi/11.2.1/../../../../arm-none-eabi/lib/thumb/v7e-m+fp/hard\libc_nano.a(lib_a-s_nan.o)
                0x000000000800e1a8                nan
 .text.strncmp  0x000000000800e1b8       0x24 c:/users/morroway/appdata/roaming/code/user/globalstorage/bmd.stm32-for-vscode/@xpack-dev-tools/arm-none-eabi-gcc/11.2.1-1.2.2/.content/bin/../lib/gcc/arm-none-eabi/11.2.1/../../../../arm-none-eabi/lib/thumb/v7e-m+fp/hard\libc_nano.a(lib_a-strncmp.o)
                0x000000000800e1b8                strncmp
 .text.__swbuf_r
                0x000000000800e1dc       0xa4 c:/users/morroway/appdata/roaming/code/user/globalstorage/bmd.stm32-for-vscode/@xpack-dev-tools/arm-none-eabi-gcc/11.2.1-1.2.2/.content/bin/../lib/gcc/arm-none-eabi/11.2.1/../../../../arm-none-eabi/lib/thumb/v7e-m+fp/hard\libc_nano.a(lib_a-wbuf.o)
                0x000000000800e1dc                __swbuf_r
 .text.__ascii_wctomb
                0x000000000800e280       0x1a c:/users/morroway/appdata/roaming/code/user/globalstorage/bmd.stm32-for-vscode/@xpack-dev-tools/arm-none-eabi-gcc/11.2.1-1.2.2/.content/bin/../lib/gcc/arm-none-eabi/11.2.1/../../../../arm-none-eabi/lib/thumb/v7e-m+fp/hard\libc_nano.a(lib_a-wctomb_r.o)
                0x000000000800e280                __ascii_wctomb
 *fill*         0x000000000800e29a        0x2 
 .text.__swsetup_r
                0x000000000800e29c       0xdc c:/users/morroway/appdata/roaming/code/user/globalstorage/bmd.stm32-for-vscode/@xpack-dev-tools/arm-none-eabi-gcc/11.2.1-1.2.2/.content/bin/../lib/gcc/arm-none-eabi/11.2.1/../../../../arm-none-eabi/lib/thumb/v7e-m+fp/hard\libc_nano.a(lib_a-wsetup.o)
                0x000000000800e29c                __swsetup_r
 .text.abort    0x000000000800e378        0xe c:/users/morroway/appdata/roaming/code/user/globalstorage/bmd.stm32-for-vscode/@xpack-dev-tools/arm-none-eabi-gcc/11.2.1-1.2.2/.content/bin/../lib/gcc/arm-none-eabi/11.2.1/../../../../arm-none-eabi/lib/thumb/v7e-m+fp/hard\libc_nano.a(lib_a-abort.o)
                0x000000000800e378                abort
 *fill*         0x000000000800e386        0x2 
 .text.__sflush_r
                0x000000000800e388      0x10c c:/users/morroway/appdata/roaming/code/user/globalstorage/bmd.stm32-for-vscode/@xpack-dev-tools/arm-none-eabi-gcc/11.2.1-1.2.2/.content/bin/../lib/gcc/arm-none-eabi/11.2.1/../../../../arm-none-eabi/lib/thumb/v7e-m+fp/hard\libc_nano.a(lib_a-fflush.o)
                0x000000000800e388                __sflush_r
 .text._fflush_r
                0x000000000800e494       0x54 c:/users/morroway/appdata/roaming/code/user/globalstorage/bmd.stm32-for-vscode/@xpack-dev-tools/arm-none-eabi-gcc/11.2.1-1.2.2/.content/bin/../lib/gcc/arm-none-eabi/11.2.1/../../../../arm-none-eabi/lib/thumb/v7e-m+fp/hard\libc_nano.a(lib_a-fflush.o)
                0x000000000800e494                _fflush_r
 .text.std      0x000000000800e4e8       0x48 c:/users/morroway/appdata/roaming/code/user/globalstorage/bmd.stm32-for-vscode/@xpack-dev-tools/arm-none-eabi-gcc/11.2.1-1.2.2/.content/bin/../lib/gcc/arm-none-eabi/11.2.1/../../../../arm-none-eabi/lib/thumb/v7e-m+fp/hard\libc_nano.a(lib_a-findfp.o)
 .text._cleanup_r
                0x000000000800e530        0xc c:/users/morroway/appdata/roaming/code/user/globalstorage/bmd.stm32-for-vscode/@xpack-dev-tools/arm-none-eabi-gcc/11.2.1-1.2.2/.content/bin/../lib/gcc/arm-none-eabi/11.2.1/../../../../arm-none-eabi/lib/thumb/v7e-m+fp/hard\libc_nano.a(lib_a-findfp.o)
                0x000000000800e530                _cleanup_r
 .text.__sfmoreglue
                0x000000000800e53c       0x2c c:/users/morroway/appdata/roaming/code/user/globalstorage/bmd.stm32-for-vscode/@xpack-dev-tools/arm-none-eabi-gcc/11.2.1-1.2.2/.content/bin/../lib/gcc/arm-none-eabi/11.2.1/../../../../arm-none-eabi/lib/thumb/v7e-m+fp/hard\libc_nano.a(lib_a-findfp.o)
                0x000000000800e53c                __sfmoreglue
 .text.__sinit  0x000000000800e568       0x60 c:/users/morroway/appdata/roaming/code/user/globalstorage/bmd.stm32-for-vscode/@xpack-dev-tools/arm-none-eabi-gcc/11.2.1-1.2.2/.content/bin/../lib/gcc/arm-none-eabi/11.2.1/../../../../arm-none-eabi/lib/thumb/v7e-m+fp/hard\libc_nano.a(lib_a-findfp.o)
                0x000000000800e568                __sinit
 .text.__sfp    0x000000000800e5c8       0x78 c:/users/morroway/appdata/roaming/code/user/globalstorage/bmd.stm32-for-vscode/@xpack-dev-tools/arm-none-eabi-gcc/11.2.1-1.2.2/.content/bin/../lib/gcc/arm-none-eabi/11.2.1/../../../../arm-none-eabi/lib/thumb/v7e-m+fp/hard\libc_nano.a(lib_a-findfp.o)
                0x000000000800e5c8                __sfp
 .text._fwalk_reent
                0x000000000800e640       0x3e c:/users/morroway/appdata/roaming/code/user/globalstorage/bmd.stm32-for-vscode/@xpack-dev-tools/arm-none-eabi-gcc/11.2.1-1.2.2/.content/bin/../lib/gcc/arm-none-eabi/11.2.1/../../../../arm-none-eabi/lib/thumb/v7e-m+fp/hard\libc_nano.a(lib_a-fwalk.o)
                0x000000000800e640                _fwalk_reent
 .text.__swhatbuf_r
                0x000000000800e67e       0x4c c:/users/morroway/appdata/roaming/code/user/globalstorage/bmd.stm32-for-vscode/@xpack-dev-tools/arm-none-eabi-gcc/11.2.1-1.2.2/.content/bin/../lib/gcc/arm-none-eabi/11.2.1/../../../../arm-none-eabi/lib/thumb/v7e-m+fp/hard\libc_nano.a(lib_a-makebuf.o)
                0x000000000800e67e                __swhatbuf_r
 *fill*         0x000000000800e6ca        0x2 
 .text.__smakebuf_r
                0x000000000800e6cc       0x80 c:/users/morroway/appdata/roaming/code/user/globalstorage/bmd.stm32-for-vscode/@xpack-dev-tools/arm-none-eabi-gcc/11.2.1-1.2.2/.content/bin/../lib/gcc/arm-none-eabi/11.2.1/../../../../arm-none-eabi/lib/thumb/v7e-m+fp/hard\libc_nano.a(lib_a-makebuf.o)
                0x000000000800e6cc                __smakebuf_r
 .text.memmove  0x000000000800e74c       0x34 c:/users/morroway/appdata/roaming/code/user/globalstorage/bmd.stm32-for-vscode/@xpack-dev-tools/arm-none-eabi-gcc/11.2.1-1.2.2/.content/bin/../lib/gcc/arm-none-eabi/11.2.1/../../../../arm-none-eabi/lib/thumb/v7e-m+fp/hard\libc_nano.a(lib_a-memmove.o)
                0x000000000800e74c                memmove
 .text.__malloc_lock
                0x000000000800e780        0x2 c:/users/morroway/appdata/roaming/code/user/globalstorage/bmd.stm32-for-vscode/@xpack-dev-tools/arm-none-eabi-gcc/11.2.1-1.2.2/.content/bin/../lib/gcc/arm-none-eabi/11.2.1/../../../../arm-none-eabi/lib/thumb/v7e-m+fp/hard\libc_nano.a(lib_a-mlock.o)
                0x000000000800e780                __malloc_lock
 .text.__malloc_unlock
                0x000000000800e782        0x2 c:/users/morroway/appdata/roaming/code/user/globalstorage/bmd.stm32-for-vscode/@xpack-dev-tools/arm-none-eabi-gcc/11.2.1-1.2.2/.content/bin/../lib/gcc/arm-none-eabi/11.2.1/../../../../arm-none-eabi/lib/thumb/v7e-m+fp/hard\libc_nano.a(lib_a-mlock.o)
                0x000000000800e782                __malloc_unlock
 .text._realloc_r
                0x000000000800e784       0x5e c:/users/morroway/appdata/roaming/code/user/globalstorage/bmd.stm32-for-vscode/@xpack-dev-tools/arm-none-eabi-gcc/11.2.1-1.2.2/.content/bin/../lib/gcc/arm-none-eabi/11.2.1/../../../../arm-none-eabi/lib/thumb/v7e-m+fp/hard\libc_nano.a(lib_a-nano-reallocr.o)
                0x000000000800e784                _realloc_r
 .text._raise_r
                0x000000000800e7e2       0x50 c:/users/morroway/appdata/roaming/code/user/globalstorage/bmd.stm32-for-vscode/@xpack-dev-tools/arm-none-eabi-gcc/11.2.1-1.2.2/.content/bin/../lib/gcc/arm-none-eabi/11.2.1/../../../../arm-none-eabi/lib/thumb/v7e-m+fp/hard\libc_nano.a(lib_a-signal.o)
                0x000000000800e7e2                _raise_r
 *fill*         0x000000000800e832        0x2 
 .text.raise    0x000000000800e834       0x10 c:/users/morroway/appdata/roaming/code/user/globalstorage/bmd.stm32-for-vscode/@xpack-dev-tools/arm-none-eabi-gcc/11.2.1-1.2.2/.content/bin/../lib/gcc/arm-none-eabi/11.2.1/../../../../arm-none-eabi/lib/thumb/v7e-m+fp/hard\libc_nano.a(lib_a-signal.o)
                0x000000000800e834                raise
 .text._kill_r  0x000000000800e844       0x24 c:/users/morroway/appdata/roaming/code/user/globalstorage/bmd.stm32-for-vscode/@xpack-dev-tools/arm-none-eabi-gcc/11.2.1-1.2.2/.content/bin/../lib/gcc/arm-none-eabi/11.2.1/../../../../arm-none-eabi/lib/thumb/v7e-m+fp/hard\libc_nano.a(lib_a-signalr.o)
                0x000000000800e844                _kill_r
 .text._getpid_r
                0x000000000800e868        0x4 c:/users/morroway/appdata/roaming/code/user/globalstorage/bmd.stm32-for-vscode/@xpack-dev-tools/arm-none-eabi-gcc/11.2.1-1.2.2/.content/bin/../lib/gcc/arm-none-eabi/11.2.1/../../../../arm-none-eabi/lib/thumb/v7e-m+fp/hard\libc_nano.a(lib_a-signalr.o)
                0x000000000800e868                _getpid_r
 .text.__sread  0x000000000800e86c       0x22 c:/users/morroway/appdata/roaming/code/user/globalstorage/bmd.stm32-for-vscode/@xpack-dev-tools/arm-none-eabi-gcc/11.2.1-1.2.2/.content/bin/../lib/gcc/arm-none-eabi/11.2.1/../../../../arm-none-eabi/lib/thumb/v7e-m+fp/hard\libc_nano.a(lib_a-stdio.o)
                0x000000000800e86c                __sread
 .text.__swrite
                0x000000000800e88e       0x38 c:/users/morroway/appdata/roaming/code/user/globalstorage/bmd.stm32-for-vscode/@xpack-dev-tools/arm-none-eabi-gcc/11.2.1-1.2.2/.content/bin/../lib/gcc/arm-none-eabi/11.2.1/../../../../arm-none-eabi/lib/thumb/v7e-m+fp/hard\libc_nano.a(lib_a-stdio.o)
                0x000000000800e88e                __swrite
 .text.__sseek  0x000000000800e8c6       0x24 c:/users/morroway/appdata/roaming/code/user/globalstorage/bmd.stm32-for-vscode/@xpack-dev-tools/arm-none-eabi-gcc/11.2.1-1.2.2/.content/bin/../lib/gcc/arm-none-eabi/11.2.1/../../../../arm-none-eabi/lib/thumb/v7e-m+fp/hard\libc_nano.a(lib_a-stdio.o)
                0x000000000800e8c6                __sseek
 .text.__sclose
                0x000000000800e8ea        0x8 c:/users/morroway/appdata/roaming/code/user/globalstorage/bmd.stm32-for-vscode/@xpack-dev-tools/arm-none-eabi-gcc/11.2.1-1.2.2/.content/bin/../lib/gcc/arm-none-eabi/11.2.1/../../../../arm-none-eabi/lib/thumb/v7e-m+fp/hard\libc_nano.a(lib_a-stdio.o)
                0x000000000800e8ea                __sclose
 *fill*         0x000000000800e8f2        0x2 
 .text._write_r
                0x000000000800e8f4       0x24 c:/users/morroway/appdata/roaming/code/user/globalstorage/bmd.stm32-for-vscode/@xpack-dev-tools/arm-none-eabi-gcc/11.2.1-1.2.2/.content/bin/../lib/gcc/arm-none-eabi/11.2.1/../../../../arm-none-eabi/lib/thumb/v7e-m+fp/hard\libc_nano.a(lib_a-writer.o)
                0x000000000800e8f4                _write_r
 .text._close_r
                0x000000000800e918       0x20 c:/users/morroway/appdata/roaming/code/user/globalstorage/bmd.stm32-for-vscode/@xpack-dev-tools/arm-none-eabi-gcc/11.2.1-1.2.2/.content/bin/../lib/gcc/arm-none-eabi/11.2.1/../../../../arm-none-eabi/lib/thumb/v7e-m+fp/hard\libc_nano.a(lib_a-closer.o)
                0x000000000800e918                _close_r
 .text._fstat_r
                0x000000000800e938       0x24 c:/users/morroway/appdata/roaming/code/user/globalstorage/bmd.stm32-for-vscode/@xpack-dev-tools/arm-none-eabi-gcc/11.2.1-1.2.2/.content/bin/../lib/gcc/arm-none-eabi/11.2.1/../../../../arm-none-eabi/lib/thumb/v7e-m+fp/hard\libc_nano.a(lib_a-fstatr.o)
                0x000000000800e938                _fstat_r
 .text._isatty_r
                0x000000000800e95c       0x20 c:/users/morroway/appdata/roaming/code/user/globalstorage/bmd.stm32-for-vscode/@xpack-dev-tools/arm-none-eabi-gcc/11.2.1-1.2.2/.content/bin/../lib/gcc/arm-none-eabi/11.2.1/../../../../arm-none-eabi/lib/thumb/v7e-m+fp/hard\libc_nano.a(lib_a-isattyr.o)
                0x000000000800e95c                _isatty_r
 .text._lseek_r
                0x000000000800e97c       0x24 c:/users/morroway/appdata/roaming/code/user/globalstorage/bmd.stm32-for-vscode/@xpack-dev-tools/arm-none-eabi-gcc/11.2.1-1.2.2/.content/bin/../lib/gcc/arm-none-eabi/11.2.1/../../../../arm-none-eabi/lib/thumb/v7e-m+fp/hard\libc_nano.a(lib_a-lseekr.o)
                0x000000000800e97c                _lseek_r
 .text._malloc_usable_size_r
                0x000000000800e9a0       0x10 c:/users/morroway/appdata/roaming/code/user/globalstorage/bmd.stm32-for-vscode/@xpack-dev-tools/arm-none-eabi-gcc/11.2.1-1.2.2/.content/bin/../lib/gcc/arm-none-eabi/11.2.1/../../../../arm-none-eabi/lib/thumb/v7e-m+fp/hard\libc_nano.a(lib_a-nano-msizer.o)
                0x000000000800e9a0                _malloc_usable_size_r
 .text._read_r  0x000000000800e9b0       0x24 c:/users/morroway/appdata/roaming/code/user/globalstorage/bmd.stm32-for-vscode/@xpack-dev-tools/arm-none-eabi-gcc/11.2.1-1.2.2/.content/bin/../lib/gcc/arm-none-eabi/11.2.1/../../../../arm-none-eabi/lib/thumb/v7e-m+fp/hard\libc_nano.a(lib_a-readr.o)
                0x000000000800e9b0                _read_r
 *fill*         0x000000000800e9d4        0x4 
 .text.log      0x000000000800e9d8       0x84 c:/users/morroway/appdata/roaming/code/user/globalstorage/bmd.stm32-for-vscode/@xpack-dev-tools/arm-none-eabi-gcc/11.2.1-1.2.2/.content/bin/../lib/gcc/arm-none-eabi/11.2.1/../../../../arm-none-eabi/lib/thumb/v7e-m+fp/hard\libm.a(lib_a-w_log.o)
                0x000000000800e9d8                log
 *fill*         0x000000000800ea5c        0x4 
 .text.pow      0x000000000800ea60       0xf0 c:/users/morroway/appdata/roaming/code/user/globalstorage/bmd.stm32-for-vscode/@xpack-dev-tools/arm-none-eabi-gcc/11.2.1-1.2.2/.content/bin/../lib/gcc/arm-none-eabi/11.2.1/../../../../arm-none-eabi/lib/thumb/v7e-m+fp/hard\libm.a(lib_a-w_pow.o)
                0x000000000800ea60                pow
 .text.sqrt     0x000000000800eb50       0x68 c:/users/morroway/appdata/roaming/code/user/globalstorage/bmd.stm32-for-vscode/@xpack-dev-tools/arm-none-eabi-gcc/11.2.1-1.2.2/.content/bin/../lib/gcc/arm-none-eabi/11.2.1/../../../../arm-none-eabi/lib/thumb/v7e-m+fp/hard\libm.a(lib_a-w_sqrt.o)
                0x000000000800eb50                sqrt
 .text.__ieee754_log
                0x000000000800ebb8      0x438 c:/users/morroway/appdata/roaming/code/user/globalstorage/bmd.stm32-for-vscode/@xpack-dev-tools/arm-none-eabi-gcc/11.2.1-1.2.2/.content/bin/../lib/gcc/arm-none-eabi/11.2.1/../../../../arm-none-eabi/lib/thumb/v7e-m+fp/hard\libm.a(lib_a-e_log.o)
                0x000000000800ebb8                __ieee754_log
 .text.__ieee754_pow
                0x000000000800eff0      0xb6c c:/users/morroway/appdata/roaming/code/user/globalstorage/bmd.stm32-for-vscode/@xpack-dev-tools/arm-none-eabi-gcc/11.2.1-1.2.2/.content/bin/../lib/gcc/arm-none-eabi/11.2.1/../../../../arm-none-eabi/lib/thumb/v7e-m+fp/hard\libm.a(lib_a-e_pow.o)
                0x000000000800eff0                __ieee754_pow
 .text.__ieee754_sqrt
                0x000000000800fb5c      0x194 c:/users/morroway/appdata/roaming/code/user/globalstorage/bmd.stm32-for-vscode/@xpack-dev-tools/arm-none-eabi-gcc/11.2.1-1.2.2/.content/bin/../lib/gcc/arm-none-eabi/11.2.1/../../../../arm-none-eabi/lib/thumb/v7e-m+fp/hard\libm.a(lib_a-e_sqrt.o)
                0x000000000800fb5c                __ieee754_sqrt
 .text.with_errno
                0x000000000800fcf0       0x18 c:/users/morroway/appdata/roaming/code/user/globalstorage/bmd.stm32-for-vscode/@xpack-dev-tools/arm-none-eabi-gcc/11.2.1-1.2.2/.content/bin/../lib/gcc/arm-none-eabi/11.2.1/../../../../arm-none-eabi/lib/thumb/v7e-m+fp/hard\libm.a(lib_a-math_err.o)
 .text.xflow    0x000000000800fd08       0x2c c:/users/morroway/appdata/roaming/code/user/globalstorage/bmd.stm32-for-vscode/@xpack-dev-tools/arm-none-eabi-gcc/11.2.1-1.2.2/.content/bin/../lib/gcc/arm-none-eabi/11.2.1/../../../../arm-none-eabi/lib/thumb/v7e-m+fp/hard\libm.a(lib_a-math_err.o)
 .text.__math_uflow
                0x000000000800fd34       0x14 c:/users/morroway/appdata/roaming/code/user/globalstorage/bmd.stm32-for-vscode/@xpack-dev-tools/arm-none-eabi-gcc/11.2.1-1.2.2/.content/bin/../lib/gcc/arm-none-eabi/11.2.1/../../../../arm-none-eabi/lib/thumb/v7e-m+fp/hard\libm.a(lib_a-math_err.o)
                0x000000000800fd34                __math_uflow
 .text.__math_oflow
                0x000000000800fd48       0x14 c:/users/morroway/appdata/roaming/code/user/globalstorage/bmd.stm32-for-vscode/@xpack-dev-tools/arm-none-eabi-gcc/11.2.1-1.2.2/.content/bin/../lib/gcc/arm-none-eabi/11.2.1/../../../../arm-none-eabi/lib/thumb/v7e-m+fp/hard\libm.a(lib_a-math_err.o)
                0x000000000800fd48                __math_oflow
 .text.fabs     0x000000000800fd5c       0x14 c:/users/morroway/appdata/roaming/code/user/globalstorage/bmd.stm32-for-vscode/@xpack-dev-tools/arm-none-eabi-gcc/11.2.1-1.2.2/.content/bin/../lib/gcc/arm-none-eabi/11.2.1/../../../../arm-none-eabi/lib/thumb/v7e-m+fp/hard\libm.a(lib_a-s_fabs.o)
                0x000000000800fd5c                fabs
 .text.finite   0x000000000800fd70       0x18 c:/users/morroway/appdata/roaming/code/user/globalstorage/bmd.stm32-for-vscode/@xpack-dev-tools/arm-none-eabi-gcc/11.2.1-1.2.2/.content/bin/../lib/gcc/arm-none-eabi/11.2.1/../../../../arm-none-eabi/lib/thumb/v7e-m+fp/hard\libm.a(lib_a-s_finite.o)
                0x000000000800fd70                finite
 .text.scalbn   0x000000000800fd88      0x104 c:/users/morroway/appdata/roaming/code/user/globalstorage/bmd.stm32-for-vscode/@xpack-dev-tools/arm-none-eabi-gcc/11.2.1-1.2.2/.content/bin/../lib/gcc/arm-none-eabi/11.2.1/../../../../arm-none-eabi/lib/thumb/v7e-m+fp/hard\libm.a(lib_a-s_scalbn.o)
                0x000000000800fd88                scalbn
 .text._close   0x000000000800fe8c       0x10 c:/users/morroway/appdata/roaming/code/user/globalstorage/bmd.stm32-for-vscode/@xpack-dev-tools/arm-none-eabi-gcc/11.2.1-1.2.2/.content/bin/../lib/gcc/arm-none-eabi/11.2.1/../../../../arm-none-eabi/lib/thumb/v7e-m+fp/hard\libnosys.a(close.o)
                0x000000000800fe8c                _close
 .text._fstat   0x000000000800fe9c       0x10 c:/users/morroway/appdata/roaming/code/user/globalstorage/bmd.stm32-for-vscode/@xpack-dev-tools/arm-none-eabi-gcc/11.2.1-1.2.2/.content/bin/../lib/gcc/arm-none-eabi/11.2.1/../../../../arm-none-eabi/lib/thumb/v7e-m+fp/hard\libnosys.a(fstat.o)
                0x000000000800fe9c                _fstat
 .text._getpid  0x000000000800feac       0x10 c:/users/morroway/appdata/roaming/code/user/globalstorage/bmd.stm32-for-vscode/@xpack-dev-tools/arm-none-eabi-gcc/11.2.1-1.2.2/.content/bin/../lib/gcc/arm-none-eabi/11.2.1/../../../../arm-none-eabi/lib/thumb/v7e-m+fp/hard\libnosys.a(getpid.o)
                0x000000000800feac                _getpid
 .text._isatty  0x000000000800febc       0x10 c:/users/morroway/appdata/roaming/code/user/globalstorage/bmd.stm32-for-vscode/@xpack-dev-tools/arm-none-eabi-gcc/11.2.1-1.2.2/.content/bin/../lib/gcc/arm-none-eabi/11.2.1/../../../../arm-none-eabi/lib/thumb/v7e-m+fp/hard\libnosys.a(isatty.o)
                0x000000000800febc                _isatty
 .text._kill    0x000000000800fecc       0x10 c:/users/morroway/appdata/roaming/code/user/globalstorage/bmd.stm32-for-vscode/@xpack-dev-tools/arm-none-eabi-gcc/11.2.1-1.2.2/.content/bin/../lib/gcc/arm-none-eabi/11.2.1/../../../../arm-none-eabi/lib/thumb/v7e-m+fp/hard\libnosys.a(kill.o)
                0x000000000800fecc                _kill
 .text._lseek   0x000000000800fedc       0x10 c:/users/morroway/appdata/roaming/code/user/globalstorage/bmd.stm32-for-vscode/@xpack-dev-tools/arm-none-eabi-gcc/11.2.1-1.2.2/.content/bin/../lib/gcc/arm-none-eabi/11.2.1/../../../../arm-none-eabi/lib/thumb/v7e-m+fp/hard\libnosys.a(lseek.o)
                0x000000000800fedc                _lseek
 .text._read    0x000000000800feec       0x10 c:/users/morroway/appdata/roaming/code/user/globalstorage/bmd.stm32-for-vscode/@xpack-dev-tools/arm-none-eabi-gcc/11.2.1-1.2.2/.content/bin/../lib/gcc/arm-none-eabi/11.2.1/../../../../arm-none-eabi/lib/thumb/v7e-m+fp/hard\libnosys.a(read.o)
                0x000000000800feec                _read
 .text._sbrk    0x000000000800fefc       0x1c c:/users/morroway/appdata/roaming/code/user/globalstorage/bmd.stm32-for-vscode/@xpack-dev-tools/arm-none-eabi-gcc/11.2.1-1.2.2/.content/bin/../lib/gcc/arm-none-eabi/11.2.1/../../../../arm-none-eabi/lib/thumb/v7e-m+fp/hard\libnosys.a(sbrk.o)
                0x000000000800fefc                _sbrk
 .text._write   0x000000000800ff18       0x10 c:/users/morroway/appdata/roaming/code/user/globalstorage/bmd.stm32-for-vscode/@xpack-dev-tools/arm-none-eabi-gcc/11.2.1-1.2.2/.content/bin/../lib/gcc/arm-none-eabi/11.2.1/../../../../arm-none-eabi/lib/thumb/v7e-m+fp/hard\libnosys.a(write.o)
                0x000000000800ff18                _write
 .text._exit    0x000000000800ff28        0x4 c:/users/morroway/appdata/roaming/code/user/globalstorage/bmd.stm32-for-vscode/@xpack-dev-tools/arm-none-eabi-gcc/11.2.1-1.2.2/.content/bin/../lib/gcc/arm-none-eabi/11.2.1/../../../../arm-none-eabi/lib/thumb/v7e-m+fp/hard\libnosys.a(_exit.o)
                0x000000000800ff28                _exit
 .text.__fixdfdi
                0x000000000800ff2c       0x30 c:/users/morroway/appdata/roaming/code/user/globalstorage/bmd.stm32-for-vscode/@xpack-dev-tools/arm-none-eabi-gcc/11.2.1-1.2.2/.content/bin/../lib/gcc/arm-none-eabi/11.2.1/thumb/v7e-m+fp/hard\libgcc.a(_fixdfdi.o)
                0x000000000800ff2c                __fixdfdi
                0x000000000800ff2c                __aeabi_d2lz
 .text.__fixunsdfdi
                0x000000000800ff5c       0x3c c:/users/morroway/appdata/roaming/code/user/globalstorage/bmd.stm32-for-vscode/@xpack-dev-tools/arm-none-eabi-gcc/11.2.1-1.2.2/.content/bin/../lib/gcc/arm-none-eabi/11.2.1/thumb/v7e-m+fp/hard\libgcc.a(_fixunsdfdi.o)
                0x000000000800ff5c                __fixunsdfdi
                0x000000000800ff5c                __aeabi_d2ulz
 .text.__udivmoddi4
                0x000000000800ff98      0x2c8 c:/users/morroway/appdata/roaming/code/user/globalstorage/bmd.stm32-for-vscode/@xpack-dev-tools/arm-none-eabi-gcc/11.2.1-1.2.2/.content/bin/../lib/gcc/arm-none-eabi/11.2.1/thumb/v7e-m+fp/hard\libgcc.a(_udivmoddi4.o)
                0x000000000800ff98                __udivmoddi4
 .text.selfrel_offset31
                0x0000000008010260       0x14 c:/users/morroway/appdata/roaming/code/user/globalstorage/bmd.stm32-for-vscode/@xpack-dev-tools/arm-none-eabi-gcc/11.2.1-1.2.2/.content/bin/../lib/gcc/arm-none-eabi/11.2.1/thumb/v7e-m+fp/hard\libgcc.a(unwind-arm.o)
 .text.search_EIT_table
                0x0000000008010274       0x5c c:/users/morroway/appdata/roaming/code/user/globalstorage/bmd.stm32-for-vscode/@xpack-dev-tools/arm-none-eabi-gcc/11.2.1-1.2.2/.content/bin/../lib/gcc/arm-none-eabi/11.2.1/thumb/v7e-m+fp/hard\libgcc.a(unwind-arm.o)
 .text.__gnu_unwind_get_pr_addr
                0x00000000080102d0       0x28 c:/users/morroway/appdata/roaming/code/user/globalstorage/bmd.stm32-for-vscode/@xpack-dev-tools/arm-none-eabi-gcc/11.2.1-1.2.2/.content/bin/../lib/gcc/arm-none-eabi/11.2.1/thumb/v7e-m+fp/hard\libgcc.a(unwind-arm.o)
 .text.get_eit_entry
                0x00000000080102f8       0x98 c:/users/morroway/appdata/roaming/code/user/globalstorage/bmd.stm32-for-vscode/@xpack-dev-tools/arm-none-eabi-gcc/11.2.1-1.2.2/.content/bin/../lib/gcc/arm-none-eabi/11.2.1/thumb/v7e-m+fp/hard\libgcc.a(unwind-arm.o)
 .text.restore_non_core_regs
                0x0000000008010390       0x58 c:/users/morroway/appdata/roaming/code/user/globalstorage/bmd.stm32-for-vscode/@xpack-dev-tools/arm-none-eabi-gcc/11.2.1-1.2.2/.content/bin/../lib/gcc/arm-none-eabi/11.2.1/thumb/v7e-m+fp/hard\libgcc.a(unwind-arm.o)
 .text._Unwind_decode_typeinfo_ptr.constprop.0
                0x00000000080103e8        0xc c:/users/morroway/appdata/roaming/code/user/globalstorage/bmd.stm32-for-vscode/@xpack-dev-tools/arm-none-eabi-gcc/11.2.1-1.2.2/.content/bin/../lib/gcc/arm-none-eabi/11.2.1/thumb/v7e-m+fp/hard\libgcc.a(unwind-arm.o)
 .text._Unwind_DebugHook
                0x00000000080103f4        0x4 c:/users/morroway/appdata/roaming/code/user/globalstorage/bmd.stm32-for-vscode/@xpack-dev-tools/arm-none-eabi-gcc/11.2.1-1.2.2/.content/bin/../lib/gcc/arm-none-eabi/11.2.1/thumb/v7e-m+fp/hard\libgcc.a(unwind-arm.o)
 .text.unwind_phase2
                0x00000000080103f8       0x3c c:/users/morroway/appdata/roaming/code/user/globalstorage/bmd.stm32-for-vscode/@xpack-dev-tools/arm-none-eabi-gcc/11.2.1-1.2.2/.content/bin/../lib/gcc/arm-none-eabi/11.2.1/thumb/v7e-m+fp/hard\libgcc.a(unwind-arm.o)
 .text.unwind_phase2_forced
                0x0000000008010434       0xcc c:/users/morroway/appdata/roaming/code/user/globalstorage/bmd.stm32-for-vscode/@xpack-dev-tools/arm-none-eabi-gcc/11.2.1-1.2.2/.content/bin/../lib/gcc/arm-none-eabi/11.2.1/thumb/v7e-m+fp/hard\libgcc.a(unwind-arm.o)
 .text.__gnu_Unwind_RaiseException
                0x0000000008010500       0x68 c:/users/morroway/appdata/roaming/code/user/globalstorage/bmd.stm32-for-vscode/@xpack-dev-tools/arm-none-eabi-gcc/11.2.1-1.2.2/.content/bin/../lib/gcc/arm-none-eabi/11.2.1/thumb/v7e-m+fp/hard\libgcc.a(unwind-arm.o)
                0x0000000008010500                __gnu_Unwind_RaiseException
 .text.__gnu_Unwind_ForcedUnwind