Archive member included to satisfy reference by file (symbol)

c:/users/morroway/appdata/roaming/code/user/globalstorage/bmd.stm32-for-vscode/@xpack-dev-tools/arm-none-eabi-gcc/11.2.1-1.2.2/.content/bin/../lib/gcc/arm-none-eabi/11.2.1/../../../../arm-none-eabi/lib/thumb/v7e-m+fp/hard\libc_nano.a(lib_a-atexit.o)
                              c:/users/morroway/appdata/roaming/code/user/globalstorage/bmd.stm32-for-vscode/@xpack-dev-tools/arm-none-eabi-gcc/11.2.1-1.2.2/.content/bin/../lib/gcc/arm-none-eabi/11.2.1/../../../../arm-none-eabi/lib/thumb/v7e-m+fp/hard/crt0.o (atexit)
c:/users/morroway/appdata/roaming/code/user/globalstorage/bmd.stm32-for-vscode/@xpack-dev-tools/arm-none-eabi-gcc/11.2.1-1.2.2/.content/bin/../lib/gcc/arm-none-eabi/11.2.1/../../../../arm-none-eabi/lib/thumb/v7e-m+fp/hard\libc_nano.a(lib_a-atoi.o)
                              build/Parser.o (atoi)
c:/users/morroway/appdata/roaming/code/user/globalstorage/bmd.stm32-for-vscode/@xpack-dev-tools/arm-none-eabi-gcc/11.2.1-1.2.2/.content/bin/../lib/gcc/arm-none-eabi/11.2.1/../../../../arm-none-eabi/lib/thumb/v7e-m+fp/hard\libc_nano.a(lib_a-exit.o)
                              c:/users/morroway/appdata/roaming/code/user/globalstorage/bmd.stm32-for-vscode/@xpack-dev-tools/arm-none-eabi-gcc/11.2.1-1.2.2/.content/bin/../lib/gcc/arm-none-eabi/11.2.1/../../../../arm-none-eabi/lib/thumb/v7e-m+fp/hard/crt0.o (exit)
c:/users/morroway/appdata/roaming/code/user/globalstorage/bmd.stm32-for-vscode/@xpack-dev-tools/arm-none-eabi-gcc/11.2.1-1.2.2/.content/bin/../lib/gcc/arm-none-eabi/11.2.1/../../../../arm-none-eabi/lib/thumb/v7e-m+fp/hard\libc_nano.a(lib_a-fini.o)
                              c:/users/morroway/appdata/roaming/code/user/globalstorage/bmd.stm32-for-vscode/@xpack-dev-tools/arm-none-eabi-gcc/11.2.1-1.2.2/.content/bin/../lib/gcc/arm-none-eabi/11.2.1/../../../../arm-none-eabi/lib/thumb/v7e-m+fp/hard/crt0.o (__libc_fini_array)
c:/users/morroway/appdata/roaming/code/user/globalstorage/bmd.stm32-for-vscode/@xpack-dev-tools/arm-none-eabi-gcc/11.2.1-1.2.2/.content/bin/../lib/gcc/arm-none-eabi/11.2.1/../../../../arm-none-eabi/lib/thumb/v7e-m+fp/hard\libc_nano.a(lib_a-impure.o)
                              c:/users/morroway/appdata/roaming/code/user/globalstorage/bmd.stm32-for-vscode/@xpack-dev-tools/arm-none-eabi-gcc/11.2.1-1.2.2/.content/bin/../lib/gcc/arm-none-eabi/11.2.1/../../../../arm-none-eabi/lib/thumb/v7e-m+fp/hard\libc_nano.a(lib_a-exit.o) (_global_impure_ptr)
c:/users/morroway/appdata/roaming/code/user/globalstorage/bmd.stm32-for-vscode/@xpack-dev-tools/arm-none-eabi-gcc/11.2.1-1.2.2/.content/bin/../lib/gcc/arm-none-eabi/11.2.1/../../../../arm-none-eabi/lib/thumb/v7e-m+fp/hard\libc_nano.a(lib_a-init.o)
                              c:/users/morroway/appdata/roaming/code/user/globalstorage/bmd.stm32-for-vscode/@xpack-dev-tools/arm-none-eabi-gcc/11.2.1-1.2.2/.content/bin/../lib/gcc/arm-none-eabi/11.2.1/../../../../arm-none-eabi/lib/thumb/v7e-m+fp/hard/crt0.o (__libc_init_array)
c:/users/morroway/appdata/roaming/code/user/globalstorage/bmd.stm32-for-vscode/@xpack-dev-tools/arm-none-eabi-gcc/11.2.1-1.2.2/.content/bin/../lib/gcc/arm-none-eabi/11.2.1/../../../../arm-none-eabi/lib/thumb/v7e-m+fp/hard\libc_nano.a(lib_a-memset.o)
                              c:/users/morroway/appdata/roaming/code/user/globalstorage/bmd.stm32-for-vscode/@xpack-dev-tools/arm-none-eabi-gcc/11.2.1-1.2.2/.content/bin/../lib/gcc/arm-none-eabi/11.2.1/../../../../arm-none-eabi/lib/thumb/v7e-m+fp/hard/crt0.o (memset)
c:/users/morroway/appdata/roaming/code/user/globalstorage/bmd.stm32-for-vscode/@xpack-dev-tools/arm-none-eabi-gcc/11.2.1-1.2.2/.content/bin/../lib/gcc/arm-none-eabi/11.2.1/../../../../arm-none-eabi/lib/thumb/v7e-m+fp/hard\libc_nano.a(lib_a-nano-vfprintf_float.o)
                              (_printf_float)
c:/users/morroway/appdata/roaming/code/user/globalstorage/bmd.stm32-for-vscode/@xpack-dev-tools/arm-none-eabi-gcc/11.2.1-1.2.2/.content/bin/../lib/gcc/arm-none-eabi/11.2.1/../../../../arm-none-eabi/lib/thumb/v7e-m+fp/hard\libc_nano.a(lib_a-nano-vfprintf_i.o)
                              c:/users/morroway/appdata/roaming/code/user/globalstorage/bmd.stm32-for-vscode/@xpack-dev-tools/arm-none-eabi-gcc/11.2.1-1.2.2/.content/bin/../lib/gcc/arm-none-eabi/11.2.1/../../../../arm-none-eabi/lib/thumb/v7e-m+fp/hard\libc_nano.a(lib_a-nano-vfprintf_float.o) (_printf_common)
c:/users/morroway/appdata/roaming/code/user/globalstorage/bmd.stm32-for-vscode/@xpack-dev-tools/arm-none-eabi-gcc/11.2.1-1.2.2/.content/bin/../lib/gcc/arm-none-eabi/11.2.1/../../../../arm-none-eabi/lib/thumb/v7e-m+fp/hard\libc_nano.a(lib_a-sprintf.o)
                              build/main.o (sprintf)
c:/users/morroway/appdata/roaming/code/user/globalstorage/bmd.stm32-for-vscode/@xpack-dev-tools/arm-none-eabi-gcc/11.2.1-1.2.2/.content/bin/../lib/gcc/arm-none-eabi/11.2.1/../../../../arm-none-eabi/lib/thumb/v7e-m+fp/hard\libc_nano.a(lib_a-strlen.o)
                              build/main.o (strlen)
[...]
Memory Configuration

Name             Origin             Length             Attributes
RAM              0x0000000020000000 0x0000000000050000 xrw
RAM2             0x0000000010000000 0x0000000000010000 xrw
RAM3             0x0000000020030000 0x0000000000020000 xrw
FLASH            0x0000000008000000 0x0000000000100000 xr
*default*        0x0000000000000000 0xffffffffffffffff

Linker script and memory map

LOAD c:/users/morroway/appdata/roaming/code/user/globalstorage/bmd.stm32-for-vscode/@xpack-dev-tools/arm-none-eabi-gcc/11.2.1-1.2.2/.content/bin/../lib/gcc/arm-none-eabi/11.2.1/thumb/v7e-m+fp/hard/crti.o
LOAD c:/users/morroway/appdata/roaming/code/user/globalstorage/bmd.stm32-for-vscode/@xpack-dev-tools/arm-none-eabi-gcc/11.2.1-1.2.2/.content/bin/../lib/gcc/arm-none-eabi/11.2.1/thumb/v7e-m+fp/hard/crtbegin.o
LOAD c:/users/morroway/appdata/roaming/code/user/globalstorage/bmd.stm32-for-vscode/@xpack-dev-tools/arm-none-eabi-gcc/11.2.1-1.2.2/.content/bin/../lib/gcc/arm-none-eabi/11.2.1/../../../../arm-none-eabi/lib/thumb/v7e-m+fp/hard/crt0.o
LOAD build/Functions.o
LOAD build/GCodes.o
LOAD build/Parser.o
LOAD build/main.o
LOAD build/stm32l4xx_hal_msp.o
LOAD build/stm32l4xx_it.o
LOAD build/system_stm32l4xx.o
LOAD build/stm32l4xx_hal.o
LOAD build/stm32l4xx_hal_adc.o
LOAD build/stm32l4xx_hal_adc_ex.o
LOAD build/stm32l4xx_hal_cortex.o
LOAD build/stm32l4xx_hal_dma.o
LOAD build/stm32l4xx_hal_dma_ex.o
LOAD build/stm32l4xx_hal_dsi.o
LOAD build/stm32l4xx_hal_exti.o
LOAD build/stm32l4xx_hal_flash.o
LOAD build/stm32l4xx_hal_flash_ex.o
LOAD build/stm32l4xx_hal_flash_ramfunc.o
LOAD build/stm32l4xx_hal_gpio.o
LOAD build/stm32l4xx_hal_i2c.o
LOAD build/stm32l4xx_hal_i2c_ex.o
LOAD build/stm32l4xx_hal_ltdc.o
LOAD build/stm32l4xx_hal_ltdc_ex.o
LOAD build/stm32l4xx_hal_pcd.o
LOAD build/stm32l4xx_hal_pcd_ex.o
LOAD build/stm32l4xx_hal_pwr.o
LOAD build/stm32l4xx_hal_pwr_ex.o
LOAD build/stm32l4xx_hal_rcc.o
LOAD build/stm32l4xx_hal_rcc_ex.o
LOAD build/stm32l4xx_hal_tim.o
LOAD build/stm32l4xx_hal_tim_ex.o
LOAD build/stm32l4xx_hal_uart.o
LOAD build/stm32l4xx_hal_uart_ex.o
LOAD build/stm32l4xx_ll_usb.o
LOAD build/startup_stm32l4p5xx.o
LOAD c:/users/morroway/appdata/roaming/code/user/globalstorage/bmd.stm32-for-vscode/@xpack-dev-tools/arm-none-eabi-gcc/11.2.1-1.2.2/.content/bin/../lib/gcc/arm-none-eabi/11.2.1/../../../../arm-none-eabi/lib/thumb/v7e-m+fp/hard\libc_nano.a
LOAD c:/users/morroway/appdata/roaming/code/user/globalstorage/bmd.stm32-for-vscode/@xpack-dev-tools/arm-none-eabi-gcc/11.2.1-1.2.2/.content/bin/../lib/gcc/arm-none-eabi/11.2.1/../../../../arm-none-eabi/lib/thumb/v7e-m+fp/hard\libm.a
LOAD c:/users/morroway/appdata/roaming/code/user/globalstorage/bmd.stm32-for-vscode/@xpack-dev-tools/arm-none-eabi-gcc/11.2.1-1.2.2/.content/bin/../lib/gcc/arm-none-eabi/11.2.1/../../../../arm-none-eabi/lib/thumb/v7e-m+fp/hard\libnosys.a
START GROUP
LOAD c:/users/morroway/appdata/roaming/code/user/globalstorage/bmd.stm32-for-vscode/@xpack-dev-tools/arm-none-eabi-gcc/11.2.1-1.2.2/.content/bin/../lib/gcc/arm-none-eabi/11.2.1/thumb/v7e-m+fp/hard\libgcc.a
LOAD c:/users/morroway/appdata/roaming/code/user/globalstorage/bmd.stm32-for-vscode/@xpack-dev-tools/arm-none-eabi-gcc/11.2.1-1.2.2/.content/bin/../lib/gcc/arm-none-eabi/11.2.1/../../../../arm-none-eabi/lib/thumb/v7e-m+fp/hard\libc_nano.a
END GROUP
START GROUP
LOAD c:/users/morroway/appdata/roaming/code/user/globalstorage/bmd.stm32-for-vscode/@xpack-dev-tools/arm-none-eabi-gcc/11.2.1-1.2.2/.content/bin/../lib/gcc/arm-none-eabi/11.2.1/thumb/v7e-m+fp/hard\libgcc.a
LOAD c:/users/morroway/appdata/roaming/code/user/globalstorage/bmd.stm32-for-vscode/@xpack-dev-tools/arm-none-eabi-gcc/11.2.1-1.2.2/.content/bin/../lib/gcc/arm-none-eabi/11.2.1/../../../../arm-none-eabi/lib/thumb/v7e-m+fp/hard\libc_nano.a
LOAD c:/users/morroway/appdata/roaming/code/user/globalstorage/bmd.stm32-for-vscode/@xpack-dev-tools/arm-none-eabi-gcc/11.2.1-1.2.2/.content/bin/../lib/gcc/arm-none-eabi/11.2.1/../../../../arm-none-eabi/lib/thumb/v7e-m+fp/hard\libnosys.a
END GROUP
START GROUP
LOAD c:/users/morroway/appdata/roaming/code/user/globalstorage/bmd.stm32-for-vscode/@xpack-dev-tools/arm-none-eabi-gcc/11.2.1-1.2.2/.content/bin/../lib/gcc/arm-none-eabi/11.2.1/thumb/v7e-m+fp/hard\libgcc.a
LOAD c:/users/morroway/appdata/roaming/code/user/globalstorage/bmd.stm32-for-vscode/@xpack-dev-tools/arm-none-eabi-gcc/11.2.1-1.2.2/.content/bin/../lib/gcc/arm-none-eabi/11.2.1/../../../../arm-none-eabi/lib/thumb/v7e-m+fp/hard\libc_nano.a
LOAD c:/users/morroway/appdata/roaming/code/user/globalstorage/bmd.stm32-for-vscode/@xpack-dev-tools/arm-none-eabi-gcc/11.2.1-1.2.2/.content/bin/../lib/gcc/arm-none-eabi/11.2.1/../../../../arm-none-eabi/lib/thumb/v7e-m+fp/hard\libnosys.a
END GROUP
LOAD c:/users/morroway/appdata/roaming/code/user/globalstorage/bmd.stm32-for-vscode/@xpack-dev-tools/arm-none-eabi-gcc/11.2.1-1.2.2/.content/bin/../lib/gcc/arm-none-eabi/11.2.1/thumb/v7e-m+fp/hard/crtend.o
LOAD c:/users/morroway/appdata/roaming/code/user/globalstorage/bmd.stm32-for-vscode/@xpack-dev-tools/arm-none-eabi-gcc/11.2.1-1.2.2/.content/bin/../lib/gcc/arm-none-eabi/11.2.1/thumb/v7e-m+fp/hard/crtn.o
                0x0000000020050000                _estack = (ORIGIN (RAM) + LENGTH (RAM))
                0x0000000000000200                _Min_Heap_Size = 0x200
                0x0000000000000400                _Min_Stack_Size = 0x400

.isr_vector     0x0000000008000000      0x1c0
                0x0000000008000000                . = ALIGN (0x8)
 *(.isr_vector)
 .isr_vector    0x0000000008000000      0x1bc build/startup_stm32l4p5xx.o
                0x0000000008000000                g_pfnVectors
                0x00000000080001c0                . = ALIGN (0x8)
 *fill*         0x00000000080001bc        0x4 

.text           0x00000000080001c0     0xe278
                0x00000000080001c0                . = ALIGN (0x8)
 *(.text)
 .text          0x00000000080001c0       0x10 c:/users/morroway/appdata/roaming/code/user/globalstorage/bmd.stm32-for-vscode/@xpack-dev-tools/arm-none-eabi-gcc/11.2.1-1.2.2/.content/bin/../lib/gcc/arm-none-eabi/11.2.1/../../../../arm-none-eabi/lib/thumb/v7e-m+fp/hard\libc_nano.a(lib_a-strlen.o)
                0x00000000080001c0                strlen
 .text          0x00000000080001d0       0xa0 c:/users/morroway/appdata/roaming/code/user/globalstorage/bmd.stm32-for-vscode/@xpack-dev-tools/arm-none-eabi-gcc/11.2.1-1.2.2/.content/bin/../lib/gcc/arm-none-eabi/11.2.1/../../../../arm-none-eabi/lib/thumb/v7e-m+fp/hard\libc_nano.a(lib_a-memchr.o)
                0x00000000080001d0                memchr
 .text          0x0000000008000270      0x378 c:/users/morroway/appdata/roaming/code/user/globalstorage/bmd.stm32-for-vscode/@xpack-dev-tools/arm-none-eabi-gcc/11.2.1-1.2.2/.content/bin/../lib/gcc/arm-none-eabi/11.2.1/thumb/v7e-m+fp/hard\libgcc.a(_arm_addsubdf3.o)
                0x0000000008000270                __aeabi_drsub
                0x0000000008000278                __aeabi_dsub
                0x0000000008000278                __subdf3
                0x000000000800027c                __aeabi_dadd
                0x000000000800027c                __adddf3
                0x00000000080004f4                __floatunsidf
                0x00000000080004f4                __aeabi_ui2d
                0x0000000008000514                __floatsidf
                0x0000000008000514                __aeabi_i2d
                0x0000000008000538                __aeabi_f2d
                0x0000000008000538                __extendsfdf2
                0x000000000800057c                __floatundidf
                0x000000000800057c                __aeabi_ul2d
                0x000000000800058c                __floatdidf
                0x000000000800058c                __aeabi_l2d
 .text          0x00000000080005e8      0x424 c:/users/morroway/appdata/roaming/code/user/globalstorage/bmd.stm32-for-vscode/@xpack-dev-tools/arm-none-eabi-gcc/11.2.1-1.2.2/.content/bin/../lib/gcc/arm-none-eabi/11.2.1/thumb/v7e-m+fp/hard\libgcc.a(_arm_muldivdf3.o)
                0x00000000080005e8                __aeabi_dmul
                0x00000000080005e8                __muldf3
                0x000000000800083c                __divdf3
                0x000000000800083c                __aeabi_ddiv
 .text          0x0000000008000a0c      0x110 c:/users/morroway/appdata/roaming/code/user/globalstorage/bmd.stm32-for-vscode/@xpack-dev-tools/arm-none-eabi-gcc/11.2.1-1.2.2/.content/bin/../lib/gcc/arm-none-eabi/11.2.1/thumb/v7e-m+fp/hard\libgcc.a(_arm_cmpdf2.o)
                0x0000000008000a0c                __gtdf2
                0x0000000008000a0c                __gedf2
                0x0000000008000a14                __ltdf2
                0x0000000008000a14                __ledf2
                0x0000000008000a1c                __nedf2
                0x0000000008000a1c                __eqdf2
                0x0000000008000a1c                __cmpdf2
                0x0000000008000a98                __aeabi_cdrcmple
                0x0000000008000aa8                __aeabi_cdcmpeq
                0x0000000008000aa8                __aeabi_cdcmple
                0x0000000008000ab8                __aeabi_dcmpeq
                0x0000000008000acc                __aeabi_dcmplt
                0x0000000008000ae0                __aeabi_dcmple
                0x0000000008000af4                __aeabi_dcmpge
                0x0000000008000b08                __aeabi_dcmpgt
 .text          0x0000000008000b1c       0x2c c:/users/morroway/appdata/roaming/code/user/globalstorage/bmd.stm32-for-vscode/@xpack-dev-tools/arm-none-eabi-gcc/11.2.1-1.2.2/.content/bin/../lib/gcc/arm-none-eabi/11.2.1/thumb/v7e-m+fp/hard\libgcc.a(_arm_unorddf2.o)
                0x0000000008000b1c                __unorddf2
                0x0000000008000b1c                __aeabi_dcmpun
 .text          0x0000000008000b48       0x50 c:/users/morroway/appdata/roaming/code/user/globalstorage/bmd.stm32-for-vscode/@xpack-dev-tools/arm-none-eabi-gcc/11.2.1-1.2.2/.content/bin/../lib/gcc/arm-none-eabi/11.2.1/thumb/v7e-m+fp/hard\libgcc.a(_arm_fixdfsi.o)
                0x0000000008000b48                __aeabi_d2iz
                0x0000000008000b48                __fixdfsi
 .text          0x0000000008000b98       0x30 c:/users/morroway/appdata/roaming/code/user/globalstorage/bmd.stm32-for-vscode/@xpack-dev-tools/arm-none-eabi-gcc/11.2.1-1.2.2/.content/bin/../lib/gcc/arm-none-eabi/11.2.1/thumb/v7e-m+fp/hard\libgcc.a(_aeabi_uldivmod.o)
                0x0000000008000b98                __aeabi_uldivmod
 .text          0x0000000008000bc8      0x1ac c:/users/morroway/appdata/roaming/code/user/globalstorage/bmd.stm32-for-vscode/@xpack-dev-tools/arm-none-eabi-gcc/11.2.1-1.2.2/.content/bin/../lib/gcc/arm-none-eabi/11.2.1/thumb/v7e-m+fp/hard\libgcc.a(libunwind.o)
                0x0000000008000bc8                __restore_core_regs
                0x0000000008000bc8                restore_core_regs
                0x0000000008000be0                __gnu_Unwind_Restore_VFP
                0x0000000008000be8                __gnu_Unwind_Save_VFP
                0x0000000008000bf0                __gnu_Unwind_Restore_VFP_D
                0x0000000008000bf8                __gnu_Unwind_Save_VFP_D
                0x0000000008000c00                __gnu_Unwind_Restore_VFP_D_16_to_31
                0x0000000008000c08                __gnu_Unwind_Save_VFP_D_16_to_31
                0x0000000008000c10                __gnu_Unwind_Restore_WMMXD
                0x0000000008000c54                __gnu_Unwind_Save_WMMXD
                0x0000000008000c98                __gnu_Unwind_Restore_WMMXC
                0x0000000008000cac                __gnu_Unwind_Save_WMMXC
                0x0000000008000cc0                ___Unwind_RaiseException
                0x0000000008000cc0                _Unwind_RaiseException
                0x0000000008000ce4                _Unwind_Resume
                0x0000000008000ce4                ___Unwind_Resume
                0x0000000008000d08                _Unwind_Resume_or_Rethrow
                0x0000000008000d08                ___Unwind_Resume_or_Rethrow
                0x0000000008000d2c                _Unwind_ForcedUnwind
                0x0000000008000d2c                ___Unwind_ForcedUnwind
                0x0000000008000d50                ___Unwind_Backtrace
                0x0000000008000d50                _Unwind_Backtrace
 .text          0x0000000008000d74        0x4 c:/users/morroway/appdata/roaming/code/user/globalstorage/bmd.stm32-for-vscode/@xpack-dev-tools/arm-none-eabi-gcc/11.2.1-1.2.2/.content/bin/../lib/gcc/arm-none-eabi/11.2.1/thumb/v7e-m+fp/hard\libgcc.a(_dvmd_tls.o)
                0x0000000008000d74                __aeabi_idiv0
                0x0000000008000d74                __aeabi_ldiv0
 *(.text*)
 .text.__do_global_dtors_aux
                0x0000000008000d78       0x24 c:/users/morroway/appdata/roaming/code/user/globalstorage/bmd.stm32-for-vscode/@xpack-dev-tools/arm-none-eabi-gcc/11.2.1-1.2.2/.content/bin/../lib/gcc/arm-none-eabi/11.2.1/thumb/v7e-m+fp/hard/crtbegin.o
 .text.frame_dummy
                0x0000000008000d9c       0x1c c:/users/morroway/appdata/roaming/code/user/globalstorage/bmd.stm32-for-vscode/@xpack-dev-tools/arm-none-eabi-gcc/11.2.1-1.2.2/.content/bin/../lib/gcc/arm-none-eabi/11.2.1/thumb/v7e-m+fp/hard/crtbegin.o
 .text.DelayMicrosecond
                0x0000000008000db8       0x30 build/Functions.o
                0x0000000008000db8                DelayMicrosecond
 .text.GetTemperature
                0x0000000008000de8      0x1b0 build/Functions.o
                0x0000000008000de8                GetTemperature
 .text.SetHeating
                0x0000000008000f98       0x30 build/Functions.o
                0x0000000008000f98                SetHeating
 .text.SetFanSpeed
                0x0000000008000fc8       0x30 build/Functions.o
                0x0000000008000fc8                SetFanSpeed
 .text.M105     0x0000000008000ff8       0x16 build/GCodes.o
                0x0000000008000ff8                M105
 .text.M155     0x000000000800100e       0x1e build/GCodes.o
                0x000000000800100e                M155
 .text.reset_args
                0x000000000800102c       0x30 build/Parser.o
                0x000000000800102c                reset_args
 .text.get_command
                0x000000000800105c       0x98 build/Parser.o
                0x000000000800105c                get_command
 .text.split_gcode
                0x00000000080010f4       0x94 build/Parser.o
                0x00000000080010f4                split_gcode
 .text.HAL_UARTEx_RxEventCallback
                0x0000000008001188       0x48 build/main.o
                0x0000000008001188                HAL_UARTEx_RxEventCallback
 .text.GetADCValue
                0x00000000080011d0       0x24 build/main.o
                0x00000000080011d0                GetADCValue
 .text.print_temperature
                0x00000000080011f4       0x5c build/main.o
                0x00000000080011f4                print_temperature
 .text.main     0x0000000008001250      0x13c build/main.o
                0x0000000008001250                main
 .text.SystemClock_Config
                0x000000000800138c       0xa6 build/main.o
                0x000000000800138c                SystemClock_Config
 *fill*         0x0000000008001432        0x2 
 .text.MX_ADC1_Init
                0x0000000008001434      0x144 build/main.o
 .text.MX_LPUART1_UART_Init
                0x0000000008001578       0xa0 build/main.o
 .text.MX_UART4_Init
                0x0000000008001618       0x98 build/main.o
 .text.MX_TIM3_Init
                0x00000000080016b0      0x118 build/main.o
 .text.MX_TIM4_Init
                0x00000000080017c8       0x9c build/main.o
 .text.MX_USB_OTG_FS_PCD_Init
                0x0000000008001864       0x54 build/main.o
 .text.MX_DMA_Init
                0x00000000080018b8       0x64 build/main.o
 .text.MX_GPIO_Init
                0x000000000800191c      0x1f0 build/main.o
 .text.Error_Handler
                0x0000000008001b0c        0xa build/main.o
                0x0000000008001b0c                Error_Handler
 *fill*         0x0000000008001b16        0x2 
 .text.HAL_MspInit
                0x0000000008001b18       0x48 build/stm32l4xx_hal_msp.o
                0x0000000008001b18                HAL_MspInit
 .text.HAL_ADC_MspInit
                0x0000000008001b60      0x130 build/stm32l4xx_hal_msp.o
                0x0000000008001b60                HAL_ADC_MspInit
 .text.HAL_UART_MspInit
                0x0000000008001c90      0x1b4 build/stm32l4xx_hal_msp.o
                0x0000000008001c90                HAL_UART_MspInit
 .text.HAL_TIM_Base_MspInit
                0x0000000008001e44       0x68 build/stm32l4xx_hal_msp.o
                0x0000000008001e44                HAL_TIM_Base_MspInit
 .text.HAL_TIM_MspPostInit
                0x0000000008001eac       0x70 build/stm32l4xx_hal_msp.o
                0x0000000008001eac                HAL_TIM_MspPostInit
 .text.HAL_PCD_MspInit
                0x0000000008001f1c      0x118 build/stm32l4xx_hal_msp.o
                0x0000000008001f1c                HAL_PCD_MspInit
 .text.NMI_Handler
                0x0000000008002034        0x6 build/stm32l4xx_it.o
                0x0000000008002034                NMI_Handler
 .text.HardFault_Handler
                0x000000000800203a        0x6 build/stm32l4xx_it.o
                0x000000000800203a                HardFault_Handler
 .text.MemManage_Handler
                0x0000000008002040        0x6 build/stm32l4xx_it.o
                0x0000000008002040                MemManage_Handler
 .text.BusFault_Handler
                0x0000000008002046        0x6 build/stm32l4xx_it.o
                0x0000000008002046                BusFault_Handler
 .text.UsageFault_Handler
                0x000000000800204c        0x6 build/stm32l4xx_it.o
                0x000000000800204c                UsageFault_Handler
 .text.SVC_Handler
                0x0000000008002052        0xe build/stm32l4xx_it.o
                0x0000000008002052                SVC_Handler
 .text.DebugMon_Handler
                0x0000000008002060        0xe build/stm32l4xx_it.o
                0x0000000008002060                DebugMon_Handler
 .text.PendSV_Handler
                0x000000000800206e        0xe build/stm32l4xx_it.o
                0x000000000800206e                PendSV_Handler
 .text.SysTick_Handler
                0x000000000800207c        0xc build/stm32l4xx_it.o
                0x000000000800207c                SysTick_Handler
 .text.DMA1_Channel1_IRQHandler
                0x0000000008002088       0x14 build/stm32l4xx_it.o
                0x0000000008002088                DMA1_Channel1_IRQHandler
 .text.DMA1_Channel2_IRQHandler
                0x000000000800209c       0x14 build/stm32l4xx_it.o
                0x000000000800209c                DMA1_Channel2_IRQHandler
 .text.LPUART1_IRQHandler
                0x00000000080020b0       0x14 build/stm32l4xx_it.o
                0x00000000080020b0                LPUART1_IRQHandler
 .text.SystemInit
                0x00000000080020c4       0x24 build/system_stm32l4xx.o
                0x00000000080020c4                SystemInit
 .text.HAL_Init
                0x00000000080020e8       0x30 build/stm32l4xx_hal.o
                0x00000000080020e8                HAL_Init
 .text.HAL_InitTick
                0x0000000008002118       0x78 build/stm32l4xx_hal.o
                0x0000000008002118                HAL_InitTick
 .text.HAL_IncTick
                0x0000000008002190       0x28 build/stm32l4xx_hal.o
                0x0000000008002190                HAL_IncTick
 .text.HAL_GetTick
                0x00000000080021b8       0x18 build/stm32l4xx_hal.o
                0x00000000080021b8                HAL_GetTick
 .text.HAL_Delay
                0x00000000080021d0       0x48 build/stm32l4xx_hal.o
                0x00000000080021d0                HAL_Delay
 .text.LL_ADC_SetCommonClock
                0x0000000008002218       0x26 build/stm32l4xx_hal_adc.o
 .text.LL_ADC_SetCommonPathInternalCh
                0x000000000800223e       0x26 build/stm32l4xx_hal_adc.o
 .text.LL_ADC_GetCommonPathInternalCh
                0x0000000008002264       0x1c build/stm32l4xx_hal_adc.o
 .text.LL_ADC_SetOffset
                0x0000000008002280       0x48 build/stm32l4xx_hal_adc.o
 .text.LL_ADC_GetOffsetChannel
                0x00000000080022c8       0x2c build/stm32l4xx_hal_adc.o
 .text.LL_ADC_SetOffsetState
                0x00000000080022f4       0x36 build/stm32l4xx_hal_adc.o
 .text.LL_ADC_SetSamplingTimeCommonConfig
                0x000000000800232a       0x26 build/stm32l4xx_hal_adc.o
 .text.LL_ADC_REG_IsTriggerSourceSWStart
                0x0000000008002350       0x26 build/stm32l4xx_hal_adc.o
 .text.LL_ADC_REG_SetSequencerRanks
                0x0000000008002376       0x58 build/stm32l4xx_hal_adc.o
 .text.LL_ADC_SetChannelSamplingTime
                0x00000000080023ce       0x56 build/stm32l4xx_hal_adc.o
 .text.LL_ADC_SetChannelSingleDiff
                0x0000000008002424       0x48 build/stm32l4xx_hal_adc.o
 .text.LL_ADC_GetMultimode
                0x000000000800246c       0x1c build/stm32l4xx_hal_adc.o
 .text.LL_ADC_DisableDeepPowerDown
                0x0000000008002488       0x24 build/stm32l4xx_hal_adc.o
 .text.LL_ADC_IsDeepPowerDownEnabled
                0x00000000080024ac       0x28 build/stm32l4xx_hal_adc.o
 .text.LL_ADC_EnableInternalRegulator
                0x00000000080024d4       0x28 build/stm32l4xx_hal_adc.o
 .text.LL_ADC_IsInternalRegulatorEnabled
                0x00000000080024fc       0x28 build/stm32l4xx_hal_adc.o
 .text.LL_ADC_Enable
                0x0000000008002524       0x28 build/stm32l4xx_hal_adc.o
 .text.LL_ADC_IsEnabled
                0x000000000800254c       0x26 build/stm32l4xx_hal_adc.o
 .text.LL_ADC_REG_StartConversion
                0x0000000008002572       0x28 build/stm32l4xx_hal_adc.o
 .text.LL_ADC_REG_IsConversionOngoing
                0x000000000800259a       0x26 build/stm32l4xx_hal_adc.o
 .text.LL_ADC_INJ_IsConversionOngoing
                0x00000000080025c0       0x26 build/stm32l4xx_hal_adc.o
 *fill*         0x00000000080025e6        0x2 
 .text.HAL_ADC_Init
                0x00000000080025e8      0x2a4 build/stm32l4xx_hal_adc.o
                0x00000000080025e8                HAL_ADC_Init
 .text.HAL_ADC_Start_DMA
                0x000000000800288c      0x168 build/stm32l4xx_hal_adc.o
                0x000000000800288c                HAL_ADC_Start_DMA
 .text.HAL_ADC_ConvCpltCallback
                0x00000000080029f4       0x14 build/stm32l4xx_hal_adc.o
                0x00000000080029f4                HAL_ADC_ConvCpltCallback
 .text.HAL_ADC_ConvHalfCpltCallback
                0x0000000008002a08       0x14 build/stm32l4xx_hal_adc.o
                0x0000000008002a08                HAL_ADC_ConvHalfCpltCallback
 .text.HAL_ADC_ErrorCallback
                0x0000000008002a1c       0x14 build/stm32l4xx_hal_adc.o
                0x0000000008002a1c                HAL_ADC_ErrorCallback
 .text.HAL_ADC_ConfigChannel
                0x0000000008002a30      0x7f4 build/stm32l4xx_hal_adc.o
                0x0000000008002a30                HAL_ADC_ConfigChannel
 .text.ADC_Enable
                0x0000000008003224      0x10c build/stm32l4xx_hal_adc.o
                0x0000000008003224                ADC_Enable
 .text.ADC_DMAConvCplt
                0x0000000008003330       0xd8 build/stm32l4xx_hal_adc.o
                0x0000000008003330                ADC_DMAConvCplt
 .text.ADC_DMAHalfConvCplt
                0x0000000008003408       0x1c build/stm32l4xx_hal_adc.o
                0x0000000008003408                ADC_DMAHalfConvCplt
 .text.ADC_DMAError
                0x0000000008003424       0x34 build/stm32l4xx_hal_adc.o
                0x0000000008003424                ADC_DMAError
 .text.LL_ADC_IsEnabled
                0x0000000008003458       0x26 build/stm32l4xx_hal_adc_ex.o
 .text.LL_ADC_REG_IsConversionOngoing
                0x000000000800347e       0x26 build/stm32l4xx_hal_adc_ex.o
 .text.HAL_ADCEx_MultiModeConfigChannel
                0x00000000080034a4      0x148 build/stm32l4xx_hal_adc_ex.o
                0x00000000080034a4                HAL_ADCEx_MultiModeConfigChannel
 .text.__NVIC_SetPriorityGrouping
                0x00000000080035ec       0x48 build/stm32l4xx_hal_cortex.o
 .text.__NVIC_GetPriorityGrouping
                0x0000000008003634       0x1c build/stm32l4xx_hal_cortex.o
 .text.__NVIC_EnableIRQ
                0x0000000008003650       0x3c build/stm32l4xx_hal_cortex.o
 .text.__NVIC_SetPriority
                0x000000000800368c       0x54 build/stm32l4xx_hal_cortex.o
 .text.NVIC_EncodePriority
                0x00000000080036e0       0x66 build/stm32l4xx_hal_cortex.o
 *fill*         0x0000000008003746        0x2 
 .text.SysTick_Config
                0x0000000008003748       0x44 build/stm32l4xx_hal_cortex.o
 .text.HAL_NVIC_SetPriorityGrouping
                0x000000000800378c       0x16 build/stm32l4xx_hal_cortex.o
                0x000000000800378c                HAL_NVIC_SetPriorityGrouping
 .text.HAL_NVIC_SetPriority
                0x00000000080037a2       0x38 build/stm32l4xx_hal_cortex.o
                0x00000000080037a2                HAL_NVIC_SetPriority
 .text.HAL_NVIC_EnableIRQ
                0x00000000080037da       0x1c build/stm32l4xx_hal_cortex.o
                0x00000000080037da                HAL_NVIC_EnableIRQ
 .text.HAL_SYSTICK_Config
                0x00000000080037f6       0x18 build/stm32l4xx_hal_cortex.o
                0x00000000080037f6                HAL_SYSTICK_Config
 *fill*         0x000000000800380e        0x2 
 .text.HAL_DMA_Init
                0x0000000008003810      0x150 build/stm32l4xx_hal_dma.o
                0x0000000008003810                HAL_DMA_Init
 .text.HAL_DMA_Start_IT
                0x0000000008003960       0xf6 build/stm32l4xx_hal_dma.o
                0x0000000008003960                HAL_DMA_Start_IT
 .text.HAL_DMA_Abort
                0x0000000008003a56       0xb8 build/stm32l4xx_hal_dma.o
                0x0000000008003a56                HAL_DMA_Abort
 .text.HAL_DMA_Abort_IT
                0x0000000008003b0e       0xbe build/stm32l4xx_hal_dma.o
                0x0000000008003b0e                HAL_DMA_Abort_IT
 .text.HAL_DMA_IRQHandler
                0x0000000008003bcc      0x15e build/stm32l4xx_hal_dma.o
                0x0000000008003bcc                HAL_DMA_IRQHandler
 .text.DMA_SetConfig
                0x0000000008003d2a       0x7c build/stm32l4xx_hal_dma.o
 *fill*         0x0000000008003da6        0x2 
 .text.DMA_CalcDMAMUXChannelBaseAndMask
                0x0000000008003da8       0x7c build/stm32l4xx_hal_dma.o
 .text.DMA_CalcDMAMUXRequestGenBaseAndMask
                0x0000000008003e24       0x48 build/stm32l4xx_hal_dma.o
 .text.HAL_GPIO_Init
                0x0000000008003e6c      0x324 build/stm32l4xx_hal_gpio.o
                0x0000000008003e6c                HAL_GPIO_Init
 .text.HAL_GPIO_ReadPin
                0x0000000008004190       0x30 build/stm32l4xx_hal_gpio.o
                0x0000000008004190                HAL_GPIO_ReadPin
 .text.HAL_GPIO_WritePin
                0x00000000080041c0       0x30 build/stm32l4xx_hal_gpio.o
                0x00000000080041c0                HAL_GPIO_WritePin
 .text.HAL_GPIO_TogglePin
                0x00000000080041f0       0x34 build/stm32l4xx_hal_gpio.o
                0x00000000080041f0                HAL_GPIO_TogglePin
 .text.HAL_PCD_Init
                0x0000000008004224      0x248 build/stm32l4xx_hal_pcd.o
                0x0000000008004224                HAL_PCD_Init
 .text.HAL_PCDEx_ActivateLPM
                0x000000000800446c       0x48 build/stm32l4xx_hal_pcd_ex.o
                0x000000000800446c                HAL_PCDEx_ActivateLPM
 .text.HAL_PWREx_GetVoltageRange
                0x00000000080044b4       0x40 build/stm32l4xx_hal_pwr_ex.o
                0x00000000080044b4                HAL_PWREx_GetVoltageRange
 .text.HAL_PWREx_ControlVoltageScaling
                0x00000000080044f4      0x148 build/stm32l4xx_hal_pwr_ex.o
                0x00000000080044f4                HAL_PWREx_ControlVoltageScaling
 .text.HAL_PWREx_EnableVddUSB
                0x000000000800463c       0x20 build/stm32l4xx_hal_pwr_ex.o
                0x000000000800463c                HAL_PWREx_EnableVddUSB
 .text.HAL_PWREx_EnableVddIO2
                0x000000000800465c       0x20 build/stm32l4xx_hal_pwr_ex.o
                0x000000000800465c                HAL_PWREx_EnableVddIO2
 .text.HAL_RCC_OscConfig
                0x000000000800467c      0x8f8 build/stm32l4xx_hal_rcc.o
                0x000000000800467c                HAL_RCC_OscConfig
 .text.HAL_RCC_ClockConfig
                0x0000000008004f74      0x274 build/stm32l4xx_hal_rcc.o
                0x0000000008004f74                HAL_RCC_ClockConfig
 .text.HAL_RCC_GetSysClockFreq
                0x00000000080051e8      0x118 build/stm32l4xx_hal_rcc.o
                0x00000000080051e8                HAL_RCC_GetSysClockFreq
 .text.HAL_RCC_GetHCLKFreq
                0x0000000008005300       0x18 build/stm32l4xx_hal_rcc.o
                0x0000000008005300                HAL_RCC_GetHCLKFreq
 .text.HAL_RCC_GetPCLK1Freq
                0x0000000008005318       0x2c build/stm32l4xx_hal_rcc.o
                0x0000000008005318                HAL_RCC_GetPCLK1Freq
 .text.HAL_RCC_GetPCLK2Freq
                0x0000000008005344       0x2c build/stm32l4xx_hal_rcc.o
                0x0000000008005344                HAL_RCC_GetPCLK2Freq
 .text.RCC_SetFlashLatencyFromMSIRange
                0x0000000008005370       0xb4 build/stm32l4xx_hal_rcc.o
 .text.RCC_GetSysClockFreqFromPLLSource
                0x0000000008005424       0xcc build/stm32l4xx_hal_rcc.o
 .text.HAL_RCCEx_PeriphCLKConfig
                0x00000000080054f0      0x6d8 build/stm32l4xx_hal_rcc_ex.o
                0x00000000080054f0                HAL_RCCEx_PeriphCLKConfig
 .text.RCCEx_PLLSAI1_Config
                0x0000000008005bc8      0x1e8 build/stm32l4xx_hal_rcc_ex.o
 .text.RCCEx_PLLSAI2_Config
                0x0000000008005db0      0x1e8 build/stm32l4xx_hal_rcc_ex.o
 .text.HAL_TIM_Base_Init
                0x0000000008005f98       0xae build/stm32l4xx_hal_tim.o
                0x0000000008005f98                HAL_TIM_Base_Init
 *fill*         0x0000000008006046        0x2 
 .text.HAL_TIM_Base_Start
                0x0000000008006048       0xd0 build/stm32l4xx_hal_tim.o
                0x0000000008006048                HAL_TIM_Base_Start
 .text.HAL_TIM_PWM_Init
                0x0000000008006118       0xae build/stm32l4xx_hal_tim.o
                0x0000000008006118                HAL_TIM_PWM_Init
 .text.HAL_TIM_PWM_MspInit
                0x00000000080061c6       0x14 build/stm32l4xx_hal_tim.o
                0x00000000080061c6                HAL_TIM_PWM_MspInit
 *fill*         0x00000000080061da        0x2 
 .text.HAL_TIM_PWM_Start
                0x00000000080061dc      0x20c build/stm32l4xx_hal_tim.o
                0x00000000080061dc                HAL_TIM_PWM_Start
 .text.HAL_TIM_PWM_ConfigChannel
                0x00000000080063e8      0x228 build/stm32l4xx_hal_tim.o
                0x00000000080063e8                HAL_TIM_PWM_ConfigChannel
 .text.HAL_TIM_ConfigClockSource
                0x0000000008006610      0x192 build/stm32l4xx_hal_tim.o
                0x0000000008006610                HAL_TIM_ConfigClockSource
 *fill*         0x00000000080067a2        0x2 
 .text.TIM_Base_SetConfig
                0x00000000080067a4      0x134 build/stm32l4xx_hal_tim.o
                0x00000000080067a4                TIM_Base_SetConfig
 .text.TIM_OC1_SetConfig
                0x00000000080068d8      0x120 build/stm32l4xx_hal_tim.o
 .text.TIM_OC2_SetConfig
                0x00000000080069f8      0x114 build/stm32l4xx_hal_tim.o
                0x00000000080069f8                TIM_OC2_SetConfig
 .text.TIM_OC3_SetConfig
                0x0000000008006b0c      0x110 build/stm32l4xx_hal_tim.o
 .text.TIM_OC4_SetConfig
                0x0000000008006c1c       0xd4 build/stm32l4xx_hal_tim.o
 .text.TIM_OC5_SetConfig
                0x0000000008006cf0       0xc8 build/stm32l4xx_hal_tim.o
 .text.TIM_OC6_SetConfig
                0x0000000008006db8       0xcc build/stm32l4xx_hal_tim.o
 .text.TIM_TI1_ConfigInputStage
                0x0000000008006e84       0x5e build/stm32l4xx_hal_tim.o
 .text.TIM_TI2_ConfigInputStage
                0x0000000008006ee2       0x60 build/stm32l4xx_hal_tim.o
 .text.TIM_ITRx_SetConfig
                0x0000000008006f42       0x36 build/stm32l4xx_hal_tim.o
 .text.TIM_ETR_SetConfig
                0x0000000008006f78       0x40 build/stm32l4xx_hal_tim.o
                0x0000000008006f78                TIM_ETR_SetConfig
 .text.TIM_CCxChannelCmd
                0x0000000008006fb8       0x4a build/stm32l4xx_hal_tim.o
                0x0000000008006fb8                TIM_CCxChannelCmd
 *fill*         0x0000000008007002        0x2 
 .text.HAL_TIMEx_MasterConfigSynchronization
                0x0000000008007004      0x110 build/stm32l4xx_hal_tim_ex.o
                0x0000000008007004                HAL_TIMEx_MasterConfigSynchronization
 .text.HAL_UART_Init
                0x0000000008007114       0xa0 build/stm32l4xx_hal_uart.o
                0x0000000008007114                HAL_UART_Init
 .text.HAL_UART_Transmit
                0x00000000080071b4      0x12c build/stm32l4xx_hal_uart.o
                0x00000000080071b4                HAL_UART_Transmit
 .text.HAL_UART_IRQHandler
                0x00000000080072e0      0x630 build/stm32l4xx_hal_uart.o
                0x00000000080072e0                HAL_UART_IRQHandler
 .text.HAL_UART_TxCpltCallback
                0x0000000008007910       0x14 build/stm32l4xx_hal_uart.o
                0x0000000008007910                HAL_UART_TxCpltCallback
 .text.HAL_UART_RxCpltCallback
                0x0000000008007924       0x14 build/stm32l4xx_hal_uart.o
                0x0000000008007924                HAL_UART_RxCpltCallback
 .text.HAL_UART_RxHalfCpltCallback
                0x0000000008007938       0x14 build/stm32l4xx_hal_uart.o
                0x0000000008007938                HAL_UART_RxHalfCpltCallback
 .text.HAL_UART_ErrorCallback
                0x000000000800794c       0x14 build/stm32l4xx_hal_uart.o
                0x000000000800794c                HAL_UART_ErrorCallback
 .text.UART_SetConfig
                0x0000000008007960      0x5f8 build/stm32l4xx_hal_uart.o
                0x0000000008007960                UART_SetConfig
 .text.UART_AdvFeatureConfig
                0x0000000008007f58      0x144 build/stm32l4xx_hal_uart.o
                0x0000000008007f58                UART_AdvFeatureConfig
 .text.UART_CheckIdleState
                0x000000000800809c       0x96 build/stm32l4xx_hal_uart.o
                0x000000000800809c                UART_CheckIdleState
 .text.UART_WaitOnFlagUntilTimeout
                0x0000000008008132      0x190 build/stm32l4xx_hal_uart.o
                0x0000000008008132                UART_WaitOnFlagUntilTimeout
 *fill*         0x00000000080082c2        0x2 
 .text.UART_Start_Receive_DMA
                0x00000000080082c4      0x150 build/stm32l4xx_hal_uart.o
                0x00000000080082c4                UART_Start_Receive_DMA
 .text.UART_EndTxTransfer
                0x0000000008008414       0x82 build/stm32l4xx_hal_uart.o
 .text.UART_EndRxTransfer
                0x0000000008008496       0xcc build/stm32l4xx_hal_uart.o
 .text.UART_DMAReceiveCplt
                0x0000000008008562      0x126 build/stm32l4xx_hal_uart.o
 .text.UART_DMARxHalfCplt
                0x0000000008008688       0x38 build/stm32l4xx_hal_uart.o
 .text.UART_DMAError
                0x00000000080086c0       0x80 build/stm32l4xx_hal_uart.o
 .text.UART_DMAAbortOnError
                0x0000000008008740       0x2c build/stm32l4xx_hal_uart.o
 .text.UART_EndTransmit_IT
                0x000000000800876c       0x56 build/stm32l4xx_hal_uart.o
 .text.HAL_UARTEx_WakeupCallback
                0x00000000080087c2       0x14 build/stm32l4xx_hal_uart_ex.o
                0x00000000080087c2                HAL_UARTEx_WakeupCallback
 .text.HAL_UARTEx_RxFifoFullCallback
                0x00000000080087d6       0x14 build/stm32l4xx_hal_uart_ex.o
                0x00000000080087d6                HAL_UARTEx_RxFifoFullCallback
 .text.HAL_UARTEx_TxFifoEmptyCallback
                0x00000000080087ea       0x14 build/stm32l4xx_hal_uart_ex.o
                0x00000000080087ea                HAL_UARTEx_TxFifoEmptyCallback
 .text.HAL_UARTEx_DisableFifoMode
                0x00000000080087fe       0x72 build/stm32l4xx_hal_uart_ex.o
                0x00000000080087fe                HAL_UARTEx_DisableFifoMode
 .text.HAL_UARTEx_SetTxFifoThreshold
                0x0000000008008870       0x7c build/stm32l4xx_hal_uart_ex.o
                0x0000000008008870                HAL_UARTEx_SetTxFifoThreshold
 .text.HAL_UARTEx_SetRxFifoThreshold
                0x00000000080088ec       0x7c build/stm32l4xx_hal_uart_ex.o
                0x00000000080088ec                HAL_UARTEx_SetRxFifoThreshold
 .text.HAL_UARTEx_ReceiveToIdle_DMA
                0x0000000008008968       0xb8 build/stm32l4xx_hal_uart_ex.o
                0x0000000008008968                HAL_UARTEx_ReceiveToIdle_DMA
 .text.UARTEx_SetNbDataToProcess
                0x0000000008008a20       0x9c build/stm32l4xx_hal_uart_ex.o
 .text.USB_CoreInit
                0x0000000008008abc       0x58 build/stm32l4xx_ll_usb.o
                0x0000000008008abc                USB_CoreInit
 .text.USB_DisableGlobalInt
                0x0000000008008b14       0x22 build/stm32l4xx_ll_usb.o
                0x0000000008008b14                USB_DisableGlobalInt
 .text.USB_SetCurrentMode
                0x0000000008008b36       0x98 build/stm32l4xx_ll_usb.o
                0x0000000008008b36                USB_SetCurrentMode
 *fill*         0x0000000008008bce        0x2 
 .text.USB_DevInit
                0x0000000008008bd0      0x298 build/stm32l4xx_ll_usb.o
                0x0000000008008bd0                USB_DevInit
 .text.USB_FlushTxFifo
                0x0000000008008e68       0x68 build/stm32l4xx_ll_usb.o
                0x0000000008008e68                USB_FlushTxFifo
 .text.USB_FlushRxFifo
                0x0000000008008ed0       0x60 build/stm32l4xx_ll_usb.o
                0x0000000008008ed0                USB_FlushRxFifo
 .text.USB_SetDevSpeed
                0x0000000008008f30       0x32 build/stm32l4xx_ll_usb.o
                0x0000000008008f30                USB_SetDevSpeed
 .text.USB_DevDisconnect
                0x0000000008008f62       0x42 build/stm32l4xx_ll_usb.o
                0x0000000008008f62                USB_DevDisconnect
 .text.USB_GetMode
                0x0000000008008fa4       0x1c build/stm32l4xx_ll_usb.o
                0x0000000008008fa4                USB_GetMode
 .text.USB_CoreReset
                0x0000000008008fc0       0x68 build/stm32l4xx_ll_usb.o
 .text.Reset_Handler
                0x0000000008009028       0x50 build/startup_stm32l4p5xx.o
                0x0000000008009028                Reset_Handler
 .text.Default_Handler
                0x0000000008009078        0x2 build/startup_stm32l4p5xx.o
                0x0000000008009078                RTC_Alarm_IRQHandler
                0x0000000008009078                EXTI2_IRQHandler
                0x0000000008009078                TIM8_TRG_COM_IRQHandler
                0x0000000008009078                TIM8_CC_IRQHandler
                0x0000000008009078                TIM1_CC_IRQHandler
                0x0000000008009078                TSC_IRQHandler
                0x0000000008009078                TAMP_STAMP_IRQHandler
                0x0000000008009078                EXTI3_IRQHandler
                0x0000000008009078                LPTIM2_IRQHandler
                0x0000000008009078                DFSDM1_FLT1_IRQHandler
                0x0000000008009078                I2C3_ER_IRQHandler
                0x0000000008009078                EXTI0_IRQHandler
                0x0000000008009078                I2C2_EV_IRQHandler
                0x0000000008009078                CAN1_RX0_IRQHandler
                0x0000000008009078                FPU_IRQHandler
                0x0000000008009078                TIM1_UP_TIM16_IRQHandler
                0x0000000008009078                LTDC_ER_IRQHandler
                0x0000000008009078                ADC1_2_IRQHandler
                0x0000000008009078                SPI1_IRQHandler
                0x0000000008009078                OCTOSPI1_IRQHandler
                0x0000000008009078                TIM6_DAC_IRQHandler
                0x0000000008009078                TIM8_UP_IRQHandler
                0x0000000008009078                OCTOSPI2_IRQHandler
                0x0000000008009078                DMA2_Channel2_IRQHandler
                0x0000000008009078                DMA1_Channel4_IRQHandler
                0x0000000008009078                SAI2_IRQHandler
                0x0000000008009078                USART3_IRQHandler
                0x0000000008009078                DMA1_Channel7_IRQHandler
                0x0000000008009078                CAN1_RX1_IRQHandler
                0x0000000008009078                UART5_IRQHandler
                0x0000000008009078                TIM4_IRQHandler
                0x0000000008009078                DMA2_Channel1_IRQHandler
                0x0000000008009078                I2C1_EV_IRQHandler
                0x0000000008009078                DMAMUX1_OVR_IRQHandler
                0x0000000008009078                DMA1_Channel6_IRQHandler
                0x0000000008009078                UART4_IRQHandler
                0x0000000008009078                DMA2_Channel4_IRQHandler
                0x0000000008009078                TIM3_IRQHandler
                0x0000000008009078                RCC_IRQHandler
                0x0000000008009078                Default_Handler
                0x0000000008009078                DMA2_Channel7_IRQHandler
                0x0000000008009078                EXTI15_10_IRQHandler
                0x0000000008009078                TIM7_IRQHandler
                0x0000000008009078                SDMMC1_IRQHandler
                0x0000000008009078                TIM5_IRQHandler
                0x0000000008009078                I2C3_EV_IRQHandler
                0x0000000008009078                EXTI9_5_IRQHandler
                0x0000000008009078                RTC_WKUP_IRQHandler
                0x0000000008009078                LTDC_IRQHandler
                0x0000000008009078                PVD_PVM_IRQHandler
                0x0000000008009078                SPI2_IRQHandler
                0x0000000008009078                CAN1_TX_IRQHandler
                0x0000000008009078                DMA2_Channel5_IRQHandler
                0x0000000008009078                DMA1_Channel5_IRQHandler
                0x0000000008009078                EXTI4_IRQHandler
                0x0000000008009078                RNG_IRQHandler
                0x0000000008009078                TIM1_TRG_COM_TIM17_IRQHandler
                0x0000000008009078                DMA1_Channel3_IRQHandler
                0x0000000008009078                COMP_IRQHandler
                0x0000000008009078                HASH_CRS_IRQHandler
                0x0000000008009078                WWDG_IRQHandler
                0x0000000008009078                I2C4_EV_IRQHandler
                0x0000000008009078                DMA2_Channel6_IRQHandler
                0x0000000008009078                TIM2_IRQHandler
                0x0000000008009078                DMA2D_IRQHandler
                0x0000000008009078                EXTI1_IRQHandler
                0x0000000008009078                SDMMC2_IRQHandler
                0x0000000008009078                USART2_IRQHandler
                0x0000000008009078                DFSDM1_FLT0_IRQHandler
                0x0000000008009078                I2C2_ER_IRQHandler
                0x0000000008009078                TIM8_BRK_IRQHandler
                0x0000000008009078                CAN1_SCE_IRQHandler
                0x0000000008009078                FLASH_IRQHandler
                0x0000000008009078                USART1_IRQHandler
                0x0000000008009078                OTG_FS_IRQHandler
                0x0000000008009078                SPI3_IRQHandler
                0x0000000008009078                I2C1_ER_IRQHandler
                0x0000000008009078                FMC_IRQHandler
                0x0000000008009078                LPTIM1_IRQHandler
                0x0000000008009078                DCMI_PSSI_IRQHandler
                0x0000000008009078                I2C4_ER_IRQHandler
                0x0000000008009078                SAI1_IRQHandler
                0x0000000008009078                DMA2_Channel3_IRQHandler
                0x0000000008009078                TIM1_BRK_TIM15_IRQHandler
 .text.atoi     0x000000000800907a        0x8 c:/users/morroway/appdata/roaming/code/user/globalstorage/bmd.stm32-for-vscode/@xpack-dev-tools/arm-none-eabi-gcc/11.2.1-1.2.2/.content/bin/../lib/gcc/arm-none-eabi/11.2.1/../../../../arm-none-eabi/lib/thumb/v7e-m+fp/hard\libc_nano.a(lib_a-atoi.o)
                0x000000000800907a                atoi
 *fill*         0x0000000008009082        0x2 
 .text.__libc_init_array
                0x0000000008009084       0x48 c:/users/morroway/appdata/roaming/code/user/globalstorage/bmd.stm32-for-vscode/@xpack-dev-tools/arm-none-eabi-gcc/11.2.1-1.2.2/.content/bin/../lib/gcc/arm-none-eabi/11.2.1/../../../../arm-none-eabi/lib/thumb/v7e-m+fp/hard\libc_nano.a(lib_a-init.o)
                0x0000000008009084                __libc_init_array
 .text.memset   0x00000000080090cc       0x10 c:/users/morroway/appdata/roaming/code/user/globalstorage/bmd.stm32-for-vscode/@xpack-dev-tools/arm-none-eabi-gcc/11.2.1-1.2.2/.content/bin/../lib/gcc/arm-none-eabi/11.2.1/../../../../arm-none-eabi/lib/thumb/v7e-m+fp/hard\libc_nano.a(lib_a-memset.o)
                0x00000000080090cc                memset
 .text.__cvt    0x00000000080090dc       0xc4 c:/users/morroway/appdata/roaming/code/user/globalstorage/bmd.stm32-for-vscode/@xpack-dev-tools/arm-none-eabi-gcc/11.2.1-1.2.2/.content/bin/../lib/gcc/arm-none-eabi/11.2.1/../../../../arm-none-eabi/lib/thumb/v7e-m+fp/hard\libc_nano.a(lib_a-nano-vfprintf_float.o)
                0x00000000080090dc                __cvt
 .text.__exponent
                0x00000000080091a0       0x7c c:/users/morroway/appdata/roaming/code/user/globalstorage/bmd.stm32-for-vscode/@xpack-dev-tools/arm-none-eabi-gcc/11.2.1-1.2.2/.content/bin/../lib/gcc/arm-none-eabi/11.2.1/../../../../arm-none-eabi/lib/thumb/v7e-m+fp/hard\libc_nano.a(lib_a-nano-vfprintf_float.o)
                0x00000000080091a0                __exponent
 .text._printf_float
                0x000000000800921c      0x46c c:/users/morroway/appdata/roaming/code/user/globalstorage/bmd.stm32-for-vscode/@xpack-dev-tools/arm-none-eabi-gcc/11.2.1-1.2.2/.content/bin/../lib/gcc/arm-none-eabi/11.2.1/../../../../arm-none-eabi/lib/thumb/v7e-m+fp/hard\libc_nano.a(lib_a-nano-vfprintf_float.o)
                0x000000000800921c                _printf_float
 .text._printf_common
                0x0000000008009688       0xda c:/users/morroway/appdata/roaming/code/user/globalstorage/bmd.stm32-for-vscode/@xpack-dev-tools/arm-none-eabi-gcc/11.2.1-1.2.2/.content/bin/../lib/gcc/arm-none-eabi/11.2.1/../../../../arm-none-eabi/lib/thumb/v7e-m+fp/hard\libc_nano.a(lib_a-nano-vfprintf_i.o)
                0x0000000008009688                _printf_common
 *fill*         0x0000000008009762        0x2 
 .text._printf_i
                0x0000000008009764      0x244 c:/users/morroway/appdata/roaming/code/user/globalstorage/bmd.stm32-for-vscode/@xpack-dev-tools/arm-none-eabi-gcc/11.2.1-1.2.2/.content/bin/../lib/gcc/arm-none-eabi/11.2.1/../../../../arm-none-eabi/lib/thumb/v7e-m+fp/hard\libc_nano.a(lib_a-nano-vfprintf_i.o)
                0x0000000008009764                _printf_i
 .text.sprintf  0x00000000080099a8       0x40 c:/users/morroway/appdata/roaming/code/user/globalstorage/bmd.stm32-for-vscode/@xpack-dev-tools/arm-none-eabi-gcc/11.2.1-1.2.2/.content/bin/../lib/gcc/arm-none-eabi/11.2.1/../../../../arm-none-eabi/lib/thumb/v7e-m+fp/hard\libc_nano.a(lib_a-sprintf.o)
                0x00000000080099a8                siprintf
                0x00000000080099a8                sprintf
 .text.strtok   0x00000000080099e8       0x68 c:/users/morroway/appdata/roaming/code/user/globalstorage/bmd.stm32-for-vscode/@xpack-dev-tools/arm-none-eabi-gcc/11.2.1-1.2.2/.content/bin/../lib/gcc/arm-none-eabi/11.2.1/../../../../arm-none-eabi/lib/thumb/v7e-m+fp/hard\libc_nano.a(lib_a-strtok.o)
                0x00000000080099e8                strtok
 .text.__strtok_r
                0x0000000008009a50       0x50 c:/users/morroway/appdata/roaming/code/user/globalstorage/bmd.stm32-for-vscode/@xpack-dev-tools/arm-none-eabi-gcc/11.2.1-1.2.2/.content/bin/../lib/gcc/arm-none-eabi/11.2.1/../../../../arm-none-eabi/lib/thumb/v7e-m+fp/hard\libc_nano.a(lib_a-strtok_r.o)
                0x0000000008009a50                __strtok_r
 .text._strtol_l.constprop.0
                0x0000000008009aa0      0x104 c:/users/morroway/appdata/roaming/code/user/globalstorage/bmd.stm32-for-vscode/@xpack-dev-tools/arm-none-eabi-gcc/11.2.1-1.2.2/.content/bin/../lib/gcc/arm-none-eabi/11.2.1/../../../../arm-none-eabi/lib/thumb/v7e-m+fp/hard\libc_nano.a(lib_a-strtol.o)
 .text.strtol   0x0000000008009ba4       0x14 c:/users/morroway/appdata/roaming/code/user/globalstorage/bmd.stm32-for-vscode/@xpack-dev-tools/arm-none-eabi-gcc/11.2.1-1.2.2/.content/bin/../lib/gcc/arm-none-eabi/11.2.1/../../../../arm-none-eabi/lib/thumb/v7e-m+fp/hard\libc_nano.a(lib_a-strtol.o)
                0x0000000008009ba4                strtol
 .text.__assert_func
                0x0000000008009bb8       0x3c c:/users/morroway/appdata/roaming/code/user/globalstorage/bmd.stm32-for-vscode/@xpack-dev-tools/arm-none-eabi-gcc/11.2.1-1.2.2/.content/bin/../lib/gcc/arm-none-eabi/11.2.1/../../../../arm-none-eabi/lib/thumb/v7e-m+fp/hard\libc_nano.a(lib_a-assert.o)
                0x0000000008009bb8                __assert_func
 .text.quorem   0x0000000008009bf4      0x110 c:/users/morroway/appdata/roaming/code/user/globalstorage/bmd.stm32-for-vscode/@xpack-dev-tools/arm-none-eabi-gcc/11.2.1-1.2.2/.content/bin/../lib/gcc/arm-none-eabi/11.2.1/../../../../arm-none-eabi/lib/thumb/v7e-m+fp/hard\libc_nano.a(lib_a-dtoa.o)
 *fill*         0x0000000008009d04        0x4 
 .text._dtoa_r  0x0000000008009d08      0xbe4 c:/users/morroway/appdata/roaming/code/user/globalstorage/bmd.stm32-for-vscode/@xpack-dev-tools/arm-none-eabi-gcc/11.2.1-1.2.2/.content/bin/../lib/gcc/arm-none-eabi/11.2.1/../../../../arm-none-eabi/lib/thumb/v7e-m+fp/hard\libc_nano.a(lib_a-dtoa.o)
                0x0000000008009d08                _dtoa_r
 .text.__errno  0x000000000800a8ec        0xc c:/users/morroway/appdata/roaming/code/user/globalstorage/bmd.stm32-for-vscode/@xpack-dev-tools/arm-none-eabi-gcc/11.2.1-1.2.2/.content/bin/../lib/gcc/arm-none-eabi/11.2.1/../../../../arm-none-eabi/lib/thumb/v7e-m+fp/hard\libc_nano.a(lib_a-errno.o)
                0x000000000800a8ec                __errno
 .text.fprintf  0x000000000800a8f8       0x24 c:/users/morroway/appdata/roaming/code/user/globalstorage/bmd.stm32-for-vscode/@xpack-dev-tools/arm-none-eabi-gcc/11.2.1-1.2.2/.content/bin/../lib/gcc/arm-none-eabi/11.2.1/../../../../arm-none-eabi/lib/thumb/v7e-m+fp/hard\libc_nano.a(lib_a-fprintf.o)
                0x000000000800a8f8                fiprintf
                0x000000000800a8f8                fprintf
 .text._localeconv_r
                0x000000000800a91c        0x8 c:/users/morroway/appdata/roaming/code/user/globalstorage/bmd.stm32-for-vscode/@xpack-dev-tools/arm-none-eabi-gcc/11.2.1-1.2.2/.content/bin/../lib/gcc/arm-none-eabi/11.2.1/../../../../arm-none-eabi/lib/thumb/v7e-m+fp/hard\libc_nano.a(lib_a-localeconv.o)
                0x000000000800a91c                _localeconv_r
 .text.malloc   0x000000000800a924       0x10 c:/users/morroway/appdata/roaming/code/user/globalstorage/bmd.stm32-for-vscode/@xpack-dev-tools/arm-none-eabi-gcc/11.2.1-1.2.2/.content/bin/../lib/gcc/arm-none-eabi/11.2.1/../../../../arm-none-eabi/lib/thumb/v7e-m+fp/hard\libc_nano.a(lib_a-malloc.o)
                0x000000000800a924                malloc
 .text.__ascii_mbtowc
                0x000000000800a934       0x24 c:/users/morroway/appdata/roaming/code/user/globalstorage/bmd.stm32-for-vscode/@xpack-dev-tools/arm-none-eabi-gcc/11.2.1-1.2.2/.content/bin/../lib/gcc/arm-none-eabi/11.2.1/../../../../arm-none-eabi/lib/thumb/v7e-m+fp/hard\libc_nano.a(lib_a-mbtowc_r.o)
                0x000000000800a934                __ascii_mbtowc
 .text.memcpy   0x000000000800a958       0x1c c:/users/morroway/appdata/roaming/code/user/globalstorage/bmd.stm32-for-vscode/@xpack-dev-tools/arm-none-eabi-gcc/11.2.1-1.2.2/.content/bin/../lib/gcc/arm-none-eabi/11.2.1/../../../../arm-none-eabi/lib/thumb/v7e-m+fp/hard\libc_nano.a(lib_a-memcpy-stub.o)
                0x000000000800a958                memcpy
 .text._Balloc  0x000000000800a974       0x80 c:/users/morroway/appdata/roaming/code/user/globalstorage/bmd.stm32-for-vscode/@xpack-dev-tools/arm-none-eabi-gcc/11.2.1-1.2.2/.content/bin/../lib/gcc/arm-none-eabi/11.2.1/../../../../arm-none-eabi/lib/thumb/v7e-m+fp/hard\libc_nano.a(lib_a-mprec.o)
                0x000000000800a974                _Balloc
 .text._Bfree   0x000000000800a9f4       0x44 c:/users/morroway/appdata/roaming/code/user/globalstorage/bmd.stm32-for-vscode/@xpack-dev-tools/arm-none-eabi-gcc/11.2.1-1.2.2/.content/bin/../lib/gcc/arm-none-eabi/11.2.1/../../../../arm-none-eabi/lib/thumb/v7e-m+fp/hard\libc_nano.a(lib_a-mprec.o)
                0x000000000800a9f4                _Bfree
 .text.__multadd
                0x000000000800aa38       0x8c c:/users/morroway/appdata/roaming/code/user/globalstorage/bmd.stm32-for-vscode/@xpack-dev-tools/arm-none-eabi-gcc/11.2.1-1.2.2/.content/bin/../lib/gcc/arm-none-eabi/11.2.1/../../../../arm-none-eabi/lib/thumb/v7e-m+fp/hard\libc_nano.a(lib_a-mprec.o)
                0x000000000800aa38                __multadd
 .text.__hi0bits
                0x000000000800aac4       0x40 c:/users/morroway/appdata/roaming/code/user/globalstorage/bmd.stm32-for-vscode/@xpack-dev-tools/arm-none-eabi-gcc/11.2.1-1.2.2/.content/bin/../lib/gcc/arm-none-eabi/11.2.1/../../../../arm-none-eabi/lib/thumb/v7e-m+fp/hard\libc_nano.a(lib_a-mprec.o)
                0x000000000800aac4                __hi0bits
 .text.__lo0bits
                0x000000000800ab04       0x5a c:/users/morroway/appdata/roaming/code/user/globalstorage/bmd.stm32-for-vscode/@xpack-dev-tools/arm-none-eabi-gcc/11.2.1-1.2.2/.content/bin/../lib/gcc/arm-none-eabi/11.2.1/../../../../arm-none-eabi/lib/thumb/v7e-m+fp/hard\libc_nano.a(lib_a-mprec.o)
                0x000000000800ab04                __lo0bits
 *fill*         0x000000000800ab5e        0x2 
 .text.__i2b    0x000000000800ab60       0x2c c:/users/morroway/appdata/roaming/code/user/globalstorage/bmd.stm32-for-vscode/@xpack-dev-tools/arm-none-eabi-gcc/11.2.1-1.2.2/.content/bin/../lib/gcc/arm-none-eabi/11.2.1/../../../../arm-none-eabi/lib/thumb/v7e-m+fp/hard\libc_nano.a(lib_a-mprec.o)
                0x000000000800ab60                __i2b
 .text.__multiply
                0x000000000800ab8c      0x154 c:/users/morroway/appdata/roaming/code/user/globalstorage/bmd.stm32-for-vscode/@xpack-dev-tools/arm-none-eabi-gcc/11.2.1-1.2.2/.content/bin/../lib/gcc/arm-none-eabi/11.2.1/../../../../arm-none-eabi/lib/thumb/v7e-m+fp/hard\libc_nano.a(lib_a-mprec.o)
                0x000000000800ab8c                __multiply
 .text.__pow5mult
                0x000000000800ace0       0xb4 c:/users/morroway/appdata/roaming/code/user/globalstorage/bmd.stm32-for-vscode/@xpack-dev-tools/arm-none-eabi-gcc/11.2.1-1.2.2/.content/bin/../lib/gcc/arm-none-eabi/11.2.1/../../../../arm-none-eabi/lib/thumb/v7e-m+fp/hard\libc_nano.a(lib_a-mprec.o)
                0x000000000800ace0                __pow5mult
 .text.__lshift
                0x000000000800ad94       0xd8 c:/users/morroway/appdata/roaming/code/user/globalstorage/bmd.stm32-for-vscode/@xpack-dev-tools/arm-none-eabi-gcc/11.2.1-1.2.2/.content/bin/../lib/gcc/arm-none-eabi/11.2.1/../../../../arm-none-eabi/lib/thumb/v7e-m+fp/hard\libc_nano.a(lib_a-mprec.o)
                0x000000000800ad94                __lshift
 .text.__mcmp   0x000000000800ae6c       0x38 c:/users/morroway/appdata/roaming/code/user/globalstorage/bmd.stm32-for-vscode/@xpack-dev-tools/arm-none-eabi-gcc/11.2.1-1.2.2/.content/bin/../lib/gcc/arm-none-eabi/11.2.1/../../../../arm-none-eabi/lib/thumb/v7e-m+fp/hard\libc_nano.a(lib_a-mprec.o)
                0x000000000800ae6c                __mcmp
 .text.__mdiff  0x000000000800aea4      0x114 c:/users/morroway/appdata/roaming/code/user/globalstorage/bmd.stm32-for-vscode/@xpack-dev-tools/arm-none-eabi-gcc/11.2.1-1.2.2/.content/bin/../lib/gcc/arm-none-eabi/11.2.1/../../../../arm-none-eabi/lib/thumb/v7e-m+fp/hard\libc_nano.a(lib_a-mprec.o)
                0x000000000800aea4                __mdiff
 .text.__d2b    0x000000000800afb8       0xb4 c:/users/morroway/appdata/roaming/code/user/globalstorage/bmd.stm32-for-vscode/@xpack-dev-tools/arm-none-eabi-gcc/11.2.1-1.2.2/.content/bin/../lib/gcc/arm-none-eabi/11.2.1/../../../../arm-none-eabi/lib/thumb/v7e-m+fp/hard\libc_nano.a(lib_a-mprec.o)
                0x000000000800afb8                __d2b
 .text._calloc_r
                0x000000000800b06c       0x2c c:/users/morroway/appdata/roaming/code/user/globalstorage/bmd.stm32-for-vscode/@xpack-dev-tools/arm-none-eabi-gcc/11.2.1-1.2.2/.content/bin/../lib/gcc/arm-none-eabi/11.2.1/../../../../arm-none-eabi/lib/thumb/v7e-m+fp/hard\libc_nano.a(lib_a-nano-callocr.o)
                0x000000000800b06c                _calloc_r
 .text._free_r  0x000000000800b098       0x98 c:/users/morroway/appdata/roaming/code/user/globalstorage/bmd.stm32-for-vscode/@xpack-dev-tools/arm-none-eabi-gcc/11.2.1-1.2.2/.content/bin/../lib/gcc/arm-none-eabi/11.2.1/../../../../arm-none-eabi/lib/thumb/v7e-m+fp/hard\libc_nano.a(lib_a-nano-freer.o)
                0x000000000800b098                _free_r
 .text.sbrk_aligned
                0x000000000800b130       0x40 c:/users/morroway/appdata/roaming/code/user/globalstorage/bmd.stm32-for-vscode/@xpack-dev-tools/arm-none-eabi-gcc/11.2.1-1.2.2/.content/bin/../lib/gcc/arm-none-eabi/11.2.1/../../../../arm-none-eabi/lib/thumb/v7e-m+fp/hard\libc_nano.a(lib_a-nano-mallocr.o)
 .text._malloc_r
                0x000000000800b170       0xe8 c:/users/morroway/appdata/roaming/code/user/globalstorage/bmd.stm32-for-vscode/@xpack-dev-tools/arm-none-eabi-gcc/11.2.1-1.2.2/.content/bin/../lib/gcc/arm-none-eabi/11.2.1/../../../../arm-none-eabi/lib/thumb/v7e-m+fp/hard\libc_nano.a(lib_a-nano-mallocr.o)
                0x000000000800b170                _malloc_r
 .text.__ssputs_r
                0x000000000800b258       0xb4 c:/users/morroway/appdata/roaming/code/user/globalstorage/bmd.stm32-for-vscode/@xpack-dev-tools/arm-none-eabi-gcc/11.2.1-1.2.2/.content/bin/../lib/gcc/arm-none-eabi/11.2.1/../../../../arm-none-eabi/lib/thumb/v7e-m+fp/hard\libc_nano.a(lib_a-nano-svfprintf.o)
                0x000000000800b258                __ssputs_r
 .text._svfprintf_r
                0x000000000800b30c      0x1fc c:/users/morroway/appdata/roaming/code/user/globalstorage/bmd.stm32-for-vscode/@xpack-dev-tools/arm-none-eabi-gcc/11.2.1-1.2.2/.content/bin/../lib/gcc/arm-none-eabi/11.2.1/../../../../arm-none-eabi/lib/thumb/v7e-m+fp/hard\libc_nano.a(lib_a-nano-svfprintf.o)
                0x000000000800b30c                _svfiprintf_r
                0x000000000800b30c                _svfprintf_r
 .text.__sfputc_r
                0x000000000800b508       0x2e c:/users/morroway/appdata/roaming/code/user/globalstorage/bmd.stm32-for-vscode/@xpack-dev-tools/arm-none-eabi-gcc/11.2.1-1.2.2/.content/bin/../lib/gcc/arm-none-eabi/11.2.1/../../../../arm-none-eabi/lib/thumb/v7e-m+fp/hard\libc_nano.a(lib_a-nano-vfprintf.o)
 .text.__sfputs_r
                0x000000000800b536       0x24 c:/users/morroway/appdata/roaming/code/user/globalstorage/bmd.stm32-for-vscode/@xpack-dev-tools/arm-none-eabi-gcc/11.2.1-1.2.2/.content/bin/../lib/gcc/arm-none-eabi/11.2.1/../../../../arm-none-eabi/lib/thumb/v7e-m+fp/hard\libc_nano.a(lib_a-nano-vfprintf.o)
                0x000000000800b536                __sfputs_r
 *fill*         0x000000000800b55a        0x2 
 .text._vfprintf_r
                0x000000000800b55c      0x228 c:/users/morroway/appdata/roaming/code/user/globalstorage/bmd.stm32-for-vscode/@xpack-dev-tools/arm-none-eabi-gcc/11.2.1-1.2.2/.content/bin/../lib/gcc/arm-none-eabi/11.2.1/../../../../arm-none-eabi/lib/thumb/v7e-m+fp/hard\libc_nano.a(lib_a-nano-vfprintf.o)
                0x000000000800b55c                _vfprintf_r
                0x000000000800b55c                _vfiprintf_r
 .text._sbrk_r  0x000000000800b784       0x20 c:/users/morroway/appdata/roaming/code/user/globalstorage/bmd.stm32-for-vscode/@xpack-dev-tools/arm-none-eabi-gcc/11.2.1-1.2.2/.content/bin/../lib/gcc/arm-none-eabi/11.2.1/../../../../arm-none-eabi/lib/thumb/v7e-m+fp/hard\libc_nano.a(lib_a-sbrkr.o)
                0x000000000800b784                _sbrk_r
 .text.__swbuf_r
                0x000000000800b7a4       0xa4 c:/users/morroway/appdata/roaming/code/user/globalstorage/bmd.stm32-for-vscode/@xpack-dev-tools/arm-none-eabi-gcc/11.2.1-1.2.2/.content/bin/../lib/gcc/arm-none-eabi/11.2.1/../../../../arm-none-eabi/lib/thumb/v7e-m+fp/hard\libc_nano.a(lib_a-wbuf.o)
                0x000000000800b7a4                __swbuf_r
 .text.__ascii_wctomb
                0x000000000800b848       0x1a c:/users/morroway/appdata/roaming/code/user/globalstorage/bmd.stm32-for-vscode/@xpack-dev-tools/arm-none-eabi-gcc/11.2.1-1.2.2/.content/bin/../lib/gcc/arm-none-eabi/11.2.1/../../../../arm-none-eabi/lib/thumb/v7e-m+fp/hard\libc_nano.a(lib_a-wctomb_r.o)
                0x000000000800b848                __ascii_wctomb
 *fill*         0x000000000800b862        0x2 
 .text.__swsetup_r
                0x000000000800b864       0xdc c:/users/morroway/appdata/roaming/code/user/globalstorage/bmd.stm32-for-vscode/@xpack-dev-tools/arm-none-eabi-gcc/11.2.1-1.2.2/.content/bin/../lib/gcc/arm-none-eabi/11.2.1/../../../../arm-none-eabi/lib/thumb/v7e-m+fp/hard\libc_nano.a(lib_a-wsetup.o)
                0x000000000800b864                __swsetup_r
 .text.abort    0x000000000800b940        0xe c:/users/morroway/appdata/roaming/code/user/globalstorage/bmd.stm32-for-vscode/@xpack-dev-tools/arm-none-eabi-gcc/11.2.1-1.2.2/.content/bin/../lib/gcc/arm-none-eabi/11.2.1/../../../../arm-none-eabi/lib/thumb/v7e-m+fp/hard\libc_nano.a(lib_a-abort.o)
                0x000000000800b940                abort
 *fill*         0x000000000800b94e        0x2 
 .text.__sflush_r
                0x000000000800b950      0x10c c:/users/morroway/appdata/roaming/code/user/globalstorage/bmd.stm32-for-vscode/@xpack-dev-tools/arm-none-eabi-gcc/11.2.1-1.2.2/.content/bin/../lib/gcc/arm-none-eabi/11.2.1/../../../../arm-none-eabi/lib/thumb/v7e-m+fp/hard\libc_nano.a(lib_a-fflush.o)
                0x000000000800b950                __sflush_r
 .text._fflush_r
                0x000000000800ba5c       0x54 c:/users/morroway/appdata/roaming/code/user/globalstorage/bmd.stm32-for-vscode/@xpack-dev-tools/arm-none-eabi-gcc/11.2.1-1.2.2/.content/bin/../lib/gcc/arm-none-eabi/11.2.1/../../../../arm-none-eabi/lib/thumb/v7e-m+fp/hard\libc_nano.a(lib_a-fflush.o)
                0x000000000800ba5c                _fflush_r
 .text.std      0x000000000800bab0       0x48 c:/users/morroway/appdata/roaming/code/user/globalstorage/bmd.stm32-for-vscode/@xpack-dev-tools/arm-none-eabi-gcc/11.2.1-1.2.2/.content/bin/../lib/gcc/arm-none-eabi/11.2.1/../../../../arm-none-eabi/lib/thumb/v7e-m+fp/hard\libc_nano.a(lib_a-findfp.o)
 .text._cleanup_r
                0x000000000800baf8        0xc c:/users/morroway/appdata/roaming/code/user/globalstorage/bmd.stm32-for-vscode/@xpack-dev-tools/arm-none-eabi-gcc/11.2.1-1.2.2/.content/bin/../lib/gcc/arm-none-eabi/11.2.1/../../../../arm-none-eabi/lib/thumb/v7e-m+fp/hard\libc_nano.a(lib_a-findfp.o)
                0x000000000800baf8                _cleanup_r
 .text.__sfmoreglue
                0x000000000800bb04       0x2c c:/users/morroway/appdata/roaming/code/user/globalstorage/bmd.stm32-for-vscode/@xpack-dev-tools/arm-none-eabi-gcc/11.2.1-1.2.2/.content/bin/../lib/gcc/arm-none-eabi/11.2.1/../../../../arm-none-eabi/lib/thumb/v7e-m+fp/hard\libc_nano.a(lib_a-findfp.o)
                0x000000000800bb04                __sfmoreglue
 .text.__sinit  0x000000000800bb30       0x60 c:/users/morroway/appdata/roaming/code/user/globalstorage/bmd.stm32-for-vscode/@xpack-dev-tools/arm-none-eabi-gcc/11.2.1-1.2.2/.content/bin/../lib/gcc/arm-none-eabi/11.2.1/../../../../arm-none-eabi/lib/thumb/v7e-m+fp/hard\libc_nano.a(lib_a-findfp.o)
                0x000000000800bb30                __sinit
 .text.__sfp    0x000000000800bb90       0x78 c:/users/morroway/appdata/roaming/code/user/globalstorage/bmd.stm32-for-vscode/@xpack-dev-tools/arm-none-eabi-gcc/11.2.1-1.2.2/.content/bin/../lib/gcc/arm-none-eabi/11.2.1/../../../../arm-none-eabi/lib/thumb/v7e-m+fp/hard\libc_nano.a(lib_a-findfp.o)
                0x000000000800bb90                __sfp
 .text._fwalk_reent
                0x000000000800bc08       0x3e c:/users/morroway/appdata/roaming/code/user/globalstorage/bmd.stm32-for-vscode/@xpack-dev-tools/arm-none-eabi-gcc/11.2.1-1.2.2/.content/bin/../lib/gcc/arm-none-eabi/11.2.1/../../../../arm-none-eabi/lib/thumb/v7e-m+fp/hard\libc_nano.a(lib_a-fwalk.o)
                0x000000000800bc08                _fwalk_reent
 .text.__swhatbuf_r
                0x000000000800bc46       0x4c c:/users/morroway/appdata/roaming/code/user/globalstorage/bmd.stm32-for-vscode/@xpack-dev-tools/arm-none-eabi-gcc/11.2.1-1.2.2/.content/bin/../lib/gcc/arm-none-eabi/11.2.1/../../../../arm-none-eabi/lib/thumb/v7e-m+fp/hard\libc_nano.a(lib_a-makebuf.o)
                0x000000000800bc46                __swhatbuf_r
 *fill*         0x000000000800bc92        0x2 
 .text.__smakebuf_r
                0x000000000800bc94       0x80 c:/users/morroway/appdata/roaming/code/user/globalstorage/bmd.stm32-for-vscode/@xpack-dev-tools/arm-none-eabi-gcc/11.2.1-1.2.2/.content/bin/../lib/gcc/arm-none-eabi/11.2.1/../../../../arm-none-eabi/lib/thumb/v7e-m+fp/hard\libc_nano.a(lib_a-makebuf.o)
                0x000000000800bc94                __smakebuf_r
 .text.memmove  0x000000000800bd14       0x34 c:/users/morroway/appdata/roaming/code/user/globalstorage/bmd.stm32-for-vscode/@xpack-dev-tools/arm-none-eabi-gcc/11.2.1-1.2.2/.content/bin/../lib/gcc/arm-none-eabi/11.2.1/../../../../arm-none-eabi/lib/thumb/v7e-m+fp/hard\libc_nano.a(lib_a-memmove.o)
                0x000000000800bd14                memmove
 .text.__malloc_lock
                0x000000000800bd48        0x2 c:/users/morroway/appdata/roaming/code/user/globalstorage/bmd.stm32-for-vscode/@xpack-dev-tools/arm-none-eabi-gcc/11.2.1-1.2.2/.content/bin/../lib/gcc/arm-none-eabi/11.2.1/../../../../arm-none-eabi/lib/thumb/v7e-m+fp/hard\libc_nano.a(lib_a-mlock.o)
                0x000000000800bd48                __malloc_lock
 .text.__malloc_unlock
                0x000000000800bd4a        0x2 c:/users/morroway/appdata/roaming/code/user/globalstorage/bmd.stm32-for-vscode/@xpack-dev-tools/arm-none-eabi-gcc/11.2.1-1.2.2/.content/bin/../lib/gcc/arm-none-eabi/11.2.1/../../../../arm-none-eabi/lib/thumb/v7e-m+fp/hard\libc_nano.a(lib_a-mlock.o)
                0x000000000800bd4a                __malloc_unlock
 .text._realloc_r
                0x000000000800bd4c       0x5e c:/users/morroway/appdata/roaming/code/user/globalstorage/bmd.stm32-for-vscode/@xpack-dev-tools/arm-none-eabi-gcc/11.2.1-1.2.2/.content/bin/../lib/gcc/arm-none-eabi/11.2.1/../../../../arm-none-eabi/lib/thumb/v7e-m+fp/hard\libc_nano.a(lib_a-nano-reallocr.o)
                0x000000000800bd4c                _realloc_r
 .text._raise_r
                0x000000000800bdaa       0x50 c:/users/morroway/appdata/roaming/code/user/globalstorage/bmd.stm32-for-vscode/@xpack-dev-tools/arm-none-eabi-gcc/11.2.1-1.2.2/.content/bin/../lib/gcc/arm-none-eabi/11.2.1/../../../../arm-none-eabi/lib/thumb/v7e-m+fp/hard\libc_nano.a(lib_a-signal.o)
                0x000000000800bdaa                _raise_r
 *fill*         0x000000000800bdfa        0x2 
 .text.raise    0x000000000800bdfc       0x10 c:/users/morroway/appdata/roaming/code/user/globalstorage/bmd.stm32-for-vscode/@xpack-dev-tools/arm-none-eabi-gcc/11.2.1-1.2.2/.content/bin/../lib/gcc/arm-none-eabi/11.2.1/../../../../arm-none-eabi/lib/thumb/v7e-m+fp/hard\libc_nano.a(lib_a-signal.o)
                0x000000000800bdfc                raise
 .text._kill_r  0x000000000800be0c       0x24 c:/users/morroway/appdata/roaming/code/user/globalstorage/bmd.stm32-for-vscode/@xpack-dev-tools/arm-none-eabi-gcc/11.2.1-1.2.2/.content/bin/../lib/gcc/arm-none-eabi/11.2.1/../../../../arm-none-eabi/lib/thumb/v7e-m+fp/hard\libc_nano.a(lib_a-signalr.o)
                0x000000000800be0c                _kill_r
 .text._getpid_r
                0x000000000800be30        0x4 c:/users/morroway/appdata/roaming/code/user/globalstorage/bmd.stm32-for-vscode/@xpack-dev-tools/arm-none-eabi-gcc/11.2.1-1.2.2/.content/bin/../lib/gcc/arm-none-eabi/11.2.1/../../../../arm-none-eabi/lib/thumb/v7e-m+fp/hard\libc_nano.a(lib_a-signalr.o)
                0x000000000800be30                _getpid_r
 .text.__sread  0x000000000800be34       0x22 c:/users/morroway/appdata/roaming/code/user/globalstorage/bmd.stm32-for-vscode/@xpack-dev-tools/arm-none-eabi-gcc/11.2.1-1.2.2/.content/bin/../lib/gcc/arm-none-eabi/11.2.1/../../../../arm-none-eabi/lib/thumb/v7e-m+fp/hard\libc_nano.a(lib_a-stdio.o)
                0x000000000800be34                __sread
 .text.__swrite
                0x000000000800be56       0x38 c:/users/morroway/appdata/roaming/code/user/globalstorage/bmd.stm32-for-vscode/@xpack-dev-tools/arm-none-eabi-gcc/11.2.1-1.2.2/.content/bin/../lib/gcc/arm-none-eabi/11.2.1/../../../../arm-none-eabi/lib/thumb/v7e-m+fp/hard\libc_nano.a(lib_a-stdio.o)
                0x000000000800be56                __swrite
 .text.__sseek  0x000000000800be8e       0x24 c:/users/morroway/appdata/roaming/code/user/globalstorage/bmd.stm32-for-vscode/@xpack-dev-tools/arm-none-eabi-gcc/11.2.1-1.2.2/.content/bin/../lib/gcc/arm-none-eabi/11.2.1/../../../../arm-none-eabi/lib/thumb/v7e-m+fp/hard\libc_nano.a(lib_a-stdio.o)
                0x000000000800be8e                __sseek
 .text.__sclose
                0x000000000800beb2        0x8 c:/users/morroway/appdata/roaming/code/user/globalstorage/bmd.stm32-for-vscode/@xpack-dev-tools/arm-none-eabi-gcc/11.2.1-1.2.2/.content/bin/../lib/gcc/arm-none-eabi/11.2.1/../../../../arm-none-eabi/lib/thumb/v7e-m+fp/hard\libc_nano.a(lib_a-stdio.o)
                0x000000000800beb2                __sclose
 *fill*         0x000000000800beba        0x2 
 .text._write_r
                0x000000000800bebc       0x24 c:/users/morroway/appdata/roaming/code/user/globalstorage/bmd.stm32-for-vscode/@xpack-dev-tools/arm-none-eabi-gcc/11.2.1-1.2.2/.content/bin/../lib/gcc/arm-none-eabi/11.2.1/../../../../arm-none-eabi/lib/thumb/v7e-m+fp/hard\libc_nano.a(lib_a-writer.o)
                0x000000000800bebc                _write_r
 .text._close_r
                0x000000000800bee0       0x20 c:/users/morroway/appdata/roaming/code/user/globalstorage/bmd.stm32-for-vscode/@xpack-dev-tools/arm-none-eabi-gcc/11.2.1-1.2.2/.content/bin/../lib/gcc/arm-none-eabi/11.2.1/../../../../arm-none-eabi/lib/thumb/v7e-m+fp/hard\libc_nano.a(lib_a-closer.o)
                0x000000000800bee0                _close_r
 .text._fstat_r
                0x000000000800bf00       0x24 c:/users/morroway/appdata/roaming/code/user/globalstorage/bmd.stm32-for-vscode/@xpack-dev-tools/arm-none-eabi-gcc/11.2.1-1.2.2/.content/bin/../lib/gcc/arm-none-eabi/11.2.1/../../../../arm-none-eabi/lib/thumb/v7e-m+fp/hard\libc_nano.a(lib_a-fstatr.o)
                0x000000000800bf00                _fstat_r
 .text._isatty_r
                0x000000000800bf24       0x20 c:/users/morroway/appdata/roaming/code/user/globalstorage/bmd.stm32-for-vscode/@xpack-dev-tools/arm-none-eabi-gcc/11.2.1-1.2.2/.content/bin/../lib/gcc/arm-none-eabi/11.2.1/../../../../arm-none-eabi/lib/thumb/v7e-m+fp/hard\libc_nano.a(lib_a-isattyr.o)
                0x000000000800bf24                _isatty_r
 .text._lseek_r
                0x000000000800bf44       0x24 c:/users/morroway/appdata/roaming/code/user/globalstorage/bmd.stm32-for-vscode/@xpack-dev-tools/arm-none-eabi-gcc/11.2.1-1.2.2/.content/bin/../lib/gcc/arm-none-eabi/11.2.1/../../../../arm-none-eabi/lib/thumb/v7e-m+fp/hard\libc_nano.a(lib_a-lseekr.o)
                0x000000000800bf44                _lseek_r
 .text._malloc_usable_size_r
                0x000000000800bf68       0x10 c:/users/morroway/appdata/roaming/code/user/globalstorage/bmd.stm32-for-vscode/@xpack-dev-tools/arm-none-eabi-gcc/11.2.1-1.2.2/.content/bin/../lib/gcc/arm-none-eabi/11.2.1/../../../../arm-none-eabi/lib/thumb/v7e-m+fp/hard\libc_nano.a(lib_a-nano-msizer.o)
                0x000000000800bf68                _malloc_usable_size_r
 .text._read_r  0x000000000800bf78       0x24 c:/users/morroway/appdata/roaming/code/user/globalstorage/bmd.stm32-for-vscode/@xpack-dev-tools/arm-none-eabi-gcc/11.2.1-1.2.2/.content/bin/../lib/gcc/arm-none-eabi/11.2.1/../../../../arm-none-eabi/lib/thumb/v7e-m+fp/hard\libc_nano.a(lib_a-readr.o)
                0x000000000800bf78                _read_r
 *fill*         0x000000000800bf9c        0x4 
 .text.log      0x000000000800bfa0       0x84 c:/users/morroway/appdata/roaming/code/user/globalstorage/bmd.stm32-for-vscode/@xpack-dev-tools/arm-none-eabi-gcc/11.2.1-1.2.2/.content/bin/../lib/gcc/arm-none-eabi/11.2.1/../../../../arm-none-eabi/lib/thumb/v7e-m+fp/hard\libm.a(lib_a-w_log.o)
                0x000000000800bfa0                log
 *fill*         0x000000000800c024        0x4 
 .text.pow      0x000000000800c028       0xf0 c:/users/morroway/appdata/roaming/code/user/globalstorage/bmd.stm32-for-vscode/@xpack-dev-tools/arm-none-eabi-gcc/11.2.1-1.2.2/.content/bin/../lib/gcc/arm-none-eabi/11.2.1/../../../../arm-none-eabi/lib/thumb/v7e-m+fp/hard\libm.a(lib_a-w_pow.o)
                0x000000000800c028                pow
 .text.__ieee754_log
                0x000000000800c118      0x438 c:/users/morroway/appdata/roaming/code/user/globalstorage/bmd.stm32-for-vscode/@xpack-dev-tools/arm-none-eabi-gcc/11.2.1-1.2.2/.content/bin/../lib/gcc/arm-none-eabi/11.2.1/../../../../arm-none-eabi/lib/thumb/v7e-m+fp/hard\libm.a(lib_a-e_log.o)
                0x000000000800c118                __ieee754_log
 .text.__ieee754_pow
                0x000000000800c550      0xb6c c:/users/morroway/appdata/roaming/code/user/globalstorage/bmd.stm32-for-vscode/@xpack-dev-tools/arm-none-eabi-gcc/11.2.1-1.2.2/.content/bin/../lib/gcc/arm-none-eabi/11.2.1/../../../../arm-none-eabi/lib/thumb/v7e-m+fp/hard\libm.a(lib_a-e_pow.o)
                0x000000000800c550                __ieee754_pow
 .text.__ieee754_sqrt
                0x000000000800d0bc      0x194 c:/users/morroway/appdata/roaming/code/user/globalstorage/bmd.stm32-for-vscode/@xpack-dev-tools/arm-none-eabi-gcc/11.2.1-1.2.2/.content/bin/../lib/gcc/arm-none-eabi/11.2.1/../../../../arm-none-eabi/lib/thumb/v7e-m+fp/hard\libm.a(lib_a-e_sqrt.o)
                0x000000000800d0bc                __ieee754_sqrt
 .text.with_errno
                0x000000000800d250       0x18 c:/users/morroway/appdata/roaming/code/user/globalstorage/bmd.stm32-for-vscode/@xpack-dev-tools/arm-none-eabi-gcc/11.2.1-1.2.2/.content/bin/../lib/gcc/arm-none-eabi/11.2.1/../../../../arm-none-eabi/lib/thumb/v7e-m+fp/hard\libm.a(lib_a-math_err.o)
 .text.xflow    0x000000000800d268       0x2c c:/users/morroway/appdata/roaming/code/user/globalstorage/bmd.stm32-for-vscode/@xpack-dev-tools/arm-none-eabi-gcc/11.2.1-1.2.2/.content/bin/../lib/gcc/arm-none-eabi/11.2.1/../../../../arm-none-eabi/lib/thumb/v7e-m+fp/hard\libm.a(lib_a-math_err.o)
 .text.__math_uflow
                0x000000000800d294       0x14 c:/users/morroway/appdata/roaming/code/user/globalstorage/bmd.stm32-for-vscode/@xpack-dev-tools/arm-none-eabi-gcc/11.2.1-1.2.2/.content/bin/../lib/gcc/arm-none-eabi/11.2.1/../../../../arm-none-eabi/lib/thumb/v7e-m+fp/hard\libm.a(lib_a-math_err.o)
                0x000000000800d294                __math_uflow
 .text.__math_oflow
                0x000000000800d2a8       0x14 c:/users/morroway/appdata/roaming/code/user/globalstorage/bmd.stm32-for-vscode/@xpack-dev-tools/arm-none-eabi-gcc/11.2.1-1.2.2/.content/bin/../lib/gcc/arm-none-eabi/11.2.1/../../../../arm-none-eabi/lib/thumb/v7e-m+fp/hard\libm.a(lib_a-math_err.o)
                0x000000000800d2a8                __math_oflow
 .text.fabs     0x000000000800d2bc       0x14 c:/users/morroway/appdata/roaming/code/user/globalstorage/bmd.stm32-for-vscode/@xpack-dev-tools/arm-none-eabi-gcc/11.2.1-1.2.2/.content/bin/../lib/gcc/arm-none-eabi/11.2.1/../../../../arm-none-eabi/lib/thumb/v7e-m+fp/hard\libm.a(lib_a-s_fabs.o)
                0x000000000800d2bc                fabs
 .text.finite   0x000000000800d2d0       0x18 c:/users/morroway/appdata/roaming/code/user/globalstorage/bmd.stm32-for-vscode/@xpack-dev-tools/arm-none-eabi-gcc/11.2.1-1.2.2/.content/bin/../lib/gcc/arm-none-eabi/11.2.1/../../../../arm-none-eabi/lib/thumb/v7e-m+fp/hard\libm.a(lib_a-s_finite.o)
                0x000000000800d2d0                finite
 .text.nan      0x000000000800d2e8       0x10 c:/users/morroway/appdata/roaming/code/user/globalstorage/bmd.stm32-for-vscode/@xpack-dev-tools/arm-none-eabi-gcc/11.2.1-1.2.2/.content/bin/../lib/gcc/arm-none-eabi/11.2.1/../../../../arm-none-eabi/lib/thumb/v7e-m+fp/hard\libm.a(lib_a-s_nan.o)
                0x000000000800d2e8                nan
 .text.scalbn   0x000000000800d2f8      0x104 c:/users/morroway/appdata/roaming/code/user/globalstorage/bmd.stm32-for-vscode/@xpack-dev-tools/arm-none-eabi-gcc/11.2.1-1.2.2/.content/bin/../lib/gcc/arm-none-eabi/11.2.1/../../../../arm-none-eabi/lib/thumb/v7e-m+fp/hard\libm.a(lib_a-s_scalbn.o)
                0x000000000800d2f8                scalbn
 .text._close   0x000000000800d3fc       0x10 c:/users/morroway/appdata/roaming/code/user/globalstorage/bmd.stm32-for-vscode/@xpack-dev-tools/arm-none-eabi-gcc/11.2.1-1.2.2/.content/bin/../lib/gcc/arm-none-eabi/11.2.1/../../../../arm-none-eabi/lib/thumb/v7e-m+fp/hard\libnosys.a(close.o)
                0x000000000800d3fc                _close
 .text._fstat   0x000000000800d40c       0x10 c:/users/morroway/appdata/roaming/code/user/globalstorage/bmd.stm32-for-vscode/@xpack-dev-tools/arm-none-eabi-gcc/11.2.1-1.2.2/.content/bin/../lib/gcc/arm-none-eabi/11.2.1/../../../../arm-none-eabi/lib/thumb/v7e-m+fp/hard\libnosys.a(fstat.o)
                0x000000000800d40c                _fstat
 .text._getpid  0x000000000800d41c       0x10 c:/users/morroway/appdata/roaming/code/user/globalstorage/bmd.stm32-for-vscode/@xpack-dev-tools/arm-none-eabi-gcc/11.2.1-1.2.2/.content/bin/../lib/gcc/arm-none-eabi/11.2.1/../../../../arm-none-eabi/lib/thumb/v7e-m+fp/hard\libnosys.a(getpid.o)
                0x000000000800d41c                _getpid
 .text._isatty  0x000000000800d42c       0x10 c:/users/morroway/appdata/roaming/code/user/globalstorage/bmd.stm32-for-vscode/@xpack-dev-tools/arm-none-eabi-gcc/11.2.1-1.2.2/.content/bin/../lib/gcc/arm-none-eabi/11.2.1/../../../../arm-none-eabi/lib/thumb/v7e-m+fp/hard\libnosys.a(isatty.o)
                0x000000000800d42c                _isatty
 .text._kill    0x000000000800d43c       0x10 c:/users/morroway/appdata/roaming/code/user/globalstorage/bmd.stm32-for-vscode/@xpack-dev-tools/arm-none-eabi-gcc/11.2.1-1.2.2/.content/bin/../lib/gcc/arm-none-eabi/11.2.1/../../../../arm-none-eabi/lib/thumb/v7e-m+fp/hard\libnosys.a(kill.o)
                0x000000000800d43c                _kill
 .text._lseek   0x000000000800d44c       0x10 c:/users/morroway/appdata/roaming/code/user/globalstorage/bmd.stm32-for-vscode/@xpack-dev-tools/arm-none-eabi-gcc/11.2.1-1.2.2/.content/bin/../lib/gcc/arm-none-eabi/11.2.1/../../../../arm-none-eabi/lib/thumb/v7e-m+fp/hard\libnosys.a(lseek.o)
                0x000000000800d44c                _lseek
 .text._read    0x000000000800d45c       0x10 c:/users/morroway/appdata/roaming/code/user/globalstorage/bmd.stm32-for-vscode/@xpack-dev-tools/arm-none-eabi-gcc/11.2.1-1.2.2/.content/bin/../lib/gcc/arm-none-eabi/11.2.1/../../../../arm-none-eabi/lib/thumb/v7e-m+fp/hard\libnosys.a(read.o)
                0x000000000800d45c                _read
 .text._sbrk    0x000000000800d46c       0x1c c:/users/morroway/appdata/roaming/code/user/globalstorage/bmd.stm32-for-vscode/@xpack-dev-tools/arm-none-eabi-gcc/11.2.1-1.2.2/.content/bin/../lib/gcc/arm-none-eabi/11.2.1/../../../../arm-none-eabi/lib/thumb/v7e-m+fp/hard\libnosys.a(sbrk.o)
                0x000000000800d46c                _sbrk
 .text._write   0x000000000800d488       0x10 c:/users/morroway/appdata/roaming/code/user/globalstorage/bmd.stm32-for-vscode/@xpack-dev-tools/arm-none-eabi-gcc/11.2.1-1.2.2/.content/bin/../lib/gcc/arm-none-eabi/11.2.1/../../../../arm-none-eabi/lib/thumb/v7e-m+fp/hard\libnosys.a(write.o)
                0x000000000800d488                _write
 .text._exit    0x000000000800d498        0x4 c:/users/morroway/appdata/roaming/code/user/globalstorage/bmd.stm32-for-vscode/@xpack-dev-tools/arm-none-eabi-gcc/11.2.1-1.2.2/.content/bin/../lib/gcc/arm-none-eabi/11.2.1/../../../../arm-none-eabi/lib/thumb/v7e-m+fp/hard\libnosys.a(_exit.o)
                0x000000000800d498                _exit
 .text.__udivmoddi4
                0x000000000800d49c      0x2c8 c:/users/morroway/appdata/roaming/code/user/globalstorage/bmd.stm32-for-vscode/@xpack-dev-tools/arm-none-eabi-gcc/11.2.1-1.2.2/.content/bin/../lib/gcc/arm-none-eabi/11.2.1/thumb/v7e-m+fp/hard\libgcc.a(_udivmoddi4.o)
                0x000000000800d49c                __udivmoddi4
 .text.selfrel_offset31
                0x000000000800d764       0x14 c:/users/morroway/appdata/roaming/code/user/globalstorage/bmd.stm32-for-vscode/@xpack-dev-tools/arm-none-eabi-gcc/11.2.1-1.2.2/.content/bin/../lib/gcc/arm-none-eabi/11.2.1/thumb/v7e-m+fp/hard\libgcc.a(unwind-arm.o)
 .text.search_EIT_table
                0x000000000800d778       0x5c c:/users/morroway/appdata/roaming/code/user/globalstorage/bmd.stm32-for-vscode/@xpack-dev-tools/arm-none-eabi-gcc/11.2.1-1.2.2/.content/bin/../lib/gcc/arm-none-eabi/11.2.1/thumb/v7e-m+fp/hard\libgcc.a(unwind-arm.o)
 .text.__gnu_unwind_get_pr_addr
                0x000000000800d7d4       0x28 c:/users/morroway/appdata/roaming/code/user/globalstorage/bmd.stm32-for-vscode/@xpack-dev-tools/arm-none-eabi-gcc/11.2.1-1.2.2/.content/bin/../lib/gcc/arm-none-eabi/11.2.1/thumb/v7e-m+fp/hard\libgcc.a(unwind-arm.o)
 .text.get_eit_entry
                0x000000000800d7fc       0x98 c:/users/morroway/appdata/roaming/code/user/globalstorage/bmd.stm32-for-vscode/@xpack-dev-tools/arm-none-eabi-gcc/11.2.1-1.2.2/.content/bin/../lib/gcc/arm-none-eabi/11.2.1/thumb/v7e-m+fp/hard\libgcc.a(unwind-arm.o)
 .text.restore_non_core_regs
                0x000000000800d894       0x58 c:/users/morroway/appdata/roaming/code/user/globalstorage/bmd.stm32-for-vscode/@xpack-dev-tools/arm-none-eabi-gcc/11.2.1-1.2.2/.content/bin/../lib/gcc/arm-none-eabi/11.2.1/thumb/v7e-m+fp/hard\libgcc.a(unwind-arm.o)
 .text._Unwind_decode_typeinfo_ptr.constprop.0
                0x000000000800d8ec        0xc c:/users/morroway/appdata/roaming/code/user/globalstorage/bmd.stm32-for-vscode/@xpack-dev-tools/arm-none-eabi-gcc/11.2.1-1.2.2/.content/bin/../lib/gcc/arm-none-eabi/11.2.1/thumb/v7e-m+fp/hard\libgcc.a(unwind-arm.o)
 .text._Unwind_DebugHook
                0x000000000800d8f8        0x4 c:/users/morroway/appdata/roaming/code/user/globalstorage/bmd.stm32-for-vscode/@xpack-dev-tools/arm-none-eabi-gcc/11.2.1-1.2.2/.content/bin/../lib/gcc/arm-none-eabi/11.2.1/thumb/v7e-m+fp/hard\libgcc.a(unwind-arm.o)
 .text.unwind_phase2
                0x000000000800d8fc       0x3c c:/users/morroway/appdata/roaming/code/user/globalstorage/bmd.stm32-for-vscode/@xpack-dev-tools/arm-none-eabi-gcc/11.2.1-1.2.2/.content/bin/../lib/gcc/arm-none-eabi/11.2.1/thumb/v7e-m+fp/hard\libgcc.a(unwind-arm.o)
 .text.unwind_phase2_forced
                0x000000000800d938       0xcc c:/users/morroway/appdata/roaming/code/user/globalstorage/bmd.stm32-for-vscode/@xpack-dev-tools/arm-none-eabi-gcc/11.2.1-1.2.2/.content/bin/../lib/gcc/arm-none-eabi/11.2.1/thumb/v7e-m+fp/hard\libgcc.a(unwind-arm.o)
 .text.__gnu_Unwind_RaiseException
                0x000000000800da04       0x68 c:/users/morroway/appdata/roaming/code/user/globalstorage/bmd.stm32-for-vscode/@xpack-dev-tools/arm-none-eabi-gcc/11.2.1-1.2.2/.content/bin/../lib/gcc/arm-none-eabi/11.2.1/thumb/v7e-m+fp/hard\libgcc.a(unwind-arm.o)
                0x000000000800da04                __gnu_Unwind_RaiseException
 .text.__gnu_Unwind_ForcedUnwind
                0x000000000800da6c       0x10 c:/users/morroway/appdata/roaming/code/user/globalstorage/bmd.stm32-for-vscode/@xpack-dev-tools/arm-none-eabi-gcc/11.2.1-1.2.2/.content/bin/../lib/gcc/arm-none-eabi/11.2.1/thumb/v7e-m+fp/hard\libgcc.a(unwind-arm.o)
                0x000000000800da6c                __gnu_Unwind_ForcedUnwind
 .text.__gnu_Unwind_Resume
                0x000000000800da7c       0x44 c:/users/morroway/appdata/roaming/code/user/globalstorage/bmd.stm32-for-vscode/@xpack-dev-tools/arm-none-eabi-gcc/11.2.1-1.2.2/.content/bin/../lib/gcc/arm-none-eabi/11.2.1/thumb/v7e-m+fp/hard\libgcc.a(unwind-arm.o)
                0x000000000800da7c                __gnu_Unwind_Resume
 .text.__gnu_Unwind_Resume_or_Rethrow
                0x000000000800dac0       0x14 c:/users/morroway/appdata/roaming/code/user/globalstorage/bmd.stm32-for-vscode/@xpack-dev-tools/arm-none-eabi-gcc/11.2.1-1.2.2/.content/bin/../lib/gcc/arm-none-eabi/11.2.1/thumb/v7e-m+fp/hard\libgcc.a(unwind-arm.o)
                0x000000000800dac0                __gnu_Unwind_Resume_or_Rethrow
 .text._Unwind_VRS_Get
                0x000000000800dad4       0x30 c:/users/morroway/appdata/roaming/code/user/globalstorage/bmd.stm32-for-vscode/@xpack-dev-tools/arm-none-eabi-gcc/11.2.1-1.2.2/.content/bin/../lib/gcc/arm-none-eabi/11.2.1/thumb/v7e-m+fp/hard\libgcc.a(unwind-arm.o)
                0x000000000800dad4                _Unwind_VRS_Get
 .text._Unwind_GetGR
                0x000000000800db04       0x1c c:/users/morroway/appdata/roaming/code/user/globalstorage/bmd.stm32-for-vscode/@xpack-dev-tools/arm-none-eabi-gcc/11.2.1-1.2.2/.content/bin/../lib/gcc/arm-none-eabi/11.2.1/thumb/v7e-m+fp/hard\libgcc.a(unwind-arm.o)
 .text._Unwind_VRS_Set
                0x000000000800db20       0x30 c:/users/morroway/appdata/roaming/code/user/globalstorage/bmd.stm32-for-vscode/@xpack-dev-tools/arm-none-eabi-gcc/11.2.1-1.2.2/.content/bin/../lib/gcc/arm-none-eabi/11.2.1/thumb/v7e-m+fp/hard\libgcc.a(unwind-arm.o)
                0x000000000800db20                _Unwind_VRS_Set
 .text._Unwind_SetGR
                0x000000000800db50       0x18 c:/users/morroway/appdata/roaming/code/user/globalstorage/bmd.stm32-for-vscode/@xpack-dev-tools/arm-none-eabi-gcc/11.2.1-1.2.2/.content/bin/../lib/gcc/arm-none-eabi/11.2.1/thumb/v7e-m+fp/hard\libgcc.a(unwind-arm.o)
 .text.__gnu_Unwind_Backtrace
                0x000000000800db68       0x84 c:/users/morroway/appdata/roaming/code/user/globalstorage/bmd.stm32-for-vscode/@xpack-dev-tools/arm-none-eabi-gcc/11.2.1-1.2.2/.content/bin/../lib/gcc/arm-none-eabi/11.2.1/thumb/v7e-m+fp/hard\libgcc.a(unwind-arm.o)
                0x000000000800db68                __gnu_Unwind_Backtrace
 .text.__gnu_unwind_pr_common
                0x000000000800dbec      0x2a8 c:/users/morroway/appdata/roaming/code/user/globalstorage/bmd.stm32-for-vscode/@xpack-dev-tools/arm-none-eabi-gcc/11.2.1-1.2.2/.content/bin/../lib/gcc/arm-none-eabi/11.2.1/thumb/v7e-m+fp/hard\libgcc.a(unwind-arm.o)
 .text.__aeabi_unwind_cpp_pr0
                0x000000000800de94        0x8 c:/users/morroway/appdata/roaming/code/user/globalstorage/bmd.stm32-for-vscode/@xpack-dev-tools/arm-none-eabi-gcc/11.2.1-1.2.2/.content/bin/../lib/gcc/arm-none-eabi/11.2.1/thumb/v7e-m+fp/hard\libgcc.a(unwind-arm.o)
                0x000000000800de94                __aeabi_unwind_cpp_pr0
 .text.__aeabi_unwind_cpp_pr1
                0x000000000800de9c        0x8 c:/users/morroway/appdata/roaming/code/user/globalstorage/bmd.stm32-for-vscode/@xpack-dev-tools/arm-none-eabi-gcc/11.2.1-1.2.2/.content/bin/../lib/gcc/arm-none-eabi/11.2.1/thumb/v7e-m+fp/hard\libgcc.a(unwind-arm.o)
                0x000000000800de9c                __aeabi_unwind_cpp_pr1
 .text.__aeabi_unwind_cpp_pr2
                0x000000000800dea4        0x8 c:/users/morroway/appdata/roaming/code/user/globalstorage/bmd.stm32-for-vscode/@xpack-dev-tools/arm-none-eabi-gcc/11.2.1-1.2.2/.content/bin/../lib/gcc/arm-none-eabi/11.2.1/thumb/v7e-m+fp/hard\libgcc.a(unwind-arm.o)
                0x000000000800dea4                __aeabi_unwind_cpp_pr2
 .text._Unwind_VRS_Pop
                0x000000000800deac      0x2b0 c:/users/morroway/appdata/roaming/code/user/globalstorage/bmd.stm32-for-vscode/@xpack-dev-tools/arm-none-eabi-gcc/11.2.1-1.2.2/.content/bin/../lib/gcc/arm-none-eabi/11.2.1/thumb/v7e-m+fp/hard\libgcc.a(unwind-arm.o)
                0x000000000800deac                _Unwind_VRS_Pop
 .text.next_unwind_byte
                0x000000000800e15c       0x38 c:/users/morroway/appdata/roaming/code/user/globalstorage/bmd.stm32-for-vscode/@xpack-dev-tools/arm-none-eabi-gcc/11.2.1-1.2.2/.content/bin/../lib/gcc/arm-none-eabi/11.2.1/thumb/v7e-m+fp/hard\libgcc.a(pr-support.o)
 .text.__gnu_unwind_execute
                0x000000000800e194      0x28c c:/users/morroway/appdata/roaming/code/user/globalstorage/bmd.stm32-for-vscode/@xpack-dev-tools/arm-none-eabi-gcc/11.2.1-1.2.2/.content/bin/../lib/gcc/arm-none-eabi/11.2.1/thumb/v7e-m+fp/hard\libgcc.a(pr-support.o)
                0x000000000800e194                __gnu_unwind_execute
 *(.glue_7)
 .glue_7        0x000000000800e420        0x0 linker stubs
 *(.glue_7t)
 .glue_7t       0x000000000800e420        0x0 linker stubs
 *(.eh_frame)
 .eh_frame      0x000000000800e420        0x0 c:/users/morroway/appdata/roaming/code/user/globalstorage/bmd.stm32-for-vscode/@xpack-dev-tools/arm-none-eabi-gcc/11.2.1-1.2.2/.content/bin/../lib/gcc/arm-none-eabi/11.2.1/thumb/v7e-m+fp/hard/crtbegin.o
 *(.init)
 .init          0x000000000800e420        0x4 c:/users/morroway/appdata/roaming/code/user/globalstorage/bmd.stm32-for-vscode/@xpack-dev-tools/arm-none-eabi-gcc/11.2.1-1.2.2/.content/bin/../lib/gcc/arm-none-eabi/11.2.1/thumb/v7e-m+fp/hard/crti.o
                0x000000000800e420                _init
 .init          0x000000000800e424        0x8 c:/users/morroway/appdata/roaming/code/user/globalstorage/bmd.stm32-for-vscode/@xpack-dev-tools/arm-none-eabi-gcc/11.2.1-1.2.2/.content/bin/../lib/gcc/arm-none-eabi/11.2.1/thumb/v7e-m+fp/hard/crtn.o
 *(.fini)
 .fini          0x000000000800e42c        0x4 c:/users/morroway/appdata/roaming/code/user/globalstorage/bmd.stm32-for-vscode/@xpack-dev-tools/arm-none-eabi-gcc/11.2.1-1.2.2/.content/bin/../lib/gcc/arm-none-eabi/11.2.1/thumb/v7e-m+fp/hard/crti.o
                0x000000000800e42c                _fini
 .fini          0x000000000800e430        0x8 c:/users/morroway/appdata/roaming/code/user/globalstorage/bmd.stm32-for-vscode/@xpack-dev-tools/arm-none-eabi-gcc/11.2.1-1.2.2/.content/bin/../lib/gcc/arm-none-eabi/11.2.1/thumb/v7e-m+fp/hard/crtn.o
                0x000000000800e438                . = ALIGN (0x8)
                0x000000000800e438                _etext = .

.vfp11_veneer   0x000000000800e438        0x0
 .vfp11_veneer  0x000000000800e438        0x0 linker stubs

.v4_bx          0x000000000800e438        0x0
 .v4_bx         0x000000000800e438        0x0 linker stubs

.iplt           0x000000000800e438        0x0
 .iplt          0x000000000800e438        0x0 c:/users/morroway/appdata/roaming/code/user/globalstorage/bmd.stm32-for-vscode/@xpack-dev-tools/arm-none-eabi-gcc/11.2.1-1.2.2/.content/bin/../lib/gcc/arm-none-eabi/11.2.1/thumb/v7e-m+fp/hard/crtbegin.o

.rodata         0x000000000800e438      0x500
                0x000000000800e438                . = ALIGN (0x8)
 *(.rodata)
 .rodata        0x000000000800e438        0x2 build/Parser.o
 *fill*         0x000000000800e43a        0x2 
 .rodata        0x000000000800e43c       0x16 build/main.o
 *(.rodata*)
 *fill*         0x000000000800e452        0x2 
 .rodata.AHBPrescTable
                0x000000000800e454       0x10 build/system_stm32l4xx.o
                0x000000000800e454                AHBPrescTable
 .rodata.APBPrescTable
                0x000000000800e464        0x8 build/system_stm32l4xx.o
                0x000000000800e464                APBPrescTable
 .rodata.MSIRangeTable
                0x000000000800e46c       0x30 build/system_stm32l4xx.o
                0x000000000800e46c                MSIRangeTable
 .rodata.UARTPrescTable
                0x000000000800e49c       0x18 build/stm32l4xx_hal_uart.o
                0x000000000800e49c                UARTPrescTable
 .rodata.numerator.1
                0x000000000800e4b4        0x8 build/stm32l4xx_hal_uart_ex.o
 .rodata.denominator.0
                0x000000000800e4bc        0x8 build/stm32l4xx_hal_uart_ex.o
 .rodata._global_impure_ptr
                0x000000000800e4c4        0x4 c:/users/morroway/appdata/roaming/code/user/globalstorage/bmd.stm32-for-vscode/@xpack-dev-tools/arm-none-eabi-gcc/11.2.1-1.2.2/.content/bin/../lib/gcc/arm-none-eabi/11.2.1/../../../../arm-none-eabi/lib/thumb/v7e-m+fp/hard\libc_nano.a(lib_a-impure.o)
                0x000000000800e4c4                _global_impure_ptr
 .rodata._printf_float.str1.1
                0x000000000800e4c8       0x12 c:/users/morroway/appdata/roaming/code/user/globalstorage/bmd.stm32-for-vscode/@xpack-dev-tools/arm-none-eabi-gcc/11.2.1-1.2.2/.content/bin/../lib/gcc/arm-none-eabi/11.2.1/../../../../arm-none-eabi/lib/thumb/v7e-m+fp/hard\libc_nano.a(lib_a-nano-vfprintf_float.o)
 .rodata._printf_i.str1.1