../Drivers/STM32L5xx_HAL_Driver/Src/stm32l5xx_hal_mmc.c:345:19:HAL_MMC_Init	16	static
../Drivers/STM32L5xx_HAL_Driver/Src/stm32l5xx_hal_mmc.c:425:19:HAL_MMC_InitCard	64	static
../Drivers/STM32L5xx_HAL_Driver/Src/stm32l5xx_hal_mmc.c:499:19:HAL_MMC_DeInit	16	static
../Drivers/STM32L5xx_HAL_Driver/Src/stm32l5xx_hal_mmc.c:540:13:HAL_MMC_MspInit	16	static
../Drivers/STM32L5xx_HAL_Driver/Src/stm32l5xx_hal_mmc.c:555:13:HAL_MMC_MspDeInit	16	static
../Drivers/STM32L5xx_HAL_Driver/Src/stm32l5xx_hal_mmc.c:596:19:HAL_MMC_ReadBlocks	80	static
../Drivers/STM32L5xx_HAL_Driver/Src/stm32l5xx_hal_mmc.c:792:19:HAL_MMC_WriteBlocks	80	static
../Drivers/STM32L5xx_HAL_Driver/Src/stm32l5xx_hal_mmc.c:988:19:HAL_MMC_ReadBlocks_IT	56	static
../Drivers/STM32L5xx_HAL_Driver/Src/stm32l5xx_hal_mmc.c:1101:19:HAL_MMC_WriteBlocks_IT	56	static
../Drivers/STM32L5xx_HAL_Driver/Src/stm32l5xx_hal_mmc.c:1215:19:HAL_MMC_ReadBlocks_DMA	56	static
../Drivers/STM32L5xx_HAL_Driver/Src/stm32l5xx_hal_mmc.c:1330:19:HAL_MMC_WriteBlocks_DMA	56	static
../Drivers/STM32L5xx_HAL_Driver/Src/stm32l5xx_hal_mmc.c:1442:19:HAL_MMC_Erase	40	static
../Drivers/STM32L5xx_HAL_Driver/Src/stm32l5xx_hal_mmc.c:1551:6:HAL_MMC_IRQHandler	24	static
../Drivers/STM32L5xx_HAL_Driver/Src/stm32l5xx_hal_mmc.c:1788:22:HAL_MMC_GetState	16	static
../Drivers/STM32L5xx_HAL_Driver/Src/stm32l5xx_hal_mmc.c:1799:10:HAL_MMC_GetError	16	static
../Drivers/STM32L5xx_HAL_Driver/Src/stm32l5xx_hal_mmc.c:1809:13:HAL_MMC_TxCpltCallback	16	static
../Drivers/STM32L5xx_HAL_Driver/Src/stm32l5xx_hal_mmc.c:1824:13:HAL_MMC_RxCpltCallback	16	static
../Drivers/STM32L5xx_HAL_Driver/Src/stm32l5xx_hal_mmc.c:1839:13:HAL_MMC_ErrorCallback	16	static
../Drivers/STM32L5xx_HAL_Driver/Src/stm32l5xx_hal_mmc.c:1854:13:HAL_MMC_AbortCallback	16	static
../Drivers/STM32L5xx_HAL_Driver/Src/stm32l5xx_hal_mmc.c:2098:19:HAL_MMC_GetCardCID	16	static
../Drivers/STM32L5xx_HAL_Driver/Src/stm32l5xx_hal_mmc.c:2131:19:HAL_MMC_GetCardCSD	24	static
../Drivers/STM32L5xx_HAL_Driver/Src/stm32l5xx_hal_mmc.c:2249:19:HAL_MMC_GetCardInfo	16	static
../Drivers/STM32L5xx_HAL_Driver/Src/stm32l5xx_hal_mmc.c:2271:19:HAL_MMC_GetCardExtCSD	64	static
../Drivers/STM32L5xx_HAL_Driver/Src/stm32l5xx_hal_mmc.c:2393:19:HAL_MMC_ConfigWideBusOperation	64	static
../Drivers/STM32L5xx_HAL_Driver/Src/stm32l5xx_hal_mmc.c:2514:19:HAL_MMC_ConfigSpeedBusOperation	32	static
../Drivers/STM32L5xx_HAL_Driver/Src/stm32l5xx_hal_mmc.c:2670:26:HAL_MMC_GetCardState	32	static
../Drivers/STM32L5xx_HAL_Driver/Src/stm32l5xx_hal_mmc.c:2693:19:HAL_MMC_Abort	24	static
../Drivers/STM32L5xx_HAL_Driver/Src/stm32l5xx_hal_mmc.c:2730:19:HAL_MMC_Abort_IT	24	static
../Drivers/STM32L5xx_HAL_Driver/Src/stm32l5xx_hal_mmc.c:2786:19:HAL_MMC_EraseSequence	40	static
../Drivers/STM32L5xx_HAL_Driver/Src/stm32l5xx_hal_mmc.c:2917:19:HAL_MMC_Sanitize	32	static
../Drivers/STM32L5xx_HAL_Driver/Src/stm32l5xx_hal_mmc.c:3028:19:HAL_MMC_ConfigSecRemovalType	48	static,ignoring_inline_asm
../Drivers/STM32L5xx_HAL_Driver/Src/stm32l5xx_hal_mmc.c:3134:19:HAL_MMC_GetSupportedSecRemovalType	16	static
../Drivers/STM32L5xx_HAL_Driver/Src/stm32l5xx_hal_mmc.c:3161:19:HAL_MMC_SleepDevice	40	static
../Drivers/STM32L5xx_HAL_Driver/Src/stm32l5xx_hal_mmc.c:3359:19:HAL_MMC_AwakeDevice	40	static
../Drivers/STM32L5xx_HAL_Driver/Src/stm32l5xx_hal_mmc.c:3512:17:MMC_InitCard	104	static
../Drivers/STM32L5xx_HAL_Driver/Src/stm32l5xx_hal_mmc.c:3620:17:MMC_PowerON	32	static
../Drivers/STM32L5xx_HAL_Driver/Src/stm32l5xx_hal_mmc.c:3673:13:MMC_PowerOFF	16	static
../Drivers/STM32L5xx_HAL_Driver/Src/stm32l5xx_hal_mmc.c:3686:17:MMC_SendStatus	24	static
../Drivers/STM32L5xx_HAL_Driver/Src/stm32l5xx_hal_mmc.c:3716:26:MMC_ReadExtCSD	72	static
../Drivers/STM32L5xx_HAL_Driver/Src/stm32l5xx_hal_mmc.c:3832:13:MMC_Read_IT	32	static
../Drivers/STM32L5xx_HAL_Driver/Src/stm32l5xx_hal_mmc.c:3867:13:MMC_Write_IT	32	static
../Drivers/STM32L5xx_HAL_Driver/Src/stm32l5xx_hal_mmc.c:3902:17:MMC_HighSpeed	72	static
../Drivers/STM32L5xx_HAL_Driver/Src/stm32l5xx_hal_mmc.c:4015:17:MMC_DDR_Mode	32	static
../Drivers/STM32L5xx_HAL_Driver/Src/stm32l5xx_hal_mmc.c:4123:17:MMC_PwrClassUpdate	48	static
../Drivers/STM32L5xx_HAL_Driver/Src/stm32l5xx_hal_mmc.c:4225:13:HAL_MMCEx_Read_DMADoubleBuf0CpltCallback	16	static
../Drivers/STM32L5xx_HAL_Driver/Src/stm32l5xx_hal_mmc.c:4240:13:HAL_MMCEx_Read_DMADoubleBuf1CpltCallback	16	static
../Drivers/STM32L5xx_HAL_Driver/Src/stm32l5xx_hal_mmc.c:4255:13:HAL_MMCEx_Write_DMADoubleBuf0CpltCallback	16	static
../Drivers/STM32L5xx_HAL_Driver/Src/stm32l5xx_hal_mmc.c:4270:13:HAL_MMCEx_Write_DMADoubleBuf1CpltCallback	16	static
